[0.022s] Invoking command in '/home/cxz/go2_ws/build/m20_config': CMAKE_PREFIX_PATH=${CMAKE_PREFIX_PATH}:/opt/ros/humble /usr/bin/cmake --build /home/cxz/go2_ws/build/m20_config -- -j32 -l32
[0.062s] Invoked command in '/home/cxz/go2_ws/build/m20_config' returned '0': CMAKE_PREFIX_PATH=${CMAKE_PREFIX_PATH}:/opt/ros/humble /usr/bin/cmake --build /home/cxz/go2_ws/build/m20_config -- -j32 -l32
[0.064s] Invoking command in '/home/cxz/go2_ws/build/m20_config': CMAKE_PREFIX_PATH=${CMAKE_PREFIX_PATH}:/opt/ros/humble /usr/bin/cmake --install /home/cxz/go2_ws/build/m20_config
[0.096s] -- Install configuration: ""
[0.097s] -- Execute custom install script
[0.097s] -- Up-to-date symlink: /home/cxz/go2_ws/install/m20_config/share/m20_config/launch/bringup.launch.py
[0.097s] -- Up-to-date symlink: /home/cxz/go2_ws/install/m20_config/share/m20_config/launch/gazebo.launch.py
[0.097s] -- Up-to-date symlink: /home/cxz/go2_ws/install/m20_config/share/m20_config/launch/gazebo_velodyne.launch.py
[0.097s] -- Up-to-date symlink: /home/cxz/go2_ws/install/m20_config/share/m20_config/launch/navigate.launch.py
[0.098s] -- Up-to-date symlink: /home/cxz/go2_ws/install/m20_config/share/m20_config/launch/slam.launch.py
[0.098s] -- Up-to-date symlink: /home/cxz/go2_ws/install/m20_config/share/m20_config/config/autonomy/navigation.yaml
[0.098s] -- Up-to-date symlink: /home/cxz/go2_ws/install/m20_config/share/m20_config/config/autonomy/slam.yaml
[0.098s] -- Up-to-date symlink: /home/cxz/go2_ws/install/m20_config/share/m20_config/config/gait/gait copy.yaml
[0.098s] -- Up-to-date symlink: /home/cxz/go2_ws/install/m20_config/share/m20_config/config/gait/gait.yaml
[0.098s] -- Up-to-date symlink: /home/cxz/go2_ws/install/m20_config/share/m20_config/config/joints/joints.yaml
[0.098s] -- Up-to-date symlink: /home/cxz/go2_ws/install/m20_config/share/m20_config/config/links/links.yaml
[0.098s] -- Up-to-date symlink: /home/cxz/go2_ws/install/m20_config/share/m20_config/config/ros_control/ros_control.yaml
[0.098s] -- Up-to-date symlink: /home/cxz/go2_ws/install/m20_config/share/m20_config/maps/map.pgm
[0.099s] -- Up-to-date symlink: /home/cxz/go2_ws/install/m20_config/share/m20_config/maps/map.yaml
[0.099s] -- Up-to-date symlink: /home/cxz/go2_ws/install/m20_config/share/m20_config/maps/playground.pgm
[0.099s] -- Up-to-date symlink: /home/cxz/go2_ws/install/m20_config/share/m20_config/maps/playground.yaml
[0.099s] -- Up-to-date symlink: /home/cxz/go2_ws/install/m20_config/share/m20_config/worlds/default.world
[0.099s] -- Up-to-date symlink: /home/cxz/go2_ws/install/m20_config/share/m20_config/worlds/outdoor.world
[0.099s] -- Up-to-date symlink: /home/cxz/go2_ws/install/m20_config/share/m20_config/worlds/playground.world
[0.099s] -- Up-to-date symlink: /home/cxz/go2_ws/install/m20_config/share/ament_index/resource_index/package_run_dependencies/m20_config
[0.099s] -- Up-to-date symlink: /home/cxz/go2_ws/install/m20_config/share/ament_index/resource_index/parent_prefix_path/m20_config
[0.100s] -- Up-to-date symlink: /home/cxz/go2_ws/install/m20_config/share/m20_config/environment/ament_prefix_path.sh
[0.101s] -- Up-to-date symlink: /home/cxz/go2_ws/install/m20_config/share/m20_config/environment/ament_prefix_path.dsv
[0.101s] -- Up-to-date symlink: /home/cxz/go2_ws/install/m20_config/share/m20_config/environment/path.sh
[0.101s] -- Up-to-date symlink: /home/cxz/go2_ws/install/m20_config/share/m20_config/environment/path.dsv
[0.101s] -- Up-to-date symlink: /home/cxz/go2_ws/install/m20_config/share/m20_config/local_setup.bash
[0.102s] -- Up-to-date symlink: /home/cxz/go2_ws/install/m20_config/share/m20_config/local_setup.sh
[0.102s] -- Up-to-date symlink: /home/cxz/go2_ws/install/m20_config/share/m20_config/local_setup.zsh
[0.102s] -- Up-to-date symlink: /home/cxz/go2_ws/install/m20_config/share/m20_config/local_setup.dsv
[0.102s] -- Symlinking: /home/cxz/go2_ws/install/m20_config/share/m20_config/package.dsv
[0.103s] -- Up-to-date symlink: /home/cxz/go2_ws/install/m20_config/share/ament_index/resource_index/packages/m20_config
[0.103s] -- Up-to-date symlink: /home/cxz/go2_ws/install/m20_config/share/m20_config/cmake/m20_configConfig.cmake
[0.103s] -- Up-to-date symlink: /home/cxz/go2_ws/install/m20_config/share/m20_config/cmake/m20_configConfig-version.cmake
[0.103s] -- Up-to-date symlink: /home/cxz/go2_ws/install/m20_config/share/m20_config/package.xml
[0.158s] Invoked command in '/home/cxz/go2_ws/build/m20_config' returned '0': CMAKE_PREFIX_PATH=${CMAKE_PREFIX_PATH}:/opt/ros/humble /usr/bin/cmake --install /home/cxz/go2_ws/build/m20_config
