[0.021s] Invoking command in '/home/cxz/go2_ws/build/go2_config': CMAKE_PREFIX_PATH=${CMAKE_PREFIX_PATH}:/opt/ros/humble /usr/bin/cmake /home/cxz/go2_ws/src/unitree-go2-ros2/robots/configs/go2_config -DCMAKE_INSTALL_PREFIX=/home/cxz/go2_ws/install/go2_config
[0.069s] -- The C compiler identification is GNU 11.4.0
[0.117s] -- The CXX compiler identification is GNU 11.4.0
[0.122s] -- Detecting C compiler ABI info
[0.173s] -- Detecting C compiler ABI info - done
[0.180s] -- Check for working C compiler: /usr/bin/cc - skipped
[0.180s] -- Detecting C compile features
[0.180s] -- Detecting C compile features - done
[0.183s] -- Detecting CXX compiler ABI info
[0.242s] -- Detecting CXX compiler ABI info - done
[0.247s] -- Check for working CXX compiler: /usr/bin/c++ - skipped
[0.247s] -- Detecting CXX compile features
[0.248s] -- Detecting CXX compile features - done
[0.250s] -- Found ament_cmake: 1.3.14 (/opt/ros/humble/share/ament_cmake/cmake)
[0.367s] -- Found Python3: /usr/bin/python3 (found version "3.10.12") found components: Interpreter 
[0.478s] -- Configuring done
[0.480s] -- Generating done
[0.480s] -- Build files have been written to: /home/cxz/go2_ws/build/go2_config
[0.499s] Invoked command in '/home/cxz/go2_ws/build/go2_config' returned '0': CMAKE_PREFIX_PATH=${CMAKE_PREFIX_PATH}:/opt/ros/humble /usr/bin/cmake /home/cxz/go2_ws/src/unitree-go2-ros2/robots/configs/go2_config -DCMAKE_INSTALL_PREFIX=/home/cxz/go2_ws/install/go2_config
[0.500s] Invoking command in '/home/cxz/go2_ws/build/go2_config': CMAKE_PREFIX_PATH=${CMAKE_PREFIX_PATH}:/opt/ros/humble /usr/bin/cmake --build /home/cxz/go2_ws/build/go2_config -- -j32 -l32
[0.551s] Invoked command in '/home/cxz/go2_ws/build/go2_config' returned '0': CMAKE_PREFIX_PATH=${CMAKE_PREFIX_PATH}:/opt/ros/humble /usr/bin/cmake --build /home/cxz/go2_ws/build/go2_config -- -j32 -l32
[0.552s] Invoking command in '/home/cxz/go2_ws/build/go2_config': CMAKE_PREFIX_PATH=${CMAKE_PREFIX_PATH}:/opt/ros/humble /usr/bin/cmake --install /home/cxz/go2_ws/build/go2_config
[0.558s] -- Install configuration: ""
[0.558s] -- Installing: /home/cxz/go2_ws/install/go2_config/share/go2_config/launch
[0.558s] -- Installing: /home/cxz/go2_ws/install/go2_config/share/go2_config/launch/navigate.launch.py
[0.558s] -- Installing: /home/cxz/go2_ws/install/go2_config/share/go2_config/launch/bringup.launch.py
[0.558s] -- Installing: /home/cxz/go2_ws/install/go2_config/share/go2_config/launch/gazebo.launch.py
[0.558s] -- Installing: /home/cxz/go2_ws/install/go2_config/share/go2_config/launch/gazebo_velodyne.launch.py
[0.558s] -- Installing: /home/cxz/go2_ws/install/go2_config/share/go2_config/launch/slam.launch.py
[0.558s] -- Installing: /home/cxz/go2_ws/install/go2_config/share/go2_config/config
[0.558s] -- Installing: /home/cxz/go2_ws/install/go2_config/share/go2_config/config/joints
[0.558s] -- Installing: /home/cxz/go2_ws/install/go2_config/share/go2_config/config/joints/joints.yaml
[0.558s] -- Installing: /home/cxz/go2_ws/install/go2_config/share/go2_config/config/ros_control
[0.558s] -- Installing: /home/cxz/go2_ws/install/go2_config/share/go2_config/config/ros_control/ros_control.yaml
[0.558s] -- Installing: /home/cxz/go2_ws/install/go2_config/share/go2_config/config/gait
[0.558s] -- Installing: /home/cxz/go2_ws/install/go2_config/share/go2_config/config/gait/gait.yaml
[0.558s] -- Installing: /home/cxz/go2_ws/install/go2_config/share/go2_config/config/links
[0.559s] -- Installing: /home/cxz/go2_ws/install/go2_config/share/go2_config/config/links/links.yaml
[0.559s] -- Installing: /home/cxz/go2_ws/install/go2_config/share/go2_config/config/autonomy
[0.559s] -- Installing: /home/cxz/go2_ws/install/go2_config/share/go2_config/config/autonomy/slam.yaml
[0.559s] -- Installing: /home/cxz/go2_ws/install/go2_config/share/go2_config/config/autonomy/navigation.yaml
[0.559s] -- Installing: /home/cxz/go2_ws/install/go2_config/share/go2_config/maps
[0.559s] -- Installing: /home/cxz/go2_ws/install/go2_config/share/go2_config/maps/playground.yaml
[0.559s] -- Installing: /home/cxz/go2_ws/install/go2_config/share/go2_config/maps/map.yaml
[0.559s] -- Installing: /home/cxz/go2_ws/install/go2_config/share/go2_config/maps/playground.pgm
[0.559s] -- Installing: /home/cxz/go2_ws/install/go2_config/share/go2_config/maps/map.pgm
[0.562s] -- Installing: /home/cxz/go2_ws/install/go2_config/share/go2_config/worlds
[0.562s] -- Installing: /home/cxz/go2_ws/install/go2_config/share/go2_config/worlds/outdoor.world
[0.563s] -- Installing: /home/cxz/go2_ws/install/go2_config/share/go2_config/worlds/default.world
[0.563s] -- Installing: /home/cxz/go2_ws/install/go2_config/share/go2_config/worlds/playground.world
[0.563s] -- Installing: /home/cxz/go2_ws/install/go2_config/share/ament_index/resource_index/package_run_dependencies/go2_config
[0.563s] -- Installing: /home/cxz/go2_ws/install/go2_config/share/ament_index/resource_index/parent_prefix_path/go2_config
[0.563s] -- Installing: /home/cxz/go2_ws/install/go2_config/share/go2_config/environment/ament_prefix_path.sh
[0.563s] -- Installing: /home/cxz/go2_ws/install/go2_config/share/go2_config/environment/ament_prefix_path.dsv
[0.563s] -- Installing: /home/cxz/go2_ws/install/go2_config/share/go2_config/environment/path.sh
[0.563s] -- Installing: /home/cxz/go2_ws/install/go2_config/share/go2_config/environment/path.dsv
[0.563s] -- Installing: /home/cxz/go2_ws/install/go2_config/share/go2_config/local_setup.bash
[0.564s] -- Installing: /home/cxz/go2_ws/install/go2_config/share/go2_config/local_setup.sh
[0.564s] -- Installing: /home/cxz/go2_ws/install/go2_config/share/go2_config/local_setup.zsh
[0.564s] -- Installing: /home/cxz/go2_ws/install/go2_config/share/go2_config/local_setup.dsv
[0.564s] -- Installing: /home/cxz/go2_ws/install/go2_config/share/go2_config/package.dsv
[0.564s] -- Installing: /home/cxz/go2_ws/install/go2_config/share/ament_index/resource_index/packages/go2_config
[0.564s] -- Installing: /home/cxz/go2_ws/install/go2_config/share/go2_config/cmake/go2_configConfig.cmake
[0.564s] -- Installing: /home/cxz/go2_ws/install/go2_config/share/go2_config/cmake/go2_configConfig-version.cmake
[0.564s] -- Installing: /home/cxz/go2_ws/install/go2_config/share/go2_config/package.xml
[0.566s] Invoked command in '/home/cxz/go2_ws/build/go2_config' returned '0': CMAKE_PREFIX_PATH=${CMAKE_PREFIX_PATH}:/opt/ros/humble /usr/bin/cmake --install /home/cxz/go2_ws/build/go2_config
