[0.026s] Invoking command in '/home/cxz/go2_ws/build/champ_description': CMAKE_PREFIX_PATH=${CMAKE_PREFIX_PATH}:/opt/ros/humble /usr/bin/cmake /home/cxz/go2_ws/src/unitree-go2-ros2/champ/champ_description -DCMAKE_INSTALL_PREFIX=/home/cxz/go2_ws/install/champ_description
[0.062s] -- The C compiler identification is GNU 11.4.0
[0.108s] -- The CXX compiler identification is GNU 11.4.0
[0.113s] -- Detecting C compiler ABI info
[0.159s] -- Detecting C compiler ABI info - done
[0.165s] -- Check for working C compiler: /usr/bin/cc - skipped
[0.165s] -- Detecting C compile features
[0.165s] -- Detecting C compile features - done
[0.168s] -- Detecting CXX compiler ABI info
[0.217s] -- Detecting CXX compiler ABI info - done
[0.222s] -- Check for working CXX compiler: /usr/bin/c++ - skipped
[0.223s] -- Detecting CXX compile features
[0.223s] -- Detecting CXX compile features - done
[0.225s] -- Found ament_cmake: 1.3.14 (/opt/ros/humble/share/ament_cmake/cmake)
[0.337s] -- Found Python3: /usr/bin/python3 (found version "3.10.12") found components: Interpreter 
[0.400s] -- Found ament_lint_auto: 0.12.15 (/opt/ros/humble/share/ament_lint_auto/cmake)
[0.441s] -- Configuring done
[0.443s] -- Generating done
[0.444s] -- Build files have been written to: /home/cxz/go2_ws/build/champ_description
[0.448s] Invoked command in '/home/cxz/go2_ws/build/champ_description' returned '0': CMAKE_PREFIX_PATH=${CMAKE_PREFIX_PATH}:/opt/ros/humble /usr/bin/cmake /home/cxz/go2_ws/src/unitree-go2-ros2/champ/champ_description -DCMAKE_INSTALL_PREFIX=/home/cxz/go2_ws/install/champ_description
[0.453s] Invoking command in '/home/cxz/go2_ws/build/champ_description': CMAKE_PREFIX_PATH=${CMAKE_PREFIX_PATH}:/opt/ros/humble /usr/bin/cmake --build /home/cxz/go2_ws/build/champ_description -- -j32 -l32
[0.481s] Invoked command in '/home/cxz/go2_ws/build/champ_description' returned '0': CMAKE_PREFIX_PATH=${CMAKE_PREFIX_PATH}:/opt/ros/humble /usr/bin/cmake --build /home/cxz/go2_ws/build/champ_description -- -j32 -l32
[0.489s] Invoking command in '/home/cxz/go2_ws/build/champ_description': CMAKE_PREFIX_PATH=${CMAKE_PREFIX_PATH}:/opt/ros/humble /usr/bin/cmake --install /home/cxz/go2_ws/build/champ_description
[0.494s] -- Install configuration: ""
[0.494s] -- Installing: /home/cxz/go2_ws/install/champ_description/share/champ_description/launch
[0.495s] -- Installing: /home/cxz/go2_ws/install/champ_description/share/champ_description/launch/description.launch.py
[0.495s] -- Installing: /home/cxz/go2_ws/install/champ_description/share/champ_description/launch/description.launch
[0.495s] -- Installing: /home/cxz/go2_ws/install/champ_description/share/champ_description/launch/view_urdf.launch
[0.495s] -- Installing: /home/cxz/go2_ws/install/champ_description/share/champ_description/rviz
[0.495s] -- Installing: /home/cxz/go2_ws/install/champ_description/share/champ_description/rviz/urdf_viewer.rviz
[0.495s] -- Installing: /home/cxz/go2_ws/install/champ_description/share/champ_description/meshes
[0.495s] -- Installing: /home/cxz/go2_ws/install/champ_description/share/champ_description/meshes/arm
[0.495s] -- Installing: /home/cxz/go2_ws/install/champ_description/share/champ_description/meshes/arm/wrist1.stl
[0.495s] -- Installing: /home/cxz/go2_ws/install/champ_description/share/champ_description/meshes/arm/base.stl
[0.496s] -- Installing: /home/cxz/go2_ws/install/champ_description/share/champ_description/meshes/arm/lower_arm.stl
[0.497s] -- Installing: /home/cxz/go2_ws/install/champ_description/share/champ_description/meshes/arm/upper_arm.stl
[0.497s] -- Installing: /home/cxz/go2_ws/install/champ_description/share/champ_description/meshes/arm/wrist2.stl
[0.497s] -- Installing: /home/cxz/go2_ws/install/champ_description/share/champ_description/meshes/base_simple.stl
[0.497s] -- Installing: /home/cxz/go2_ws/install/champ_description/share/champ_description/meshes/base.stl
[0.497s] -- Installing: /home/cxz/go2_ws/install/champ_description/share/champ_description/meshes/upper_leg.stl
[0.497s] -- Installing: /home/cxz/go2_ws/install/champ_description/share/champ_description/meshes/hip.stl
[0.498s] -- Installing: /home/cxz/go2_ws/install/champ_description/share/champ_description/meshes/hokuyo_utm_30lx.dae
[0.499s] -- Installing: /home/cxz/go2_ws/install/champ_description/share/champ_description/meshes/asus_camera_simple.dae
[0.499s] -- Installing: /home/cxz/go2_ws/install/champ_description/share/champ_description/meshes/upper_leg_simple.stl
[0.500s] -- Installing: /home/cxz/go2_ws/install/champ_description/share/champ_description/meshes/lower_leg.stl
[0.500s] -- Installing: /home/cxz/go2_ws/install/champ_description/share/champ_description/meshes/lower_leg_simple.stl
[0.500s] -- Installing: /home/cxz/go2_ws/install/champ_description/share/champ_description/urdf
[0.500s] -- Installing: /home/cxz/go2_ws/install/champ_description/share/champ_description/urdf/champ_velodyne.urdf
[0.500s] -- Installing: /home/cxz/go2_ws/install/champ_description/share/champ_description/urdf/leg.urdf.xacro
[0.500s] -- Installing: /home/cxz/go2_ws/install/champ_description/share/champ_description/urdf/champ_arm.urdf
[0.500s] -- Installing: /home/cxz/go2_ws/install/champ_description/share/champ_description/urdf/accessories.urdf.xacro
[0.500s] -- Installing: /home/cxz/go2_ws/install/champ_description/share/champ_description/urdf/properties.urdf.xacro
[0.501s] -- Installing: /home/cxz/go2_ws/install/champ_description/share/champ_description/urdf/champ.urdf
[0.501s] -- Installing: /home/cxz/go2_ws/install/champ_description/share/champ_description/urdf/champ.urdf.xacro
[0.501s] -- Installing: /home/cxz/go2_ws/install/champ_description/share/champ_description/urdf/asus_camera.urdf.xacro
[0.501s] -- Installing: /home/cxz/go2_ws/install/champ_description/share/champ_description/urdf/gen_urdf
[0.501s] -- Installing: /home/cxz/go2_ws/install/champ_description/share/champ_description/urdf/hokuyo_utm30lx.urdf.xacro
[0.501s] -- Installing: /home/cxz/go2_ws/install/champ_description/share/ament_index/resource_index/package_run_dependencies/champ_description
[0.502s] -- Installing: /home/cxz/go2_ws/install/champ_description/share/ament_index/resource_index/parent_prefix_path/champ_description
[0.502s] -- Installing: /home/cxz/go2_ws/install/champ_description/share/champ_description/environment/ament_prefix_path.sh
[0.502s] -- Installing: /home/cxz/go2_ws/install/champ_description/share/champ_description/environment/ament_prefix_path.dsv
[0.502s] -- Installing: /home/cxz/go2_ws/install/champ_description/share/champ_description/environment/path.sh
[0.503s] -- Installing: /home/cxz/go2_ws/install/champ_description/share/champ_description/environment/path.dsv
[0.503s] -- Installing: /home/cxz/go2_ws/install/champ_description/share/champ_description/local_setup.bash
[0.503s] -- Installing: /home/cxz/go2_ws/install/champ_description/share/champ_description/local_setup.sh
[0.503s] -- Installing: /home/cxz/go2_ws/install/champ_description/share/champ_description/local_setup.zsh
[0.503s] -- Installing: /home/cxz/go2_ws/install/champ_description/share/champ_description/local_setup.dsv
[0.503s] -- Installing: /home/cxz/go2_ws/install/champ_description/share/champ_description/package.dsv
[0.503s] -- Installing: /home/cxz/go2_ws/install/champ_description/share/ament_index/resource_index/packages/champ_description
[0.503s] -- Installing: /home/cxz/go2_ws/install/champ_description/share/champ_description/cmake/champ_descriptionConfig.cmake
[0.503s] -- Installing: /home/cxz/go2_ws/install/champ_description/share/champ_description/cmake/champ_descriptionConfig-version.cmake
[0.503s] -- Installing: /home/cxz/go2_ws/install/champ_description/share/champ_description/package.xml
[0.511s] Invoked command in '/home/cxz/go2_ws/build/champ_description' returned '0': CMAKE_PREFIX_PATH=${CMAKE_PREFIX_PATH}:/opt/ros/humble /usr/bin/cmake --install /home/cxz/go2_ws/build/champ_description
