-- Install configuration: ""
-- Up-to-date: /home/cxz/go2_ws/install/go2_description/share/go2_description/config
-- Up-to-date: /home/cxz/go2_ws/install/go2_description/share/go2_description/config/_robot_control.yaml
-- Up-to-date: /home/cxz/go2_ws/install/go2_description/share/go2_description/config/_joint_names_go2_description.yaml
-- Up-to-date: /home/cxz/go2_ws/install/go2_description/share/go2_description/config/ros_control
-- Up-to-date: /home/cxz/go2_ws/install/go2_description/share/go2_description/config/ros_control/ros_control.yaml
-- Up-to-date: /home/cxz/go2_ws/install/go2_description/share/go2_description/dae
-- Up-to-date: /home/cxz/go2_ws/install/go2_description/share/go2_description/dae/base.dae
-- Up-to-date: /home/cxz/go2_ws/install/go2_description/share/go2_description/dae/calf_mirror.dae
-- Up-to-date: /home/cxz/go2_ws/install/go2_description/share/go2_description/dae/calf.dae
-- Up-to-date: /home/cxz/go2_ws/install/go2_description/share/go2_description/dae/thigh.dae
-- Up-to-date: /home/cxz/go2_ws/install/go2_description/share/go2_description/dae/foot.dae
-- Up-to-date: /home/cxz/go2_ws/install/go2_description/share/go2_description/dae/thigh_mirror.dae
-- Up-to-date: /home/cxz/go2_ws/install/go2_description/share/go2_description/dae/hip.dae
-- Up-to-date: /home/cxz/go2_ws/install/go2_description/share/go2_description/launch
-- Up-to-date: /home/cxz/go2_ws/install/go2_description/share/go2_description/launch/description.launch.py
-- Up-to-date: /home/cxz/go2_ws/install/go2_description/share/go2_description/meshes
-- Up-to-date: /home/cxz/go2_ws/install/go2_description/share/go2_description/meshes/calf_mirror.dae
-- Up-to-date: /home/cxz/go2_ws/install/go2_description/share/go2_description/meshes/calf.dae
-- Up-to-date: /home/cxz/go2_ws/install/go2_description/share/go2_description/meshes/hokuyo.dae
-- Up-to-date: /home/cxz/go2_ws/install/go2_description/share/go2_description/meshes/thigh.dae
-- Up-to-date: /home/cxz/go2_ws/install/go2_description/share/go2_description/meshes/trunk.dae
-- Up-to-date: /home/cxz/go2_ws/install/go2_description/share/go2_description/meshes/foot.dae
-- Up-to-date: /home/cxz/go2_ws/install/go2_description/share/go2_description/meshes/thigh_mirror.dae
-- Up-to-date: /home/cxz/go2_ws/install/go2_description/share/go2_description/meshes/hip.dae
-- Up-to-date: /home/cxz/go2_ws/install/go2_description/share/go2_description/urdf
-- Up-to-date: /home/cxz/go2_ws/install/go2_description/share/go2_description/urdf/.history
-- Up-to-date: /home/cxz/go2_ws/install/go2_description/share/go2_description/urdf/.history/go2_description_20230905113059.urdf
-- Up-to-date: /home/cxz/go2_ws/install/go2_description/share/go2_description/urdf/.history/go2_description_20230905115226.urdf
-- Up-to-date: /home/cxz/go2_ws/install/go2_description/share/go2_description/urdf/.history/go2_description_20230905113000.urdf
-- Up-to-date: /home/cxz/go2_ws/install/go2_description/share/go2_description/urdf/.history/go2_description_20230905113839.urdf
-- Up-to-date: /home/cxz/go2_ws/install/go2_description/share/go2_description/urdf/.history/go2_description_20230905115215.urdf
-- Up-to-date: /home/cxz/go2_ws/install/go2_description/share/go2_description/urdf/.history/go2_description_20230905115022.urdf
-- Up-to-date: /home/cxz/go2_ws/install/go2_description/share/go2_description/urdf/.history/go2_description_20230905115300.urdf
-- Up-to-date: /home/cxz/go2_ws/install/go2_description/share/go2_description/urdf/.history/go2_description_20230904193710.urdf
-- Up-to-date: /home/cxz/go2_ws/install/go2_description/share/go2_description/urdf/.history/go2_description_20230904182446.urdf
-- Up-to-date: /home/cxz/go2_ws/install/go2_description/share/go2_description/urdf/.history/go2_description_20230904193628.urdf
-- Up-to-date: /home/cxz/go2_ws/install/go2_description/share/go2_description/urdf/.history/go2_description_20230905112047.urdf
-- Up-to-date: /home/cxz/go2_ws/install/go2_description/share/go2_description/urdf/.history/go2_description_20230904193653.urdf
-- Up-to-date: /home/cxz/go2_ws/install/go2_description/share/go2_description/urdf/.history/go2_description_20230905115313.urdf
-- Up-to-date: /home/cxz/go2_ws/install/go2_description/share/go2_description/urdf/.history/go2_description_20230905112749.urdf
-- Up-to-date: /home/cxz/go2_ws/install/go2_description/share/go2_description/urdf/.history/go2_description_20230905113754.urdf
-- Up-to-date: /home/cxz/go2_ws/install/go2_description/share/go2_description/urdf/.history/go2_description_20230905112143.urdf
-- Up-to-date: /home/cxz/go2_ws/install/go2_description/share/go2_description/urdf/.history/go2_description_20230905115021.urdf
-- Up-to-date: /home/cxz/go2_ws/install/go2_description/share/go2_description/urdf/.history/go2_description_20230904193644.urdf
-- Up-to-date: /home/cxz/go2_ws/install/go2_description/share/go2_description/urdf/.history/go2_description_20230905115040.urdf
-- Up-to-date: /home/cxz/go2_ws/install/go2_description/share/go2_description/urdf/.history/go2_description_20230905112735.urdf
-- Up-to-date: /home/cxz/go2_ws/install/go2_description/share/go2_description/urdf/.history/go2_description_20230905114759.urdf
-- Up-to-date: /home/cxz/go2_ws/install/go2_description/share/go2_description/urdf/.history/go2_description_20230905113840.urdf
-- Up-to-date: /home/cxz/go2_ws/install/go2_description/share/go2_description/urdf/.history/go2_description_20230905112217.urdf
-- Up-to-date: /home/cxz/go2_ws/install/go2_description/share/go2_description/urdf/.history/go2_description_20230904193711.urdf
-- Up-to-date: /home/cxz/go2_ws/install/go2_description/share/go2_description/urdf/.history/go2_description_20230905113633.urdf
-- Up-to-date: /home/cxz/go2_ws/install/go2_description/share/go2_description/urdf/.history/go2_description_20230905114819.urdf
-- Up-to-date: /home/cxz/go2_ws/install/go2_description/share/go2_description/urdf/.history/go2_description_20230905112944.urdf
-- Up-to-date: /home/cxz/go2_ws/install/go2_description/share/go2_description/urdf/.history/go2_description_20230905112752.urdf
-- Up-to-date: /home/cxz/go2_ws/install/go2_description/share/go2_description/urdf/.history/go2_description_20230904144240.urdf
-- Up-to-date: /home/cxz/go2_ws/install/go2_description/share/go2_description/urdf/.history/go2_description_20230905113755.urdf
-- Up-to-date: /home/cxz/go2_ws/install/go2_description/share/go2_description/urdf/.history/go2_description_20230904193705.urdf
-- Up-to-date: /home/cxz/go2_ws/install/go2_description/share/go2_description/urdf/go2_description.urdf
-- Up-to-date: /home/cxz/go2_ws/install/go2_description/share/go2_description/urdf/Amended_collision_model.png
-- Up-to-date: /home/cxz/go2_ws/install/go2_description/share/go2_description/urdf/Normal_collision_model.png
-- Up-to-date: /home/cxz/go2_ws/install/go2_description/share/go2_description/xacro
-- Up-to-date: /home/cxz/go2_ws/install/go2_description/share/go2_description/xacro/velodyne.xacro
-- Up-to-date: /home/cxz/go2_ws/install/go2_description/share/go2_description/xacro/laser.xacro
-- Up-to-date: /home/cxz/go2_ws/install/go2_description/share/go2_description/xacro/transmission.xacro
-- Up-to-date: /home/cxz/go2_ws/install/go2_description/share/go2_description/xacro/const.xacro
-- Up-to-date: /home/cxz/go2_ws/install/go2_description/share/go2_description/xacro/leg.xacro
-- Up-to-date: /home/cxz/go2_ws/install/go2_description/share/go2_description/xacro/materials.xacro
-- Up-to-date: /home/cxz/go2_ws/install/go2_description/share/go2_description/xacro/robot.xacro
-- Up-to-date: /home/cxz/go2_ws/install/go2_description/share/go2_description/xacro/gazebo.xacro
-- Up-to-date: /home/cxz/go2_ws/install/go2_description/share/go2_description/xacro/robot_VLP.xacro
-- Up-to-date: /home/cxz/go2_ws/install/go2_description/share/ament_index/resource_index/package_run_dependencies/go2_description
-- Up-to-date: /home/cxz/go2_ws/install/go2_description/share/ament_index/resource_index/parent_prefix_path/go2_description
-- Up-to-date: /home/cxz/go2_ws/install/go2_description/share/go2_description/environment/ament_prefix_path.sh
-- Up-to-date: /home/cxz/go2_ws/install/go2_description/share/go2_description/environment/ament_prefix_path.dsv
-- Up-to-date: /home/cxz/go2_ws/install/go2_description/share/go2_description/environment/path.sh
-- Up-to-date: /home/cxz/go2_ws/install/go2_description/share/go2_description/environment/path.dsv
-- Up-to-date: /home/cxz/go2_ws/install/go2_description/share/go2_description/local_setup.bash
-- Up-to-date: /home/cxz/go2_ws/install/go2_description/share/go2_description/local_setup.sh
-- Up-to-date: /home/cxz/go2_ws/install/go2_description/share/go2_description/local_setup.zsh
-- Up-to-date: /home/cxz/go2_ws/install/go2_description/share/go2_description/local_setup.dsv
-- Installing: /home/cxz/go2_ws/install/go2_description/share/go2_description/package.dsv
-- Up-to-date: /home/cxz/go2_ws/install/go2_description/share/ament_index/resource_index/packages/go2_description
-- Up-to-date: /home/cxz/go2_ws/install/go2_description/share/go2_description/cmake/go2_descriptionConfig.cmake
-- Up-to-date: /home/cxz/go2_ws/install/go2_description/share/go2_description/cmake/go2_descriptionConfig-version.cmake
-- Up-to-date: /home/cxz/go2_ws/install/go2_description/share/go2_description/package.xml
