[0.035s] Invoking command in '/home/cxz/go2_ws/build/champ_config': CMAKE_PREFIX_PATH=${CMAKE_PREFIX_PATH}:/opt/ros/humble /usr/bin/cmake --build /home/cxz/go2_ws/build/champ_config -- -j32 -l32
[0.071s] Invoked command in '/home/cxz/go2_ws/build/champ_config' returned '0': CMAKE_PREFIX_PATH=${CMAKE_PREFIX_PATH}:/opt/ros/humble /usr/bin/cmake --build /home/cxz/go2_ws/build/champ_config -- -j32 -l32
[0.072s] Invoking command in '/home/cxz/go2_ws/build/champ_config': CMAKE_PREFIX_PATH=${CMAKE_PREFIX_PATH}:/opt/ros/humble /usr/bin/cmake --install /home/cxz/go2_ws/build/champ_config
[0.090s] -- Install configuration: ""
[0.090s] -- Up-to-date: /home/cxz/go2_ws/install/champ_config/share/champ_config/launch
[0.091s] -- Up-to-date: /home/cxz/go2_ws/install/champ_config/share/champ_config/launch/navigate.launch.py
[0.091s] -- Up-to-date: /home/cxz/go2_ws/install/champ_config/share/champ_config/launch/bringup.launch.py
[0.091s] -- Up-to-date: /home/cxz/go2_ws/install/champ_config/share/champ_config/launch/gazebo.launch.py
[0.094s] -- Up-to-date: /home/cxz/go2_ws/install/champ_config/share/champ_config/launch/slam.launch.py
[0.095s] -- Up-to-date: /home/cxz/go2_ws/install/champ_config/share/champ_config/config
[0.095s] -- Up-to-date: /home/cxz/go2_ws/install/champ_config/share/champ_config/config/joints
[0.095s] -- Up-to-date: /home/cxz/go2_ws/install/champ_config/share/champ_config/config/joints/joints.yaml
[0.095s] -- Up-to-date: /home/cxz/go2_ws/install/champ_config/share/champ_config/config/gait
[0.095s] -- Up-to-date: /home/cxz/go2_ws/install/champ_config/share/champ_config/config/gait/gait.yaml
[0.096s] -- Up-to-date: /home/cxz/go2_ws/install/champ_config/share/champ_config/config/links
[0.096s] -- Up-to-date: /home/cxz/go2_ws/install/champ_config/share/champ_config/config/links/links.yaml
[0.096s] -- Up-to-date: /home/cxz/go2_ws/install/champ_config/share/champ_config/config/autonomy
[0.096s] -- Up-to-date: /home/cxz/go2_ws/install/champ_config/share/champ_config/config/autonomy/slam.yaml
[0.096s] -- Up-to-date: /home/cxz/go2_ws/install/champ_config/share/champ_config/config/autonomy/navigation.yaml
[0.096s] -- Up-to-date: /home/cxz/go2_ws/install/champ_config/share/champ_config/maps
[0.096s] -- Up-to-date: /home/cxz/go2_ws/install/champ_config/share/champ_config/maps/playground.yaml
[0.096s] -- Up-to-date: /home/cxz/go2_ws/install/champ_config/share/champ_config/maps/map.yaml
[0.096s] -- Up-to-date: /home/cxz/go2_ws/install/champ_config/share/champ_config/maps/playground.pgm
[0.097s] -- Up-to-date: /home/cxz/go2_ws/install/champ_config/share/champ_config/maps/map.pgm
[0.097s] -- Up-to-date: /home/cxz/go2_ws/install/champ_config/share/champ_config/worlds
[0.097s] -- Up-to-date: /home/cxz/go2_ws/install/champ_config/share/champ_config/worlds/outdoor.world
[0.097s] -- Up-to-date: /home/cxz/go2_ws/install/champ_config/share/champ_config/worlds/default.world
[0.097s] -- Up-to-date: /home/cxz/go2_ws/install/champ_config/share/champ_config/worlds/playground.world
[0.098s] -- Up-to-date: /home/cxz/go2_ws/install/champ_config/share/ament_index/resource_index/package_run_dependencies/champ_config
[0.098s] -- Up-to-date: /home/cxz/go2_ws/install/champ_config/share/ament_index/resource_index/parent_prefix_path/champ_config
[0.099s] -- Up-to-date: /home/cxz/go2_ws/install/champ_config/share/champ_config/environment/ament_prefix_path.sh
[0.099s] -- Up-to-date: /home/cxz/go2_ws/install/champ_config/share/champ_config/environment/ament_prefix_path.dsv
[0.099s] -- Up-to-date: /home/cxz/go2_ws/install/champ_config/share/champ_config/environment/path.sh
[0.099s] -- Up-to-date: /home/cxz/go2_ws/install/champ_config/share/champ_config/environment/path.dsv
[0.099s] -- Up-to-date: /home/cxz/go2_ws/install/champ_config/share/champ_config/local_setup.bash
[0.099s] -- Up-to-date: /home/cxz/go2_ws/install/champ_config/share/champ_config/local_setup.sh
[0.099s] -- Up-to-date: /home/cxz/go2_ws/install/champ_config/share/champ_config/local_setup.zsh
[0.099s] -- Up-to-date: /home/cxz/go2_ws/install/champ_config/share/champ_config/local_setup.dsv
[0.100s] -- Up-to-date: /home/cxz/go2_ws/install/champ_config/share/champ_config/package.dsv
[0.100s] -- Up-to-date: /home/cxz/go2_ws/install/champ_config/share/ament_index/resource_index/packages/champ_config
[0.100s] -- Up-to-date: /home/cxz/go2_ws/install/champ_config/share/champ_config/cmake/champ_configConfig.cmake
[0.100s] -- Up-to-date: /home/cxz/go2_ws/install/champ_config/share/champ_config/cmake/champ_configConfig-version.cmake
[0.100s] -- Up-to-date: /home/cxz/go2_ws/install/champ_config/share/champ_config/package.xml
[0.136s] Invoked command in '/home/cxz/go2_ws/build/champ_config' returned '0': CMAKE_PREFIX_PATH=${CMAKE_PREFIX_PATH}:/opt/ros/humble /usr/bin/cmake --install /home/cxz/go2_ws/build/champ_config
