[0.021s] Invoking command in '/home/cxz/go2_ws/build/m20_description': CMAKE_PREFIX_PATH=${CMAKE_PREFIX_PATH}:/opt/ros/humble /usr/bin/cmake --build /home/cxz/go2_ws/build/m20_description -- -j32 -l32
[0.092s] Invoked command in '/home/cxz/go2_ws/build/m20_description' returned '0': CMAKE_PREFIX_PATH=${CMAKE_PREFIX_PATH}:/opt/ros/humble /usr/bin/cmake --build /home/cxz/go2_ws/build/m20_description -- -j32 -l32
[0.093s] Invoking command in '/home/cxz/go2_ws/build/m20_description': CMAKE_PREFIX_PATH=${CMAKE_PREFIX_PATH}:/opt/ros/humble /usr/bin/cmake --install /home/cxz/go2_ws/build/m20_description
[0.129s] -- Install configuration: ""
[0.129s] -- Execute custom install script
[0.130s] -- Up-to-date symlink: /home/cxz/go2_ws/install/m20_description/share/m20_description/config/ros_control/ros_control.yaml
[0.130s] -- Up-to-date symlink: /home/cxz/go2_ws/install/m20_description/share/m20_description/launch/description.launch.py
[0.130s] -- Up-to-date symlink: /home/cxz/go2_ws/install/m20_description/share/m20_description/meshes/base_link.STL
[0.130s] -- Up-to-date symlink: /home/cxz/go2_ws/install/m20_description/share/m20_description/meshes/fl_hipx.STL
[0.130s] -- Up-to-date symlink: /home/cxz/go2_ws/install/m20_description/share/m20_description/meshes/fl_hipy.STL
[0.130s] -- Up-to-date symlink: /home/cxz/go2_ws/install/m20_description/share/m20_description/meshes/fl_knee.STL
[0.130s] -- Up-to-date symlink: /home/cxz/go2_ws/install/m20_description/share/m20_description/meshes/fl_wheel.STL
[0.130s] -- Up-to-date symlink: /home/cxz/go2_ws/install/m20_description/share/m20_description/meshes/fr_hipx.STL
[0.130s] -- Up-to-date symlink: /home/cxz/go2_ws/install/m20_description/share/m20_description/meshes/fr_hipy.STL
[0.130s] -- Up-to-date symlink: /home/cxz/go2_ws/install/m20_description/share/m20_description/meshes/fr_knee.STL
[0.130s] -- Up-to-date symlink: /home/cxz/go2_ws/install/m20_description/share/m20_description/meshes/fr_wheel.STL
[0.130s] -- Up-to-date symlink: /home/cxz/go2_ws/install/m20_description/share/m20_description/meshes/hl_hipx.STL
[0.130s] -- Up-to-date symlink: /home/cxz/go2_ws/install/m20_description/share/m20_description/meshes/hl_hipy.STL
[0.130s] -- Up-to-date symlink: /home/cxz/go2_ws/install/m20_description/share/m20_description/meshes/hl_knee.STL
[0.131s] -- Up-to-date symlink: /home/cxz/go2_ws/install/m20_description/share/m20_description/meshes/hl_wheel.STL
[0.131s] -- Up-to-date symlink: /home/cxz/go2_ws/install/m20_description/share/m20_description/meshes/hr_hipx.STL
[0.131s] -- Up-to-date symlink: /home/cxz/go2_ws/install/m20_description/share/m20_description/meshes/hr_hipy.STL
[0.131s] -- Up-to-date symlink: /home/cxz/go2_ws/install/m20_description/share/m20_description/meshes/hr_knee.STL
[0.131s] -- Up-to-date symlink: /home/cxz/go2_ws/install/m20_description/share/m20_description/meshes/hr_wheel.STL
[0.131s] -- Up-to-date symlink: /home/cxz/go2_ws/install/m20_description/share/m20_description/urdf/m20_description copy 2.urdf
[0.131s] -- Up-to-date symlink: /home/cxz/go2_ws/install/m20_description/share/m20_description/urdf/m20_description copy 3.urdf
[0.131s] -- Up-to-date symlink: /home/cxz/go2_ws/install/m20_description/share/m20_description/urdf/m20_description copy 4.urdf
[0.131s] -- Up-to-date symlink: /home/cxz/go2_ws/install/m20_description/share/m20_description/urdf/m20_description copy.urdf
[0.131s] -- Up-to-date symlink: /home/cxz/go2_ws/install/m20_description/share/m20_description/urdf/m20_description.urdf
[0.131s] -- Up-to-date symlink: /home/cxz/go2_ws/install/m20_description/share/m20_description/urdf/m20_description><.urdf
[0.131s] -- Up-to-date symlink: /home/cxz/go2_ws/install/m20_description/share/m20_description/urdf/m20_description_><.urdf
[0.132s] -- Up-to-date symlink: /home/cxz/go2_ws/install/m20_description/share/m20_description/urdf/m20_description_>>.urdf
[0.132s] -- Up-to-date symlink: /home/cxz/go2_ws/install/m20_description/share/ament_index/resource_index/package_run_dependencies/m20_description
[0.132s] -- Up-to-date symlink: /home/cxz/go2_ws/install/m20_description/share/ament_index/resource_index/parent_prefix_path/m20_description
[0.132s] -- Up-to-date symlink: /home/cxz/go2_ws/install/m20_description/share/m20_description/environment/ament_prefix_path.sh
[0.132s] -- Up-to-date symlink: /home/cxz/go2_ws/install/m20_description/share/m20_description/environment/ament_prefix_path.dsv
[0.132s] -- Up-to-date symlink: /home/cxz/go2_ws/install/m20_description/share/m20_description/environment/path.sh
[0.132s] -- Up-to-date symlink: /home/cxz/go2_ws/install/m20_description/share/m20_description/environment/path.dsv
[0.133s] -- Up-to-date symlink: /home/cxz/go2_ws/install/m20_description/share/m20_description/local_setup.bash
[0.133s] -- Up-to-date symlink: /home/cxz/go2_ws/install/m20_description/share/m20_description/local_setup.sh
[0.133s] -- Up-to-date symlink: /home/cxz/go2_ws/install/m20_description/share/m20_description/local_setup.zsh
[0.134s] -- Up-to-date symlink: /home/cxz/go2_ws/install/m20_description/share/m20_description/local_setup.dsv
[0.134s] -- Symlinking: /home/cxz/go2_ws/install/m20_description/share/m20_description/package.dsv
[0.134s] -- Up-to-date symlink: /home/cxz/go2_ws/install/m20_description/share/ament_index/resource_index/packages/m20_description
[0.134s] -- Up-to-date symlink: /home/cxz/go2_ws/install/m20_description/share/m20_description/cmake/m20_descriptionConfig.cmake
[0.134s] -- Up-to-date symlink: /home/cxz/go2_ws/install/m20_description/share/m20_description/cmake/m20_descriptionConfig-version.cmake
[0.134s] -- Up-to-date symlink: /home/cxz/go2_ws/install/m20_description/share/m20_description/package.xml
[0.162s] Invoked command in '/home/cxz/go2_ws/build/m20_description' returned '0': CMAKE_PREFIX_PATH=${CMAKE_PREFIX_PATH}:/opt/ros/humble /usr/bin/cmake --install /home/cxz/go2_ws/build/m20_description
