-- The C compiler identification is GNU 11.4.0
-- The CXX compiler identification is GNU 11.4.0
-- Detecting C compiler ABI info
-- Detecting C compiler ABI info - done
-- Check for working C compiler: /usr/bin/cc - skipped
-- Detecting C compile features
-- Detecting C compile features - done
-- Detecting CXX compiler ABI info
-- Detecting CXX compiler ABI info - done
-- Check for working CXX compiler: /usr/bin/c++ - skipped
-- Detecting CXX compile features
-- Detecting CXX compile features - done
-- Found ament_cmake: 1.3.14 (/opt/ros/humble/share/ament_cmake/cmake)
-- Found Python3: /usr/bin/python3 (found version "3.10.12") found components: Interpreter 
-- Found rosidl_default_generators: 1.2.1 (/opt/ros/humble/share/rosidl_default_generators/cmake)
-- Using all available rosidl_typesupport_c: rosidl_typesupport_fastrtps_c;rosidl_typesupport_introspection_c
-- Found rosidl_adapter: 3.1.8 (/opt/ros/humble/share/rosidl_adapter/cmake)
-- Using all available rosidl_typesupport_cpp: rosidl_typesupport_fastrtps_cpp;rosidl_typesupport_introspection_cpp
-- Found std_msgs: 4.9.1 (/opt/ros/humble/share/std_msgs/cmake)
-- Found geometry_msgs: 4.9.1 (/opt/ros/humble/share/geometry_msgs/cmake)
-- Found ament_cmake_ros: 0.10.0 (/opt/ros/humble/share/ament_cmake_ros/cmake)
-- Using all available rosidl_typesupport_c: rosidl_typesupport_fastrtps_c;rosidl_typesupport_introspection_c
-- Using all available rosidl_typesupport_cpp: rosidl_typesupport_fastrtps_cpp;rosidl_typesupport_introspection_cpp
-- Found PythonInterp: /usr/bin/python3 (found suitable version "3.10.12", minimum required is "3.6") 
-- Found python_cmake_module: 0.10.0 (/opt/ros/humble/share/python_cmake_module/cmake)
-- Found PythonLibs: /usr/lib/x86_64-linux-gnu/libpython3.10.so (found suitable version "3.10.12", minimum required is "3.5") 
-- Using PYTHON_EXECUTABLE: /usr/bin/python3
-- Using PYTHON_INCLUDE_DIRS: /usr/include/python3.10
-- Using PYTHON_LIBRARIES: /usr/lib/x86_64-linux-gnu/libpython3.10.so
-- Found PythonExtra: .so  
-- Found ament_lint_auto: 0.12.15 (/opt/ros/humble/share/ament_lint_auto/cmake)
-- Configuring done
-- Generating done
-- Build files have been written to: /home/cxz/go2_ws/build/champ_msgs
[  1%] [34m[1mGenerating C code for ROS interfaces[0m
[  2%] [34m[1mGenerating Rust code for ROS interfaces[0m
[  3%] [34m[1mGenerating C++ code for ROS interfaces[0m
[  3%] Built target ament_cmake_python_copy_champ_msgs
running egg_info
creating champ_msgs.egg-info
writing champ_msgs.egg-info/PKG-INFO
writing dependency_links to champ_msgs.egg-info/dependency_links.txt
writing top-level names to champ_msgs.egg-info/top_level.txt
writing manifest file 'champ_msgs.egg-info/SOURCES.txt'
reading manifest file 'champ_msgs.egg-info/SOURCES.txt'
writing manifest file 'champ_msgs.egg-info/SOURCES.txt'
[  3%] Built target ament_cmake_python_build_champ_msgs_egg
[  3%] Built target champ_msgs__rs
[  3%] Built target champ_msgs__cpp
[  4%] [34m[1mGenerating C++ type support for eProsima Fast-RTPS[0m
[  6%] [34m[1mGenerating C++ type support dispatch for ROS interfaces[0m
[  6%] [34m[1mGenerating C++ introspection for ROS interfaces[0m
[  7%] [32mBuilding C object CMakeFiles/champ_msgs__rosidl_generator_c.dir/rosidl_generator_c/champ_msgs/msg/detail/point__functions.c.o[0m
[  8%] [32mBuilding C object CMakeFiles/champ_msgs__rosidl_generator_c.dir/rosidl_generator_c/champ_msgs/msg/detail/point_array__functions.c.o[0m
[  9%] [32mBuilding C object CMakeFiles/champ_msgs__rosidl_generator_c.dir/rosidl_generator_c/champ_msgs/msg/detail/joints__functions.c.o[0m
[ 10%] [32mBuilding C object CMakeFiles/champ_msgs__rosidl_generator_c.dir/rosidl_generator_c/champ_msgs/msg/detail/pose__functions.c.o[0m
[ 11%] [32mBuilding C object CMakeFiles/champ_msgs__rosidl_generator_c.dir/rosidl_generator_c/champ_msgs/msg/detail/velocities__functions.c.o[0m
[ 12%] [32mBuilding C object CMakeFiles/champ_msgs__rosidl_generator_c.dir/rosidl_generator_c/champ_msgs/msg/detail/pid__functions.c.o[0m
[ 13%] [32mBuilding C object CMakeFiles/champ_msgs__rosidl_generator_c.dir/rosidl_generator_c/champ_msgs/msg/detail/imu__functions.c.o[0m
[ 14%] [32mBuilding C object CMakeFiles/champ_msgs__rosidl_generator_c.dir/rosidl_generator_c/champ_msgs/msg/detail/contacts__functions.c.o[0m
[ 15%] [32mBuilding C object CMakeFiles/champ_msgs__rosidl_generator_c.dir/rosidl_generator_c/champ_msgs/msg/detail/contacts_stamped__functions.c.o[0m
[ 16%] [32m[1mLinking C shared library libchamp_msgs__rosidl_generator_c.so[0m
[ 16%] Built target champ_msgs__rosidl_generator_c
[ 17%] [34m[1mGenerating C type support for eProsima Fast-RTPS[0m
[ 19%] [34m[1mGenerating C introspection for ROS interfaces[0m
[ 19%] [34m[1mGenerating C type support dispatch for ROS interfaces[0m
[ 20%] [32mBuilding CXX object CMakeFiles/champ_msgs__rosidl_typesupport_cpp.dir/rosidl_typesupport_cpp/champ_msgs/msg/velocities__type_support.cpp.o[0m
[ 21%] [32mBuilding CXX object CMakeFiles/champ_msgs__rosidl_typesupport_cpp.dir/rosidl_typesupport_cpp/champ_msgs/msg/pid__type_support.cpp.o[0m
[ 22%] [32mBuilding CXX object CMakeFiles/champ_msgs__rosidl_typesupport_cpp.dir/rosidl_typesupport_cpp/champ_msgs/msg/pose__type_support.cpp.o[0m
[ 26%] [32mBuilding CXX object CMakeFiles/champ_msgs__rosidl_typesupport_cpp.dir/rosidl_typesupport_cpp/champ_msgs/msg/imu__type_support.cpp.o[0m
[ 26%] [32mBuilding CXX object CMakeFiles/champ_msgs__rosidl_typesupport_cpp.dir/rosidl_typesupport_cpp/champ_msgs/msg/point__type_support.cpp.o[0m
[ 26%] [32mBuilding CXX object CMakeFiles/champ_msgs__rosidl_typesupport_cpp.dir/rosidl_typesupport_cpp/champ_msgs/msg/point_array__type_support.cpp.o[0m
[ 27%] [32mBuilding CXX object CMakeFiles/champ_msgs__rosidl_typesupport_cpp.dir/rosidl_typesupport_cpp/champ_msgs/msg/joints__type_support.cpp.o[0m
[ 28%] [32mBuilding CXX object CMakeFiles/champ_msgs__rosidl_typesupport_cpp.dir/rosidl_typesupport_cpp/champ_msgs/msg/contacts__type_support.cpp.o[0m
[ 29%] [32mBuilding CXX object CMakeFiles/champ_msgs__rosidl_typesupport_cpp.dir/rosidl_typesupport_cpp/champ_msgs/msg/contacts_stamped__type_support.cpp.o[0m
[ 34%] [32mBuilding CXX object CMakeFiles/champ_msgs__rosidl_typesupport_introspection_cpp.dir/rosidl_typesupport_introspection_cpp/champ_msgs/msg/detail/imu__type_support.cpp.o[0m
[ 34%] [32mBuilding CXX object CMakeFiles/champ_msgs__rosidl_typesupport_introspection_cpp.dir/rosidl_typesupport_introspection_cpp/champ_msgs/msg/detail/pid__type_support.cpp.o[0m
[ 34%] [32mBuilding CXX object CMakeFiles/champ_msgs__rosidl_typesupport_introspection_cpp.dir/rosidl_typesupport_introspection_cpp/champ_msgs/msg/detail/point__type_support.cpp.o[0m
[ 34%] [32mBuilding CXX object CMakeFiles/champ_msgs__rosidl_typesupport_introspection_cpp.dir/rosidl_typesupport_introspection_cpp/champ_msgs/msg/detail/joints__type_support.cpp.o[0m
[ 34%] [32mBuilding CXX object CMakeFiles/champ_msgs__rosidl_typesupport_introspection_cpp.dir/rosidl_typesupport_introspection_cpp/champ_msgs/msg/detail/velocities__type_support.cpp.o[0m
[ 35%] [32mBuilding CXX object CMakeFiles/champ_msgs__rosidl_typesupport_introspection_cpp.dir/rosidl_typesupport_introspection_cpp/champ_msgs/msg/detail/point_array__type_support.cpp.o[0m
[ 36%] [32mBuilding CXX object CMakeFiles/champ_msgs__rosidl_typesupport_introspection_cpp.dir/rosidl_typesupport_introspection_cpp/champ_msgs/msg/detail/contacts__type_support.cpp.o[0m
[ 37%] [32mBuilding CXX object CMakeFiles/champ_msgs__rosidl_typesupport_introspection_cpp.dir/rosidl_typesupport_introspection_cpp/champ_msgs/msg/detail/pose__type_support.cpp.o[0m
[ 38%] [32mBuilding CXX object CMakeFiles/champ_msgs__rosidl_typesupport_introspection_cpp.dir/rosidl_typesupport_introspection_cpp/champ_msgs/msg/detail/contacts_stamped__type_support.cpp.o[0m
[ 39%] [32mBuilding CXX object CMakeFiles/champ_msgs__rosidl_typesupport_fastrtps_cpp.dir/rosidl_typesupport_fastrtps_cpp/champ_msgs/msg/detail/dds_fastrtps/velocities__type_support.cpp.o[0m
[ 40%] [32mBuilding CXX object CMakeFiles/champ_msgs__rosidl_typesupport_fastrtps_cpp.dir/rosidl_typesupport_fastrtps_cpp/champ_msgs/msg/detail/dds_fastrtps/pid__type_support.cpp.o[0m
[ 42%] [32mBuilding CXX object CMakeFiles/champ_msgs__rosidl_typesupport_fastrtps_cpp.dir/rosidl_typesupport_fastrtps_cpp/champ_msgs/msg/detail/dds_fastrtps/imu__type_support.cpp.o[0m
[ 42%] [32mBuilding CXX object CMakeFiles/champ_msgs__rosidl_typesupport_fastrtps_cpp.dir/rosidl_typesupport_fastrtps_cpp/champ_msgs/msg/detail/dds_fastrtps/point_array__type_support.cpp.o[0m
[ 43%] [32mBuilding CXX object CMakeFiles/champ_msgs__rosidl_typesupport_fastrtps_cpp.dir/rosidl_typesupport_fastrtps_cpp/champ_msgs/msg/detail/dds_fastrtps/point__type_support.cpp.o[0m
[ 44%] [32mBuilding CXX object CMakeFiles/champ_msgs__rosidl_typesupport_fastrtps_cpp.dir/rosidl_typesupport_fastrtps_cpp/champ_msgs/msg/detail/dds_fastrtps/contacts__type_support.cpp.o[0m
[ 45%] [32mBuilding CXX object CMakeFiles/champ_msgs__rosidl_typesupport_fastrtps_cpp.dir/rosidl_typesupport_fastrtps_cpp/champ_msgs/msg/detail/dds_fastrtps/joints__type_support.cpp.o[0m
[ 46%] [32mBuilding CXX object CMakeFiles/champ_msgs__rosidl_typesupport_fastrtps_cpp.dir/rosidl_typesupport_fastrtps_cpp/champ_msgs/msg/detail/dds_fastrtps/pose__type_support.cpp.o[0m
[ 47%] [32mBuilding CXX object CMakeFiles/champ_msgs__rosidl_typesupport_fastrtps_cpp.dir/rosidl_typesupport_fastrtps_cpp/champ_msgs/msg/detail/dds_fastrtps/contacts_stamped__type_support.cpp.o[0m
[ 50%] [32mBuilding CXX object CMakeFiles/champ_msgs__rosidl_typesupport_c.dir/rosidl_typesupport_c/champ_msgs/msg/imu__type_support.cpp.o[0m
[ 50%] [32mBuilding CXX object CMakeFiles/champ_msgs__rosidl_typesupport_c.dir/rosidl_typesupport_c/champ_msgs/msg/velocities__type_support.cpp.o[0m
[ 51%] [32mBuilding CXX object CMakeFiles/champ_msgs__rosidl_typesupport_c.dir/rosidl_typesupport_c/champ_msgs/msg/pid__type_support.cpp.o[0m
[ 52%] [32mBuilding CXX object CMakeFiles/champ_msgs__rosidl_typesupport_c.dir/rosidl_typesupport_c/champ_msgs/msg/joints__type_support.cpp.o[0m
[ 53%] [32mBuilding CXX object CMakeFiles/champ_msgs__rosidl_typesupport_c.dir/rosidl_typesupport_c/champ_msgs/msg/point_array__type_support.cpp.o[0m
[ 54%] [32mBuilding CXX object CMakeFiles/champ_msgs__rosidl_typesupport_c.dir/rosidl_typesupport_c/champ_msgs/msg/point__type_support.cpp.o[0m
[ 55%] [32mBuilding CXX object CMakeFiles/champ_msgs__rosidl_typesupport_c.dir/rosidl_typesupport_c/champ_msgs/msg/contacts__type_support.cpp.o[0m
[ 56%] [32mBuilding CXX object CMakeFiles/champ_msgs__rosidl_typesupport_c.dir/rosidl_typesupport_c/champ_msgs/msg/contacts_stamped__type_support.cpp.o[0m
[ 57%] [32mBuilding CXX object CMakeFiles/champ_msgs__rosidl_typesupport_c.dir/rosidl_typesupport_c/champ_msgs/msg/pose__type_support.cpp.o[0m
[ 58%] [32m[1mLinking CXX shared library libchamp_msgs__rosidl_typesupport_c.so[0m
[ 59%] [32m[1mLinking CXX shared library libchamp_msgs__rosidl_typesupport_cpp.so[0m
[ 59%] Built target champ_msgs__rosidl_typesupport_c
[ 61%] [32mBuilding CXX object CMakeFiles/champ_msgs__rosidl_typesupport_fastrtps_c.dir/rosidl_typesupport_fastrtps_c/champ_msgs/msg/detail/pid__type_support_c.cpp.o[0m
[ 63%] [32mBuilding C object CMakeFiles/champ_msgs__rosidl_typesupport_introspection_c.dir/rosidl_typesupport_introspection_c/champ_msgs/msg/detail/velocities__type_support.c.o[0m
[ 63%] [32mBuilding CXX object CMakeFiles/champ_msgs__rosidl_typesupport_fastrtps_c.dir/rosidl_typesupport_fastrtps_c/champ_msgs/msg/detail/velocities__type_support_c.cpp.o[0m
[ 63%] [32mBuilding C object CMakeFiles/champ_msgs__rosidl_typesupport_introspection_c.dir/rosidl_typesupport_introspection_c/champ_msgs/msg/detail/imu__type_support.c.o[0m
[ 70%] [32mBuilding C object CMakeFiles/champ_msgs__rosidl_typesupport_introspection_c.dir/rosidl_typesupport_introspection_c/champ_msgs/msg/detail/pid__type_support.c.o[0m
[ 70%] [32mBuilding C object CMakeFiles/champ_msgs__rosidl_typesupport_introspection_c.dir/rosidl_typesupport_introspection_c/champ_msgs/msg/detail/joints__type_support.c.o[0m
[ 70%] [32mBuilding C object CMakeFiles/champ_msgs__rosidl_typesupport_introspection_c.dir/rosidl_typesupport_introspection_c/champ_msgs/msg/detail/point_array__type_support.c.o[0m
[ 70%] [32mBuilding CXX object CMakeFiles/champ_msgs__rosidl_typesupport_fastrtps_c.dir/rosidl_typesupport_fastrtps_c/champ_msgs/msg/detail/imu__type_support_c.cpp.o[0m
[ 70%] [32mBuilding C object CMakeFiles/champ_msgs__rosidl_typesupport_introspection_c.dir/rosidl_typesupport_introspection_c/champ_msgs/msg/detail/contacts__type_support.c.o[0m
[ 70%] [32mBuilding CXX object CMakeFiles/champ_msgs__rosidl_typesupport_fastrtps_c.dir/rosidl_typesupport_fastrtps_c/champ_msgs/msg/detail/point_array__type_support_c.cpp.o[0m
[ 70%] [32mBuilding C object CMakeFiles/champ_msgs__rosidl_typesupport_introspection_c.dir/rosidl_typesupport_introspection_c/champ_msgs/msg/detail/point__type_support.c.o[0m
[ 71%] [32mBuilding CXX object CMakeFiles/champ_msgs__rosidl_typesupport_fastrtps_c.dir/rosidl_typesupport_fastrtps_c/champ_msgs/msg/detail/point__type_support_c.cpp.o[0m
[ 72%] [32mBuilding C object CMakeFiles/champ_msgs__rosidl_typesupport_introspection_c.dir/rosidl_typesupport_introspection_c/champ_msgs/msg/detail/contacts_stamped__type_support.c.o[0m
[ 73%] [32mBuilding CXX object CMakeFiles/champ_msgs__rosidl_typesupport_fastrtps_c.dir/rosidl_typesupport_fastrtps_c/champ_msgs/msg/detail/contacts_stamped__type_support_c.cpp.o[0m
[ 77%] [32mBuilding CXX object CMakeFiles/champ_msgs__rosidl_typesupport_fastrtps_c.dir/rosidl_typesupport_fastrtps_c/champ_msgs/msg/detail/contacts__type_support_c.cpp.o[0m
[ 77%] [32mBuilding CXX object CMakeFiles/champ_msgs__rosidl_typesupport_fastrtps_c.dir/rosidl_typesupport_fastrtps_c/champ_msgs/msg/detail/joints__type_support_c.cpp.o[0m
[ 77%] [32mBuilding C object CMakeFiles/champ_msgs__rosidl_typesupport_introspection_c.dir/rosidl_typesupport_introspection_c/champ_msgs/msg/detail/pose__type_support.c.o[0m
[ 78%] [32mBuilding CXX object CMakeFiles/champ_msgs__rosidl_typesupport_fastrtps_c.dir/rosidl_typesupport_fastrtps_c/champ_msgs/msg/detail/pose__type_support_c.cpp.o[0m
[ 78%] Built target champ_msgs__rosidl_typesupport_cpp
[ 79%] [32m[1mLinking C shared library libchamp_msgs__rosidl_typesupport_introspection_c.so[0m
[ 79%] Built target champ_msgs__rosidl_typesupport_introspection_c
[ 80%] [32m[1mLinking CXX shared library libchamp_msgs__rosidl_typesupport_introspection_cpp.so[0m
[ 81%] [32m[1mLinking CXX shared library libchamp_msgs__rosidl_typesupport_fastrtps_cpp.so[0m
[ 81%] Built target champ_msgs__rosidl_typesupport_introspection_cpp
[ 81%] Built target champ_msgs__rosidl_typesupport_fastrtps_cpp
[ 82%] [32m[1mLinking CXX shared library libchamp_msgs__rosidl_typesupport_fastrtps_c.so[0m
[ 82%] Built target champ_msgs__rosidl_typesupport_fastrtps_c
[ 82%] Built target champ_msgs
[ 83%] [34m[1mGenerating Python code for ROS interfaces[0m
[ 83%] Built target champ_msgs__py
[ 84%] [32mBuilding C object CMakeFiles/champ_msgs__rosidl_generator_py.dir/rosidl_generator_py/champ_msgs/msg/_pose_s.c.o[0m
[ 86%] [32mBuilding C object CMakeFiles/champ_msgs__rosidl_generator_py.dir/rosidl_generator_py/champ_msgs/msg/_joints_s.c.o[0m
[ 86%] [32mBuilding C object CMakeFiles/champ_msgs__rosidl_generator_py.dir/rosidl_generator_py/champ_msgs/msg/_velocities_s.c.o[0m
[ 88%] [32mBuilding C object CMakeFiles/champ_msgs__rosidl_generator_py.dir/rosidl_generator_py/champ_msgs/msg/_pid_s.c.o[0m
[ 88%] [32mBuilding C object CMakeFiles/champ_msgs__rosidl_generator_py.dir/rosidl_generator_py/champ_msgs/msg/_imu_s.c.o[0m
[ 89%] [32mBuilding C object CMakeFiles/champ_msgs__rosidl_generator_py.dir/rosidl_generator_py/champ_msgs/msg/_point_array_s.c.o[0m
[ 90%] [32mBuilding C object CMakeFiles/champ_msgs__rosidl_generator_py.dir/rosidl_generator_py/champ_msgs/msg/_point_s.c.o[0m
[ 91%] [32mBuilding C object CMakeFiles/champ_msgs__rosidl_generator_py.dir/rosidl_generator_py/champ_msgs/msg/_contacts_s.c.o[0m
[ 92%] [32mBuilding C object CMakeFiles/champ_msgs__rosidl_generator_py.dir/rosidl_generator_py/champ_msgs/msg/_contacts_stamped_s.c.o[0m
[ 93%] [32m[1mLinking C shared library rosidl_generator_py/champ_msgs/libchamp_msgs__rosidl_generator_py.so[0m
[ 93%] Built target champ_msgs__rosidl_generator_py
[ 94%] [32mBuilding C object CMakeFiles/champ_msgs__rosidl_typesupport_c__pyext.dir/rosidl_generator_py/champ_msgs/_champ_msgs_s.ep.rosidl_typesupport_c.c.o[0m
[ 95%] [32mBuilding C object CMakeFiles/champ_msgs__rosidl_typesupport_fastrtps_c__pyext.dir/rosidl_generator_py/champ_msgs/_champ_msgs_s.ep.rosidl_typesupport_fastrtps_c.c.o[0m
[ 96%] [32mBuilding C object CMakeFiles/champ_msgs__rosidl_typesupport_introspection_c__pyext.dir/rosidl_generator_py/champ_msgs/_champ_msgs_s.ep.rosidl_typesupport_introspection_c.c.o[0m
[ 97%] [32m[1mLinking C shared library rosidl_generator_py/champ_msgs/champ_msgs_s__rosidl_typesupport_fastrtps_c.cpython-310-x86_64-linux-gnu.so[0m
[ 98%] [32m[1mLinking C shared library rosidl_generator_py/champ_msgs/champ_msgs_s__rosidl_typesupport_c.cpython-310-x86_64-linux-gnu.so[0m
[100%] [32m[1mLinking C shared library rosidl_generator_py/champ_msgs/champ_msgs_s__rosidl_typesupport_introspection_c.cpython-310-x86_64-linux-gnu.so[0m
[100%] Built target champ_msgs__rosidl_typesupport_c__pyext
[100%] Built target champ_msgs__rosidl_typesupport_fastrtps_c__pyext
[100%] Built target champ_msgs__rosidl_typesupport_introspection_c__pyext
-- Install configuration: ""
-- Installing: /home/cxz/go2_ws/install/champ_msgs/share/ament_index/resource_index/rosidl_interfaces/champ_msgs
-- Installing: /home/cxz/go2_ws/install/champ_msgs/include/champ_msgs/champ_msgs
-- Installing: /home/cxz/go2_ws/install/champ_msgs/include/champ_msgs/champ_msgs/msg
-- Installing: /home/cxz/go2_ws/install/champ_msgs/include/champ_msgs/champ_msgs/msg/pose.h
-- Installing: /home/cxz/go2_ws/install/champ_msgs/include/champ_msgs/champ_msgs/msg/imu.h
-- Installing: /home/cxz/go2_ws/install/champ_msgs/include/champ_msgs/champ_msgs/msg/contacts.h
-- Installing: /home/cxz/go2_ws/install/champ_msgs/include/champ_msgs/champ_msgs/msg/rosidl_generator_c__visibility_control.h
-- Installing: /home/cxz/go2_ws/install/champ_msgs/include/champ_msgs/champ_msgs/msg/point_array.h
-- Installing: /home/cxz/go2_ws/install/champ_msgs/include/champ_msgs/champ_msgs/msg/detail
-- Installing: /home/cxz/go2_ws/install/champ_msgs/include/champ_msgs/champ_msgs/msg/detail/velocities__type_support.h
-- Installing: /home/cxz/go2_ws/install/champ_msgs/include/champ_msgs/champ_msgs/msg/detail/joints__type_support.h
-- Installing: /home/cxz/go2_ws/install/champ_msgs/include/champ_msgs/champ_msgs/msg/detail/point__struct.h
-- Installing: /home/cxz/go2_ws/install/champ_msgs/include/champ_msgs/champ_msgs/msg/detail/pid__functions.c
-- Installing: /home/cxz/go2_ws/install/champ_msgs/include/champ_msgs/champ_msgs/msg/detail/joints__functions.c
-- Installing: /home/cxz/go2_ws/install/champ_msgs/include/champ_msgs/champ_msgs/msg/detail/joints__functions.h
-- Installing: /home/cxz/go2_ws/install/champ_msgs/include/champ_msgs/champ_msgs/msg/detail/pose__functions.h
-- Installing: /home/cxz/go2_ws/install/champ_msgs/include/champ_msgs/champ_msgs/msg/detail/pid__type_support.h
-- Installing: /home/cxz/go2_ws/install/champ_msgs/include/champ_msgs/champ_msgs/msg/detail/imu__type_support.h
-- Installing: /home/cxz/go2_ws/install/champ_msgs/include/champ_msgs/champ_msgs/msg/detail/pid__struct.h
-- Installing: /home/cxz/go2_ws/install/champ_msgs/include/champ_msgs/champ_msgs/msg/detail/contacts_stamped__functions.c
-- Installing: /home/cxz/go2_ws/install/champ_msgs/include/champ_msgs/champ_msgs/msg/detail/contacts__type_support.h
-- Installing: /home/cxz/go2_ws/install/champ_msgs/include/champ_msgs/champ_msgs/msg/detail/point_array__type_support.h
-- Installing: /home/cxz/go2_ws/install/champ_msgs/include/champ_msgs/champ_msgs/msg/detail/pose__struct.h
-- Installing: /home/cxz/go2_ws/install/champ_msgs/include/champ_msgs/champ_msgs/msg/detail/point_array__functions.h
-- Installing: /home/cxz/go2_ws/install/champ_msgs/include/champ_msgs/champ_msgs/msg/detail/pose__type_support.h
-- Installing: /home/cxz/go2_ws/install/champ_msgs/include/champ_msgs/champ_msgs/msg/detail/point_array__struct.h
-- Installing: /home/cxz/go2_ws/install/champ_msgs/include/champ_msgs/champ_msgs/msg/detail/imu__functions.h
-- Installing: /home/cxz/go2_ws/install/champ_msgs/include/champ_msgs/champ_msgs/msg/detail/point__functions.c
-- Installing: /home/cxz/go2_ws/install/champ_msgs/include/champ_msgs/champ_msgs/msg/detail/contacts_stamped__functions.h
-- Installing: /home/cxz/go2_ws/install/champ_msgs/include/champ_msgs/champ_msgs/msg/detail/pose__functions.c
-- Installing: /home/cxz/go2_ws/install/champ_msgs/include/champ_msgs/champ_msgs/msg/detail/point__type_support.h
-- Installing: /home/cxz/go2_ws/install/champ_msgs/include/champ_msgs/champ_msgs/msg/detail/contacts_stamped__struct.h
-- Installing: /home/cxz/go2_ws/install/champ_msgs/include/champ_msgs/champ_msgs/msg/detail/point_array__functions.c
-- Installing: /home/cxz/go2_ws/install/champ_msgs/include/champ_msgs/champ_msgs/msg/detail/imu__functions.c
-- Installing: /home/cxz/go2_ws/install/champ_msgs/include/champ_msgs/champ_msgs/msg/detail/point__functions.h
-- Installing: /home/cxz/go2_ws/install/champ_msgs/include/champ_msgs/champ_msgs/msg/detail/contacts__struct.h
-- Installing: /home/cxz/go2_ws/install/champ_msgs/include/champ_msgs/champ_msgs/msg/detail/imu__struct.h
-- Installing: /home/cxz/go2_ws/install/champ_msgs/include/champ_msgs/champ_msgs/msg/detail/contacts_stamped__type_support.h
-- Installing: /home/cxz/go2_ws/install/champ_msgs/include/champ_msgs/champ_msgs/msg/detail/pid__functions.h
-- Installing: /home/cxz/go2_ws/install/champ_msgs/include/champ_msgs/champ_msgs/msg/detail/contacts__functions.c
-- Installing: /home/cxz/go2_ws/install/champ_msgs/include/champ_msgs/champ_msgs/msg/detail/joints__struct.h
-- Installing: /home/cxz/go2_ws/install/champ_msgs/include/champ_msgs/champ_msgs/msg/detail/velocities__functions.c
-- Installing: /home/cxz/go2_ws/install/champ_msgs/include/champ_msgs/champ_msgs/msg/detail/velocities__struct.h
-- Installing: /home/cxz/go2_ws/install/champ_msgs/include/champ_msgs/champ_msgs/msg/detail/velocities__functions.h
-- Installing: /home/cxz/go2_ws/install/champ_msgs/include/champ_msgs/champ_msgs/msg/detail/contacts__functions.h
-- Installing: /home/cxz/go2_ws/install/champ_msgs/include/champ_msgs/champ_msgs/msg/pid.h
-- Installing: /home/cxz/go2_ws/install/champ_msgs/include/champ_msgs/champ_msgs/msg/contacts_stamped.h
-- Installing: /home/cxz/go2_ws/install/champ_msgs/include/champ_msgs/champ_msgs/msg/point.h
-- Installing: /home/cxz/go2_ws/install/champ_msgs/include/champ_msgs/champ_msgs/msg/joints.h
-- Installing: /home/cxz/go2_ws/install/champ_msgs/include/champ_msgs/champ_msgs/msg/velocities.h
-- Installing: /home/cxz/go2_ws/install/champ_msgs/share/champ_msgs/environment/library_path.sh
-- Installing: /home/cxz/go2_ws/install/champ_msgs/share/champ_msgs/environment/library_path.dsv
-- Installing: /home/cxz/go2_ws/install/champ_msgs/lib/libchamp_msgs__rosidl_generator_c.so
-- Set runtime path of "/home/cxz/go2_ws/install/champ_msgs/lib/libchamp_msgs__rosidl_generator_c.so" to ""
-- Up-to-date: /home/cxz/go2_ws/install/champ_msgs/include/champ_msgs/champ_msgs
-- Up-to-date: /home/cxz/go2_ws/install/champ_msgs/include/champ_msgs/champ_msgs/msg
-- Installing: /home/cxz/go2_ws/install/champ_msgs/include/champ_msgs/champ_msgs/msg/rosidl_typesupport_fastrtps_c__visibility_control.h
-- Up-to-date: /home/cxz/go2_ws/install/champ_msgs/include/champ_msgs/champ_msgs/msg/detail
-- Installing: /home/cxz/go2_ws/install/champ_msgs/include/champ_msgs/champ_msgs/msg/detail/point__rosidl_typesupport_fastrtps_c.h
-- Installing: /home/cxz/go2_ws/install/champ_msgs/include/champ_msgs/champ_msgs/msg/detail/joints__rosidl_typesupport_fastrtps_c.h
-- Installing: /home/cxz/go2_ws/install/champ_msgs/include/champ_msgs/champ_msgs/msg/detail/contacts__rosidl_typesupport_fastrtps_c.h
-- Installing: /home/cxz/go2_ws/install/champ_msgs/include/champ_msgs/champ_msgs/msg/detail/imu__rosidl_typesupport_fastrtps_c.h
-- Installing: /home/cxz/go2_ws/install/champ_msgs/include/champ_msgs/champ_msgs/msg/detail/point_array__rosidl_typesupport_fastrtps_c.h
-- Installing: /home/cxz/go2_ws/install/champ_msgs/include/champ_msgs/champ_msgs/msg/detail/contacts_stamped__rosidl_typesupport_fastrtps_c.h
-- Installing: /home/cxz/go2_ws/install/champ_msgs/include/champ_msgs/champ_msgs/msg/detail/velocities__rosidl_typesupport_fastrtps_c.h
-- Installing: /home/cxz/go2_ws/install/champ_msgs/include/champ_msgs/champ_msgs/msg/detail/pose__rosidl_typesupport_fastrtps_c.h
-- Installing: /home/cxz/go2_ws/install/champ_msgs/include/champ_msgs/champ_msgs/msg/detail/pid__rosidl_typesupport_fastrtps_c.h
-- Installing: /home/cxz/go2_ws/install/champ_msgs/lib/libchamp_msgs__rosidl_typesupport_fastrtps_c.so
-- Set runtime path of "/home/cxz/go2_ws/install/champ_msgs/lib/libchamp_msgs__rosidl_typesupport_fastrtps_c.so" to ""
-- Up-to-date: /home/cxz/go2_ws/install/champ_msgs/include/champ_msgs/champ_msgs
-- Up-to-date: /home/cxz/go2_ws/install/champ_msgs/include/champ_msgs/champ_msgs/msg
-- Installing: /home/cxz/go2_ws/install/champ_msgs/include/champ_msgs/champ_msgs/msg/rosidl_typesupport_introspection_c__visibility_control.h
-- Up-to-date: /home/cxz/go2_ws/install/champ_msgs/include/champ_msgs/champ_msgs/msg/detail
-- Installing: /home/cxz/go2_ws/install/champ_msgs/include/champ_msgs/champ_msgs/msg/detail/joints__rosidl_typesupport_introspection_c.h
-- Installing: /home/cxz/go2_ws/install/champ_msgs/include/champ_msgs/champ_msgs/msg/detail/pid__rosidl_typesupport_introspection_c.h
-- Installing: /home/cxz/go2_ws/install/champ_msgs/include/champ_msgs/champ_msgs/msg/detail/point__rosidl_typesupport_introspection_c.h
-- Installing: /home/cxz/go2_ws/install/champ_msgs/include/champ_msgs/champ_msgs/msg/detail/contacts_stamped__rosidl_typesupport_introspection_c.h
-- Installing: /home/cxz/go2_ws/install/champ_msgs/include/champ_msgs/champ_msgs/msg/detail/pose__rosidl_typesupport_introspection_c.h
-- Installing: /home/cxz/go2_ws/install/champ_msgs/include/champ_msgs/champ_msgs/msg/detail/imu__type_support.c
-- Installing: /home/cxz/go2_ws/install/champ_msgs/include/champ_msgs/champ_msgs/msg/detail/contacts__type_support.c
-- Installing: /home/cxz/go2_ws/install/champ_msgs/include/champ_msgs/champ_msgs/msg/detail/pose__type_support.c
-- Installing: /home/cxz/go2_ws/install/champ_msgs/include/champ_msgs/champ_msgs/msg/detail/contacts_stamped__type_support.c
-- Installing: /home/cxz/go2_ws/install/champ_msgs/include/champ_msgs/champ_msgs/msg/detail/point_array__type_support.c
-- Installing: /home/cxz/go2_ws/install/champ_msgs/include/champ_msgs/champ_msgs/msg/detail/joints__type_support.c
-- Installing: /home/cxz/go2_ws/install/champ_msgs/include/champ_msgs/champ_msgs/msg/detail/pid__type_support.c
-- Installing: /home/cxz/go2_ws/install/champ_msgs/include/champ_msgs/champ_msgs/msg/detail/contacts__rosidl_typesupport_introspection_c.h
-- Installing: /home/cxz/go2_ws/install/champ_msgs/include/champ_msgs/champ_msgs/msg/detail/point__type_support.c
-- Installing: /home/cxz/go2_ws/install/champ_msgs/include/champ_msgs/champ_msgs/msg/detail/velocities__type_support.c
-- Installing: /home/cxz/go2_ws/install/champ_msgs/include/champ_msgs/champ_msgs/msg/detail/point_array__rosidl_typesupport_introspection_c.h
-- Installing: /home/cxz/go2_ws/install/champ_msgs/include/champ_msgs/champ_msgs/msg/detail/imu__rosidl_typesupport_introspection_c.h
-- Installing: /home/cxz/go2_ws/install/champ_msgs/include/champ_msgs/champ_msgs/msg/detail/velocities__rosidl_typesupport_introspection_c.h
-- Installing: /home/cxz/go2_ws/install/champ_msgs/lib/libchamp_msgs__rosidl_typesupport_introspection_c.so
-- Set runtime path of "/home/cxz/go2_ws/install/champ_msgs/lib/libchamp_msgs__rosidl_typesupport_introspection_c.so" to ""
-- Installing: /home/cxz/go2_ws/install/champ_msgs/lib/libchamp_msgs__rosidl_typesupport_c.so
-- Set runtime path of "/home/cxz/go2_ws/install/champ_msgs/lib/libchamp_msgs__rosidl_typesupport_c.so" to ""
-- Up-to-date: /home/cxz/go2_ws/install/champ_msgs/include/champ_msgs/champ_msgs
-- Up-to-date: /home/cxz/go2_ws/install/champ_msgs/include/champ_msgs/champ_msgs/msg
-- Installing: /home/cxz/go2_ws/install/champ_msgs/include/champ_msgs/champ_msgs/msg/contacts_stamped.hpp
-- Installing: /home/cxz/go2_ws/install/champ_msgs/include/champ_msgs/champ_msgs/msg/joints.hpp
-- Installing: /home/cxz/go2_ws/install/champ_msgs/include/champ_msgs/champ_msgs/msg/point_array.hpp
-- Installing: /home/cxz/go2_ws/install/champ_msgs/include/champ_msgs/champ_msgs/msg/imu.hpp
-- Installing: /home/cxz/go2_ws/install/champ_msgs/include/champ_msgs/champ_msgs/msg/velocities.hpp
-- Up-to-date: /home/cxz/go2_ws/install/champ_msgs/include/champ_msgs/champ_msgs/msg/detail
-- Installing: /home/cxz/go2_ws/install/champ_msgs/include/champ_msgs/champ_msgs/msg/detail/pose__traits.hpp
-- Installing: /home/cxz/go2_ws/install/champ_msgs/include/champ_msgs/champ_msgs/msg/detail/contacts_stamped__struct.hpp
-- Installing: /home/cxz/go2_ws/install/champ_msgs/include/champ_msgs/champ_msgs/msg/detail/pid__traits.hpp
-- Installing: /home/cxz/go2_ws/install/champ_msgs/include/champ_msgs/champ_msgs/msg/detail/imu__type_support.hpp
-- Installing: /home/cxz/go2_ws/install/champ_msgs/include/champ_msgs/champ_msgs/msg/detail/pid__struct.hpp
-- Installing: /home/cxz/go2_ws/install/champ_msgs/include/champ_msgs/champ_msgs/msg/detail/contacts_stamped__builder.hpp
-- Installing: /home/cxz/go2_ws/install/champ_msgs/include/champ_msgs/champ_msgs/msg/detail/pose__type_support.hpp
-- Installing: /home/cxz/go2_ws/install/champ_msgs/include/champ_msgs/champ_msgs/msg/detail/velocities__builder.hpp
-- Installing: /home/cxz/go2_ws/install/champ_msgs/include/champ_msgs/champ_msgs/msg/detail/contacts__builder.hpp
-- Installing: /home/cxz/go2_ws/install/champ_msgs/include/champ_msgs/champ_msgs/msg/detail/pose__builder.hpp
-- Installing: /home/cxz/go2_ws/install/champ_msgs/include/champ_msgs/champ_msgs/msg/detail/contacts__traits.hpp
-- Installing: /home/cxz/go2_ws/install/champ_msgs/include/champ_msgs/champ_msgs/msg/detail/point__builder.hpp
-- Installing: /home/cxz/go2_ws/install/champ_msgs/include/champ_msgs/champ_msgs/msg/detail/velocities__type_support.hpp
-- Installing: /home/cxz/go2_ws/install/champ_msgs/include/champ_msgs/champ_msgs/msg/detail/imu__traits.hpp
-- Installing: /home/cxz/go2_ws/install/champ_msgs/include/champ_msgs/champ_msgs/msg/detail/velocities__struct.hpp
-- Installing: /home/cxz/go2_ws/install/champ_msgs/include/champ_msgs/champ_msgs/msg/detail/pid__builder.hpp
-- Installing: /home/cxz/go2_ws/install/champ_msgs/include/champ_msgs/champ_msgs/msg/detail/point__traits.hpp
-- Installing: /home/cxz/go2_ws/install/champ_msgs/include/champ_msgs/champ_msgs/msg/detail/joints__struct.hpp
-- Installing: /home/cxz/go2_ws/install/champ_msgs/include/champ_msgs/champ_msgs/msg/detail/contacts__struct.hpp
-- Installing: /home/cxz/go2_ws/install/champ_msgs/include/champ_msgs/champ_msgs/msg/detail/point__struct.hpp
-- Installing: /home/cxz/go2_ws/install/champ_msgs/include/champ_msgs/champ_msgs/msg/detail/point__type_support.hpp
-- Installing: /home/cxz/go2_ws/install/champ_msgs/include/champ_msgs/champ_msgs/msg/detail/velocities__traits.hpp
-- Installing: /home/cxz/go2_ws/install/champ_msgs/include/champ_msgs/champ_msgs/msg/detail/joints__builder.hpp
-- Installing: /home/cxz/go2_ws/install/champ_msgs/include/champ_msgs/champ_msgs/msg/detail/contacts_stamped__traits.hpp
-- Installing: /home/cxz/go2_ws/install/champ_msgs/include/champ_msgs/champ_msgs/msg/detail/point_array__struct.hpp
-- Installing: /home/cxz/go2_ws/install/champ_msgs/include/champ_msgs/champ_msgs/msg/detail/pose__struct.hpp
-- Installing: /home/cxz/go2_ws/install/champ_msgs/include/champ_msgs/champ_msgs/msg/detail/contacts__type_support.hpp
-- Installing: /home/cxz/go2_ws/install/champ_msgs/include/champ_msgs/champ_msgs/msg/detail/imu__struct.hpp
-- Installing: /home/cxz/go2_ws/install/champ_msgs/include/champ_msgs/champ_msgs/msg/detail/imu__builder.hpp
-- Installing: /home/cxz/go2_ws/install/champ_msgs/include/champ_msgs/champ_msgs/msg/detail/joints__traits.hpp
-- Installing: /home/cxz/go2_ws/install/champ_msgs/include/champ_msgs/champ_msgs/msg/detail/point_array__type_support.hpp
-- Installing: /home/cxz/go2_ws/install/champ_msgs/include/champ_msgs/champ_msgs/msg/detail/contacts_stamped__type_support.hpp
-- Installing: /home/cxz/go2_ws/install/champ_msgs/include/champ_msgs/champ_msgs/msg/detail/joints__type_support.hpp
-- Installing: /home/cxz/go2_ws/install/champ_msgs/include/champ_msgs/champ_msgs/msg/detail/point_array__traits.hpp
-- Installing: /home/cxz/go2_ws/install/champ_msgs/include/champ_msgs/champ_msgs/msg/detail/point_array__builder.hpp
-- Installing: /home/cxz/go2_ws/install/champ_msgs/include/champ_msgs/champ_msgs/msg/detail/pid__type_support.hpp
-- Installing: /home/cxz/go2_ws/install/champ_msgs/include/champ_msgs/champ_msgs/msg/point.hpp
-- Installing: /home/cxz/go2_ws/install/champ_msgs/include/champ_msgs/champ_msgs/msg/contacts.hpp
-- Installing: /home/cxz/go2_ws/install/champ_msgs/include/champ_msgs/champ_msgs/msg/pid.hpp
-- Installing: /home/cxz/go2_ws/install/champ_msgs/include/champ_msgs/champ_msgs/msg/pose.hpp
-- Installing: /home/cxz/go2_ws/install/champ_msgs/include/champ_msgs/champ_msgs/msg/rosidl_generator_cpp__visibility_control.hpp
-- Up-to-date: /home/cxz/go2_ws/install/champ_msgs/include/champ_msgs/champ_msgs
-- Up-to-date: /home/cxz/go2_ws/install/champ_msgs/include/champ_msgs/champ_msgs/msg
-- Installing: /home/cxz/go2_ws/install/champ_msgs/include/champ_msgs/champ_msgs/msg/rosidl_typesupport_fastrtps_cpp__visibility_control.h
-- Up-to-date: /home/cxz/go2_ws/install/champ_msgs/include/champ_msgs/champ_msgs/msg/detail
-- Installing: /home/cxz/go2_ws/install/champ_msgs/include/champ_msgs/champ_msgs/msg/detail/contacts_stamped__rosidl_typesupport_fastrtps_cpp.hpp
-- Installing: /home/cxz/go2_ws/install/champ_msgs/include/champ_msgs/champ_msgs/msg/detail/joints__rosidl_typesupport_fastrtps_cpp.hpp
-- Installing: /home/cxz/go2_ws/install/champ_msgs/include/champ_msgs/champ_msgs/msg/detail/pose__rosidl_typesupport_fastrtps_cpp.hpp
-- Installing: /home/cxz/go2_ws/install/champ_msgs/include/champ_msgs/champ_msgs/msg/detail/velocities__rosidl_typesupport_fastrtps_cpp.hpp
-- Installing: /home/cxz/go2_ws/install/champ_msgs/include/champ_msgs/champ_msgs/msg/detail/pid__rosidl_typesupport_fastrtps_cpp.hpp
-- Installing: /home/cxz/go2_ws/install/champ_msgs/include/champ_msgs/champ_msgs/msg/detail/point_array__rosidl_typesupport_fastrtps_cpp.hpp
-- Installing: /home/cxz/go2_ws/install/champ_msgs/include/champ_msgs/champ_msgs/msg/detail/dds_fastrtps
-- Installing: /home/cxz/go2_ws/install/champ_msgs/include/champ_msgs/champ_msgs/msg/detail/contacts__rosidl_typesupport_fastrtps_cpp.hpp
-- Installing: /home/cxz/go2_ws/install/champ_msgs/include/champ_msgs/champ_msgs/msg/detail/point__rosidl_typesupport_fastrtps_cpp.hpp
-- Installing: /home/cxz/go2_ws/install/champ_msgs/include/champ_msgs/champ_msgs/msg/detail/imu__rosidl_typesupport_fastrtps_cpp.hpp
-- Installing: /home/cxz/go2_ws/install/champ_msgs/lib/libchamp_msgs__rosidl_typesupport_fastrtps_cpp.so
-- Set runtime path of "/home/cxz/go2_ws/install/champ_msgs/lib/libchamp_msgs__rosidl_typesupport_fastrtps_cpp.so" to ""
-- Up-to-date: /home/cxz/go2_ws/install/champ_msgs/include/champ_msgs/champ_msgs
-- Up-to-date: /home/cxz/go2_ws/install/champ_msgs/include/champ_msgs/champ_msgs/msg
-- Up-to-date: /home/cxz/go2_ws/install/champ_msgs/include/champ_msgs/champ_msgs/msg/detail
-- Installing: /home/cxz/go2_ws/install/champ_msgs/include/champ_msgs/champ_msgs/msg/detail/pose__rosidl_typesupport_introspection_cpp.hpp
-- Installing: /home/cxz/go2_ws/install/champ_msgs/include/champ_msgs/champ_msgs/msg/detail/velocities__rosidl_typesupport_introspection_cpp.hpp
-- Installing: /home/cxz/go2_ws/install/champ_msgs/include/champ_msgs/champ_msgs/msg/detail/point__rosidl_typesupport_introspection_cpp.hpp
-- Installing: /home/cxz/go2_ws/install/champ_msgs/include/champ_msgs/champ_msgs/msg/detail/contacts__rosidl_typesupport_introspection_cpp.hpp
-- Installing: /home/cxz/go2_ws/install/champ_msgs/include/champ_msgs/champ_msgs/msg/detail/point_array__rosidl_typesupport_introspection_cpp.hpp
-- Installing: /home/cxz/go2_ws/install/champ_msgs/include/champ_msgs/champ_msgs/msg/detail/imu__rosidl_typesupport_introspection_cpp.hpp
-- Installing: /home/cxz/go2_ws/install/champ_msgs/include/champ_msgs/champ_msgs/msg/detail/contacts_stamped__type_support.cpp
-- Installing: /home/cxz/go2_ws/install/champ_msgs/include/champ_msgs/champ_msgs/msg/detail/pose__type_support.cpp
-- Installing: /home/cxz/go2_ws/install/champ_msgs/include/champ_msgs/champ_msgs/msg/detail/pid__rosidl_typesupport_introspection_cpp.hpp
-- Installing: /home/cxz/go2_ws/install/champ_msgs/include/champ_msgs/champ_msgs/msg/detail/pid__type_support.cpp
-- Installing: /home/cxz/go2_ws/install/champ_msgs/include/champ_msgs/champ_msgs/msg/detail/contacts__type_support.cpp
-- Installing: /home/cxz/go2_ws/install/champ_msgs/include/champ_msgs/champ_msgs/msg/detail/velocities__type_support.cpp
-- Installing: /home/cxz/go2_ws/install/champ_msgs/include/champ_msgs/champ_msgs/msg/detail/joints__type_support.cpp
-- Installing: /home/cxz/go2_ws/install/champ_msgs/include/champ_msgs/champ_msgs/msg/detail/imu__type_support.cpp
-- Installing: /home/cxz/go2_ws/install/champ_msgs/include/champ_msgs/champ_msgs/msg/detail/joints__rosidl_typesupport_introspection_cpp.hpp
-- Installing: /home/cxz/go2_ws/install/champ_msgs/include/champ_msgs/champ_msgs/msg/detail/point_array__type_support.cpp
-- Installing: /home/cxz/go2_ws/install/champ_msgs/include/champ_msgs/champ_msgs/msg/detail/contacts_stamped__rosidl_typesupport_introspection_cpp.hpp
-- Installing: /home/cxz/go2_ws/install/champ_msgs/include/champ_msgs/champ_msgs/msg/detail/point__type_support.cpp
-- Installing: /home/cxz/go2_ws/install/champ_msgs/lib/libchamp_msgs__rosidl_typesupport_introspection_cpp.so
-- Set runtime path of "/home/cxz/go2_ws/install/champ_msgs/lib/libchamp_msgs__rosidl_typesupport_introspection_cpp.so" to ""
-- Installing: /home/cxz/go2_ws/install/champ_msgs/lib/libchamp_msgs__rosidl_typesupport_cpp.so
-- Set runtime path of "/home/cxz/go2_ws/install/champ_msgs/lib/libchamp_msgs__rosidl_typesupport_cpp.so" to ""
-- Installing: /home/cxz/go2_ws/install/champ_msgs/share/champ_msgs/environment/pythonpath.sh
-- Installing: /home/cxz/go2_ws/install/champ_msgs/share/champ_msgs/environment/pythonpath.dsv
-- Installing: /home/cxz/go2_ws/install/champ_msgs/local/lib/python3.10/dist-packages/champ_msgs-0.1.0-py3.10.egg-info
-- Installing: /home/cxz/go2_ws/install/champ_msgs/local/lib/python3.10/dist-packages/champ_msgs-0.1.0-py3.10.egg-info/SOURCES.txt
-- Installing: /home/cxz/go2_ws/install/champ_msgs/local/lib/python3.10/dist-packages/champ_msgs-0.1.0-py3.10.egg-info/PKG-INFO
-- Installing: /home/cxz/go2_ws/install/champ_msgs/local/lib/python3.10/dist-packages/champ_msgs-0.1.0-py3.10.egg-info/dependency_links.txt
-- Installing: /home/cxz/go2_ws/install/champ_msgs/local/lib/python3.10/dist-packages/champ_msgs-0.1.0-py3.10.egg-info/top_level.txt
-- Installing: /home/cxz/go2_ws/install/champ_msgs/local/lib/python3.10/dist-packages/champ_msgs
-- Installing: /home/cxz/go2_ws/install/champ_msgs/local/lib/python3.10/dist-packages/champ_msgs/_champ_msgs_s.ep.rosidl_typesupport_introspection_c.c
-- Installing: /home/cxz/go2_ws/install/champ_msgs/local/lib/python3.10/dist-packages/champ_msgs/msg
-- Installing: /home/cxz/go2_ws/install/champ_msgs/local/lib/python3.10/dist-packages/champ_msgs/msg/_contacts_stamped_s.c
-- Installing: /home/cxz/go2_ws/install/champ_msgs/local/lib/python3.10/dist-packages/champ_msgs/msg/_contacts.py
-- Installing: /home/cxz/go2_ws/install/champ_msgs/local/lib/python3.10/dist-packages/champ_msgs/msg/_pose.py
-- Installing: /home/cxz/go2_ws/install/champ_msgs/local/lib/python3.10/dist-packages/champ_msgs/msg/_joints_s.c
-- Installing: /home/cxz/go2_ws/install/champ_msgs/local/lib/python3.10/dist-packages/champ_msgs/msg/_point.py
-- Installing: /home/cxz/go2_ws/install/champ_msgs/local/lib/python3.10/dist-packages/champ_msgs/msg/_contacts_s.c
-- Installing: /home/cxz/go2_ws/install/champ_msgs/local/lib/python3.10/dist-packages/champ_msgs/msg/_pose_s.c
-- Installing: /home/cxz/go2_ws/install/champ_msgs/local/lib/python3.10/dist-packages/champ_msgs/msg/_velocities_s.c
-- Installing: /home/cxz/go2_ws/install/champ_msgs/local/lib/python3.10/dist-packages/champ_msgs/msg/_point_array.py
-- Installing: /home/cxz/go2_ws/install/champ_msgs/local/lib/python3.10/dist-packages/champ_msgs/msg/__init__.py
-- Installing: /home/cxz/go2_ws/install/champ_msgs/local/lib/python3.10/dist-packages/champ_msgs/msg/_joints.py
-- Installing: /home/cxz/go2_ws/install/champ_msgs/local/lib/python3.10/dist-packages/champ_msgs/msg/_contacts_stamped.py
-- Installing: /home/cxz/go2_ws/install/champ_msgs/local/lib/python3.10/dist-packages/champ_msgs/msg/_pid.py
-- Installing: /home/cxz/go2_ws/install/champ_msgs/local/lib/python3.10/dist-packages/champ_msgs/msg/_imu_s.c
-- Installing: /home/cxz/go2_ws/install/champ_msgs/local/lib/python3.10/dist-packages/champ_msgs/msg/_velocities.py
-- Installing: /home/cxz/go2_ws/install/champ_msgs/local/lib/python3.10/dist-packages/champ_msgs/msg/_point_s.c
-- Installing: /home/cxz/go2_ws/install/champ_msgs/local/lib/python3.10/dist-packages/champ_msgs/msg/_imu.py
-- Installing: /home/cxz/go2_ws/install/champ_msgs/local/lib/python3.10/dist-packages/champ_msgs/msg/_point_array_s.c
-- Installing: /home/cxz/go2_ws/install/champ_msgs/local/lib/python3.10/dist-packages/champ_msgs/msg/_pid_s.c
-- Installing: /home/cxz/go2_ws/install/champ_msgs/local/lib/python3.10/dist-packages/champ_msgs/champ_msgs_s__rosidl_typesupport_c.cpython-310-x86_64-linux-gnu.so
-- Installing: /home/cxz/go2_ws/install/champ_msgs/local/lib/python3.10/dist-packages/champ_msgs/_champ_msgs_s.ep.rosidl_typesupport_fastrtps_c.c
-- Installing: /home/cxz/go2_ws/install/champ_msgs/local/lib/python3.10/dist-packages/champ_msgs/__init__.py
-- Installing: /home/cxz/go2_ws/install/champ_msgs/local/lib/python3.10/dist-packages/champ_msgs/libchamp_msgs__rosidl_generator_py.so
-- Installing: /home/cxz/go2_ws/install/champ_msgs/local/lib/python3.10/dist-packages/champ_msgs/_champ_msgs_s.ep.rosidl_typesupport_c.c
-- Installing: /home/cxz/go2_ws/install/champ_msgs/local/lib/python3.10/dist-packages/champ_msgs/champ_msgs_s__rosidl_typesupport_fastrtps_c.cpython-310-x86_64-linux-gnu.so
-- Installing: /home/cxz/go2_ws/install/champ_msgs/local/lib/python3.10/dist-packages/champ_msgs/champ_msgs_s__rosidl_typesupport_introspection_c.cpython-310-x86_64-linux-gnu.so
Listing '/home/cxz/go2_ws/install/champ_msgs/local/lib/python3.10/dist-packages/champ_msgs'...
Compiling '/home/cxz/go2_ws/install/champ_msgs/local/lib/python3.10/dist-packages/champ_msgs/__init__.py'...
Listing '/home/cxz/go2_ws/install/champ_msgs/local/lib/python3.10/dist-packages/champ_msgs/msg'...
Compiling '/home/cxz/go2_ws/install/champ_msgs/local/lib/python3.10/dist-packages/champ_msgs/msg/__init__.py'...
Compiling '/home/cxz/go2_ws/install/champ_msgs/local/lib/python3.10/dist-packages/champ_msgs/msg/_contacts.py'...
Compiling '/home/cxz/go2_ws/install/champ_msgs/local/lib/python3.10/dist-packages/champ_msgs/msg/_contacts_stamped.py'...
Compiling '/home/cxz/go2_ws/install/champ_msgs/local/lib/python3.10/dist-packages/champ_msgs/msg/_imu.py'...
Compiling '/home/cxz/go2_ws/install/champ_msgs/local/lib/python3.10/dist-packages/champ_msgs/msg/_joints.py'...
Compiling '/home/cxz/go2_ws/install/champ_msgs/local/lib/python3.10/dist-packages/champ_msgs/msg/_pid.py'...
Compiling '/home/cxz/go2_ws/install/champ_msgs/local/lib/python3.10/dist-packages/champ_msgs/msg/_point.py'...
Compiling '/home/cxz/go2_ws/install/champ_msgs/local/lib/python3.10/dist-packages/champ_msgs/msg/_point_array.py'...
Compiling '/home/cxz/go2_ws/install/champ_msgs/local/lib/python3.10/dist-packages/champ_msgs/msg/_pose.py'...
Compiling '/home/cxz/go2_ws/install/champ_msgs/local/lib/python3.10/dist-packages/champ_msgs/msg/_velocities.py'...
-- Installing: /home/cxz/go2_ws/install/champ_msgs/local/lib/python3.10/dist-packages/champ_msgs/champ_msgs_s__rosidl_typesupport_fastrtps_c.cpython-310-x86_64-linux-gnu.so
-- Set runtime path of "/home/cxz/go2_ws/install/champ_msgs/local/lib/python3.10/dist-packages/champ_msgs/champ_msgs_s__rosidl_typesupport_fastrtps_c.cpython-310-x86_64-linux-gnu.so" to ""
-- Installing: /home/cxz/go2_ws/install/champ_msgs/local/lib/python3.10/dist-packages/champ_msgs/champ_msgs_s__rosidl_typesupport_introspection_c.cpython-310-x86_64-linux-gnu.so
-- Set runtime path of "/home/cxz/go2_ws/install/champ_msgs/local/lib/python3.10/dist-packages/champ_msgs/champ_msgs_s__rosidl_typesupport_introspection_c.cpython-310-x86_64-linux-gnu.so" to ""
-- Installing: /home/cxz/go2_ws/install/champ_msgs/local/lib/python3.10/dist-packages/champ_msgs/champ_msgs_s__rosidl_typesupport_c.cpython-310-x86_64-linux-gnu.so
-- Set runtime path of "/home/cxz/go2_ws/install/champ_msgs/local/lib/python3.10/dist-packages/champ_msgs/champ_msgs_s__rosidl_typesupport_c.cpython-310-x86_64-linux-gnu.so" to ""
-- Installing: /home/cxz/go2_ws/install/champ_msgs/lib/libchamp_msgs__rosidl_generator_py.so
-- Set runtime path of "/home/cxz/go2_ws/install/champ_msgs/lib/libchamp_msgs__rosidl_generator_py.so" to ""
-- Installing: /home/cxz/go2_ws/install/champ_msgs/share/ament_index/resource_index/rust_packages/champ_msgs
-- Installing: /home/cxz/go2_ws/install/champ_msgs/share/champ_msgs/rust
-- Installing: /home/cxz/go2_ws/install/champ_msgs/share/champ_msgs/rust/build.rs
-- Installing: /home/cxz/go2_ws/install/champ_msgs/share/champ_msgs/rust/Cargo.toml
-- Installing: /home/cxz/go2_ws/install/champ_msgs/share/champ_msgs/rust/src
-- Installing: /home/cxz/go2_ws/install/champ_msgs/share/champ_msgs/rust/src/lib.rs
-- Installing: /home/cxz/go2_ws/install/champ_msgs/share/champ_msgs/rust/src/msg
-- Installing: /home/cxz/go2_ws/install/champ_msgs/share/champ_msgs/rust/src/msg/rmw.rs
-- Installing: /home/cxz/go2_ws/install/champ_msgs/share/champ_msgs/rust/src/msg.rs
-- Installing: /home/cxz/go2_ws/install/champ_msgs/share/champ_msgs/msg/Velocities.idl
-- Installing: /home/cxz/go2_ws/install/champ_msgs/share/champ_msgs/msg/PID.idl
-- Installing: /home/cxz/go2_ws/install/champ_msgs/share/champ_msgs/msg/Imu.idl
-- Installing: /home/cxz/go2_ws/install/champ_msgs/share/champ_msgs/msg/Point.idl
-- Installing: /home/cxz/go2_ws/install/champ_msgs/share/champ_msgs/msg/PointArray.idl
-- Installing: /home/cxz/go2_ws/install/champ_msgs/share/champ_msgs/msg/Joints.idl
-- Installing: /home/cxz/go2_ws/install/champ_msgs/share/champ_msgs/msg/Contacts.idl
-- Installing: /home/cxz/go2_ws/install/champ_msgs/share/champ_msgs/msg/ContactsStamped.idl
-- Installing: /home/cxz/go2_ws/install/champ_msgs/share/champ_msgs/msg/Pose.idl
-- Installing: /home/cxz/go2_ws/install/champ_msgs/share/champ_msgs/msg/Velocities.msg
-- Installing: /home/cxz/go2_ws/install/champ_msgs/share/champ_msgs/msg/PID.msg
-- Installing: /home/cxz/go2_ws/install/champ_msgs/share/champ_msgs/msg/Imu.msg
-- Installing: /home/cxz/go2_ws/install/champ_msgs/share/champ_msgs/msg/Point.msg
-- Installing: /home/cxz/go2_ws/install/champ_msgs/share/champ_msgs/msg/PointArray.msg
-- Installing: /home/cxz/go2_ws/install/champ_msgs/share/champ_msgs/msg/Joints.msg
-- Installing: /home/cxz/go2_ws/install/champ_msgs/share/champ_msgs/msg/Contacts.msg
-- Installing: /home/cxz/go2_ws/install/champ_msgs/share/champ_msgs/msg/ContactsStamped.msg
-- Installing: /home/cxz/go2_ws/install/champ_msgs/share/champ_msgs/msg/Pose.msg
-- Installing: /home/cxz/go2_ws/install/champ_msgs/share/ament_index/resource_index/package_run_dependencies/champ_msgs
-- Installing: /home/cxz/go2_ws/install/champ_msgs/share/ament_index/resource_index/parent_prefix_path/champ_msgs
-- Installing: /home/cxz/go2_ws/install/champ_msgs/share/champ_msgs/environment/ament_prefix_path.sh
-- Installing: /home/cxz/go2_ws/install/champ_msgs/share/champ_msgs/environment/ament_prefix_path.dsv
-- Installing: /home/cxz/go2_ws/install/champ_msgs/share/champ_msgs/environment/path.sh
-- Installing: /home/cxz/go2_ws/install/champ_msgs/share/champ_msgs/environment/path.dsv
-- Installing: /home/cxz/go2_ws/install/champ_msgs/share/champ_msgs/local_setup.bash
-- Installing: /home/cxz/go2_ws/install/champ_msgs/share/champ_msgs/local_setup.sh
-- Installing: /home/cxz/go2_ws/install/champ_msgs/share/champ_msgs/local_setup.zsh
-- Installing: /home/cxz/go2_ws/install/champ_msgs/share/champ_msgs/local_setup.dsv
-- Installing: /home/cxz/go2_ws/install/champ_msgs/share/champ_msgs/package.dsv
-- Installing: /home/cxz/go2_ws/install/champ_msgs/share/ament_index/resource_index/packages/champ_msgs
-- Installing: /home/cxz/go2_ws/install/champ_msgs/share/champ_msgs/cmake/export_champ_msgs__rosidl_generator_cExport.cmake
-- Installing: /home/cxz/go2_ws/install/champ_msgs/share/champ_msgs/cmake/export_champ_msgs__rosidl_generator_cExport-noconfig.cmake
-- Installing: /home/cxz/go2_ws/install/champ_msgs/share/champ_msgs/cmake/export_champ_msgs__rosidl_typesupport_fastrtps_cExport.cmake
-- Installing: /home/cxz/go2_ws/install/champ_msgs/share/champ_msgs/cmake/export_champ_msgs__rosidl_typesupport_fastrtps_cExport-noconfig.cmake
-- Installing: /home/cxz/go2_ws/install/champ_msgs/share/champ_msgs/cmake/champ_msgs__rosidl_typesupport_introspection_cExport.cmake
-- Installing: /home/cxz/go2_ws/install/champ_msgs/share/champ_msgs/cmake/champ_msgs__rosidl_typesupport_introspection_cExport-noconfig.cmake
-- Installing: /home/cxz/go2_ws/install/champ_msgs/share/champ_msgs/cmake/champ_msgs__rosidl_typesupport_cExport.cmake
-- Installing: /home/cxz/go2_ws/install/champ_msgs/share/champ_msgs/cmake/champ_msgs__rosidl_typesupport_cExport-noconfig.cmake
-- Installing: /home/cxz/go2_ws/install/champ_msgs/share/champ_msgs/cmake/export_champ_msgs__rosidl_generator_cppExport.cmake
-- Installing: /home/cxz/go2_ws/install/champ_msgs/share/champ_msgs/cmake/export_champ_msgs__rosidl_typesupport_fastrtps_cppExport.cmake
-- Installing: /home/cxz/go2_ws/install/champ_msgs/share/champ_msgs/cmake/export_champ_msgs__rosidl_typesupport_fastrtps_cppExport-noconfig.cmake
-- Installing: /home/cxz/go2_ws/install/champ_msgs/share/champ_msgs/cmake/champ_msgs__rosidl_typesupport_introspection_cppExport.cmake
-- Installing: /home/cxz/go2_ws/install/champ_msgs/share/champ_msgs/cmake/champ_msgs__rosidl_typesupport_introspection_cppExport-noconfig.cmake
-- Installing: /home/cxz/go2_ws/install/champ_msgs/share/champ_msgs/cmake/champ_msgs__rosidl_typesupport_cppExport.cmake
-- Installing: /home/cxz/go2_ws/install/champ_msgs/share/champ_msgs/cmake/champ_msgs__rosidl_typesupport_cppExport-noconfig.cmake
-- Installing: /home/cxz/go2_ws/install/champ_msgs/share/champ_msgs/cmake/export_champ_msgs__rosidl_generator_pyExport.cmake
-- Installing: /home/cxz/go2_ws/install/champ_msgs/share/champ_msgs/cmake/export_champ_msgs__rosidl_generator_pyExport-noconfig.cmake
-- Installing: /home/cxz/go2_ws/install/champ_msgs/share/champ_msgs/cmake/rosidl_cmake-extras.cmake
-- Installing: /home/cxz/go2_ws/install/champ_msgs/share/champ_msgs/cmake/ament_cmake_export_dependencies-extras.cmake
-- Installing: /home/cxz/go2_ws/install/champ_msgs/share/champ_msgs/cmake/ament_cmake_export_include_directories-extras.cmake
-- Installing: /home/cxz/go2_ws/install/champ_msgs/share/champ_msgs/cmake/ament_cmake_export_libraries-extras.cmake
-- Installing: /home/cxz/go2_ws/install/champ_msgs/share/champ_msgs/cmake/ament_cmake_export_targets-extras.cmake
-- Installing: /home/cxz/go2_ws/install/champ_msgs/share/champ_msgs/cmake/rosidl_cmake_export_typesupport_targets-extras.cmake
-- Installing: /home/cxz/go2_ws/install/champ_msgs/share/champ_msgs/cmake/rosidl_cmake_export_typesupport_libraries-extras.cmake
-- Installing: /home/cxz/go2_ws/install/champ_msgs/share/champ_msgs/cmake/champ_msgsConfig.cmake
-- Installing: /home/cxz/go2_ws/install/champ_msgs/share/champ_msgs/cmake/champ_msgsConfig-version.cmake
-- Installing: /home/cxz/go2_ws/install/champ_msgs/share/champ_msgs/package.xml
