[0.027s] Invoking command in '/home/cxz/go2_ws/build/champ_msgs': CMAKE_PREFIX_PATH=${CMAKE_PREFIX_PATH}:/opt/ros/humble /usr/bin/cmake /home/cxz/go2_ws/src/unitree-go2-ros2/champ/champ_msgs -DCMAKE_INSTALL_PREFIX=/home/cxz/go2_ws/install/champ_msgs
[0.070s] -- The C compiler identification is GNU 11.4.0
[0.121s] -- The CXX compiler identification is GNU 11.4.0
[0.127s] -- Detecting C compiler ABI info
[0.172s] -- Detecting C compiler ABI info - done
[0.177s] -- Check for working C compiler: /usr/bin/cc - skipped
[0.177s] -- Detecting C compile features
[0.177s] -- Detecting C compile features - done
[0.179s] -- Detecting CXX compiler ABI info
[0.234s] -- Detecting CXX compiler ABI info - done
[0.240s] -- Check for working CXX compiler: /usr/bin/c++ - skipped
[0.240s] -- Detecting CXX compile features
[0.241s] -- Detecting CXX compile features - done
[0.243s] -- Found ament_cmake: 1.3.14 (/opt/ros/humble/share/ament_cmake/cmake)
[0.354s] -- Found Python3: /usr/bin/python3 (found version "3.10.12") found components: Interpreter 
[0.431s] -- Found rosidl_default_generators: 1.2.1 (/opt/ros/humble/share/rosidl_default_generators/cmake)
[0.435s] -- Using all available rosidl_typesupport_c: rosidl_typesupport_fastrtps_c;rosidl_typesupport_introspection_c
[0.440s] -- Found rosidl_adapter: 3.1.8 (/opt/ros/humble/share/rosidl_adapter/cmake)
[0.469s] -- Using all available rosidl_typesupport_cpp: rosidl_typesupport_fastrtps_cpp;rosidl_typesupport_introspection_cpp
[0.495s] -- Found std_msgs: 4.9.1 (/opt/ros/humble/share/std_msgs/cmake)
[0.515s] -- Found geometry_msgs: 4.9.1 (/opt/ros/humble/share/geometry_msgs/cmake)
[0.734s] -- Found ament_cmake_ros: 0.10.0 (/opt/ros/humble/share/ament_cmake_ros/cmake)
[0.906s] -- Using all available rosidl_typesupport_c: rosidl_typesupport_fastrtps_c;rosidl_typesupport_introspection_c
[1.160s] -- Using all available rosidl_typesupport_cpp: rosidl_typesupport_fastrtps_cpp;rosidl_typesupport_introspection_cpp
[1.178s] -- Found PythonInterp: /usr/bin/python3 (found suitable version "3.10.12", minimum required is "3.6") 
[1.180s] -- Found python_cmake_module: 0.10.0 (/opt/ros/humble/share/python_cmake_module/cmake)
[1.201s] -- Found PythonLibs: /usr/lib/x86_64-linux-gnu/libpython3.10.so (found suitable version "3.10.12", minimum required is "3.5") 
[1.201s] -- Using PYTHON_EXECUTABLE: /usr/bin/python3
[1.201s] -- Using PYTHON_INCLUDE_DIRS: /usr/include/python3.10
[1.201s] -- Using PYTHON_LIBRARIES: /usr/lib/x86_64-linux-gnu/libpython3.10.so
[1.227s] -- Found PythonExtra: .so  
[1.327s] -- Found ament_lint_auto: 0.12.15 (/opt/ros/humble/share/ament_lint_auto/cmake)
[1.331s] -- Configuring done
[1.359s] -- Generating done
[1.366s] -- Build files have been written to: /home/cxz/go2_ws/build/champ_msgs
[1.372s] Invoked command in '/home/cxz/go2_ws/build/champ_msgs' returned '0': CMAKE_PREFIX_PATH=${CMAKE_PREFIX_PATH}:/opt/ros/humble /usr/bin/cmake /home/cxz/go2_ws/src/unitree-go2-ros2/champ/champ_msgs -DCMAKE_INSTALL_PREFIX=/home/cxz/go2_ws/install/champ_msgs
[1.372s] Invoking command in '/home/cxz/go2_ws/build/champ_msgs': CMAKE_PREFIX_PATH=${CMAKE_PREFIX_PATH}:/opt/ros/humble /usr/bin/cmake --build /home/cxz/go2_ws/build/champ_msgs -- -j32 -l32
[1.418s] [  1%] [34m[1mGenerating C code for ROS interfaces[0m
[1.423s] [  2%] [34m[1mGenerating Rust code for ROS interfaces[0m
[1.427s] [  3%] [34m[1mGenerating C++ code for ROS interfaces[0m
[1.431s] [  3%] Built target ament_cmake_python_copy_champ_msgs
[1.568s] running egg_info
[1.568s] creating champ_msgs.egg-info
[1.568s] writing champ_msgs.egg-info/PKG-INFO
[1.569s] writing dependency_links to champ_msgs.egg-info/dependency_links.txt
[1.569s] writing top-level names to champ_msgs.egg-info/top_level.txt
[1.569s] writing manifest file 'champ_msgs.egg-info/SOURCES.txt'
[1.570s] reading manifest file 'champ_msgs.egg-info/SOURCES.txt'
[1.570s] writing manifest file 'champ_msgs.egg-info/SOURCES.txt'
[1.587s] [  3%] Built target ament_cmake_python_build_champ_msgs_egg
[1.610s] [  3%] Built target champ_msgs__rs
[1.765s] [  3%] Built target champ_msgs__cpp
[1.772s] [  4%] [34m[1mGenerating C++ type support for eProsima Fast-RTPS[0m
[1.772s] [  6%] [34m[1mGenerating C++ type support dispatch for ROS interfaces[0m
[1.773s] [  6%] [34m[1mGenerating C++ introspection for ROS interfaces[0m
[1.777s] [  7%] [32mBuilding C object CMakeFiles/champ_msgs__rosidl_generator_c.dir/rosidl_generator_c/champ_msgs/msg/detail/point__functions.c.o[0m
[1.778s] [  8%] [32mBuilding C object CMakeFiles/champ_msgs__rosidl_generator_c.dir/rosidl_generator_c/champ_msgs/msg/detail/point_array__functions.c.o[0m
[1.778s] [  9%] [32mBuilding C object CMakeFiles/champ_msgs__rosidl_generator_c.dir/rosidl_generator_c/champ_msgs/msg/detail/joints__functions.c.o[0m
[1.779s] [ 10%] [32mBuilding C object CMakeFiles/champ_msgs__rosidl_generator_c.dir/rosidl_generator_c/champ_msgs/msg/detail/pose__functions.c.o[0m
[1.780s] [ 11%] [32mBuilding C object CMakeFiles/champ_msgs__rosidl_generator_c.dir/rosidl_generator_c/champ_msgs/msg/detail/velocities__functions.c.o[0m
[1.780s] [ 12%] [32mBuilding C object CMakeFiles/champ_msgs__rosidl_generator_c.dir/rosidl_generator_c/champ_msgs/msg/detail/pid__functions.c.o[0m
[1.780s] [ 13%] [32mBuilding C object CMakeFiles/champ_msgs__rosidl_generator_c.dir/rosidl_generator_c/champ_msgs/msg/detail/imu__functions.c.o[0m
[1.781s] [ 14%] [32mBuilding C object CMakeFiles/champ_msgs__rosidl_generator_c.dir/rosidl_generator_c/champ_msgs/msg/detail/contacts__functions.c.o[0m
[1.782s] [ 15%] [32mBuilding C object CMakeFiles/champ_msgs__rosidl_generator_c.dir/rosidl_generator_c/champ_msgs/msg/detail/contacts_stamped__functions.c.o[0m
[1.825s] [ 16%] [32m[1mLinking C shared library libchamp_msgs__rosidl_generator_c.so[0m
[1.853s] [ 16%] Built target champ_msgs__rosidl_generator_c
[1.861s] [ 17%] [34m[1mGenerating C type support for eProsima Fast-RTPS[0m
[1.861s] [ 19%] [34m[1mGenerating C introspection for ROS interfaces[0m
[1.861s] [ 19%] [34m[1mGenerating C type support dispatch for ROS interfaces[0m
[2.007s] [ 20%] [32mBuilding CXX object CMakeFiles/champ_msgs__rosidl_typesupport_cpp.dir/rosidl_typesupport_cpp/champ_msgs/msg/velocities__type_support.cpp.o[0m
[2.007s] [ 21%] [32mBuilding CXX object CMakeFiles/champ_msgs__rosidl_typesupport_cpp.dir/rosidl_typesupport_cpp/champ_msgs/msg/pid__type_support.cpp.o[0m
[2.007s] [ 22%] [32mBuilding CXX object CMakeFiles/champ_msgs__rosidl_typesupport_cpp.dir/rosidl_typesupport_cpp/champ_msgs/msg/pose__type_support.cpp.o[0m
[2.007s] [ 26%] [32mBuilding CXX object CMakeFiles/champ_msgs__rosidl_typesupport_cpp.dir/rosidl_typesupport_cpp/champ_msgs/msg/imu__type_support.cpp.o[0m
[2.007s] [ 26%] [32mBuilding CXX object CMakeFiles/champ_msgs__rosidl_typesupport_cpp.dir/rosidl_typesupport_cpp/champ_msgs/msg/point__type_support.cpp.o[0m
[2.007s] [ 26%] [32mBuilding CXX object CMakeFiles/champ_msgs__rosidl_typesupport_cpp.dir/rosidl_typesupport_cpp/champ_msgs/msg/point_array__type_support.cpp.o[0m
[2.007s] [ 27%] [32mBuilding CXX object CMakeFiles/champ_msgs__rosidl_typesupport_cpp.dir/rosidl_typesupport_cpp/champ_msgs/msg/joints__type_support.cpp.o[0m
[2.007s] [ 28%] [32mBuilding CXX object CMakeFiles/champ_msgs__rosidl_typesupport_cpp.dir/rosidl_typesupport_cpp/champ_msgs/msg/contacts__type_support.cpp.o[0m
[2.008s] [ 29%] [32mBuilding CXX object CMakeFiles/champ_msgs__rosidl_typesupport_cpp.dir/rosidl_typesupport_cpp/champ_msgs/msg/contacts_stamped__type_support.cpp.o[0m
[2.054s] [ 34%] [32mBuilding CXX object CMakeFiles/champ_msgs__rosidl_typesupport_introspection_cpp.dir/rosidl_typesupport_introspection_cpp/champ_msgs/msg/detail/imu__type_support.cpp.o[0m
[2.054s] [ 34%] [32mBuilding CXX object CMakeFiles/champ_msgs__rosidl_typesupport_introspection_cpp.dir/rosidl_typesupport_introspection_cpp/champ_msgs/msg/detail/pid__type_support.cpp.o[0m
[2.054s] [ 34%] [32mBuilding CXX object CMakeFiles/champ_msgs__rosidl_typesupport_introspection_cpp.dir/rosidl_typesupport_introspection_cpp/champ_msgs/msg/detail/point__type_support.cpp.o[0m
[2.054s] [ 34%] [32mBuilding CXX object CMakeFiles/champ_msgs__rosidl_typesupport_introspection_cpp.dir/rosidl_typesupport_introspection_cpp/champ_msgs/msg/detail/joints__type_support.cpp.o[0m
[2.054s] [ 34%] [32mBuilding CXX object CMakeFiles/champ_msgs__rosidl_typesupport_introspection_cpp.dir/rosidl_typesupport_introspection_cpp/champ_msgs/msg/detail/velocities__type_support.cpp.o[0m
[2.054s] [ 35%] [32mBuilding CXX object CMakeFiles/champ_msgs__rosidl_typesupport_introspection_cpp.dir/rosidl_typesupport_introspection_cpp/champ_msgs/msg/detail/point_array__type_support.cpp.o[0m
[2.055s] [ 36%] [32mBuilding CXX object CMakeFiles/champ_msgs__rosidl_typesupport_introspection_cpp.dir/rosidl_typesupport_introspection_cpp/champ_msgs/msg/detail/contacts__type_support.cpp.o[0m
[2.055s] [ 37%] [32mBuilding CXX object CMakeFiles/champ_msgs__rosidl_typesupport_introspection_cpp.dir/rosidl_typesupport_introspection_cpp/champ_msgs/msg/detail/pose__type_support.cpp.o[0m
[2.056s] [ 38%] [32mBuilding CXX object CMakeFiles/champ_msgs__rosidl_typesupport_introspection_cpp.dir/rosidl_typesupport_introspection_cpp/champ_msgs/msg/detail/contacts_stamped__type_support.cpp.o[0m
[2.087s] [ 39%] [32mBuilding CXX object CMakeFiles/champ_msgs__rosidl_typesupport_fastrtps_cpp.dir/rosidl_typesupport_fastrtps_cpp/champ_msgs/msg/detail/dds_fastrtps/velocities__type_support.cpp.o[0m
[2.087s] [ 40%] [32mBuilding CXX object CMakeFiles/champ_msgs__rosidl_typesupport_fastrtps_cpp.dir/rosidl_typesupport_fastrtps_cpp/champ_msgs/msg/detail/dds_fastrtps/pid__type_support.cpp.o[0m
[2.087s] [ 42%] [32mBuilding CXX object CMakeFiles/champ_msgs__rosidl_typesupport_fastrtps_cpp.dir/rosidl_typesupport_fastrtps_cpp/champ_msgs/msg/detail/dds_fastrtps/imu__type_support.cpp.o[0m
[2.087s] [ 42%] [32mBuilding CXX object CMakeFiles/champ_msgs__rosidl_typesupport_fastrtps_cpp.dir/rosidl_typesupport_fastrtps_cpp/champ_msgs/msg/detail/dds_fastrtps/point_array__type_support.cpp.o[0m
[2.088s] [ 43%] [32mBuilding CXX object CMakeFiles/champ_msgs__rosidl_typesupport_fastrtps_cpp.dir/rosidl_typesupport_fastrtps_cpp/champ_msgs/msg/detail/dds_fastrtps/point__type_support.cpp.o[0m
[2.088s] [ 44%] [32mBuilding CXX object CMakeFiles/champ_msgs__rosidl_typesupport_fastrtps_cpp.dir/rosidl_typesupport_fastrtps_cpp/champ_msgs/msg/detail/dds_fastrtps/contacts__type_support.cpp.o[0m
[2.088s] [ 45%] [32mBuilding CXX object CMakeFiles/champ_msgs__rosidl_typesupport_fastrtps_cpp.dir/rosidl_typesupport_fastrtps_cpp/champ_msgs/msg/detail/dds_fastrtps/joints__type_support.cpp.o[0m
[2.088s] [ 46%] [32mBuilding CXX object CMakeFiles/champ_msgs__rosidl_typesupport_fastrtps_cpp.dir/rosidl_typesupport_fastrtps_cpp/champ_msgs/msg/detail/dds_fastrtps/pose__type_support.cpp.o[0m
[2.088s] [ 47%] [32mBuilding CXX object CMakeFiles/champ_msgs__rosidl_typesupport_fastrtps_cpp.dir/rosidl_typesupport_fastrtps_cpp/champ_msgs/msg/detail/dds_fastrtps/contacts_stamped__type_support.cpp.o[0m
[2.098s] [ 50%] [32mBuilding CXX object CMakeFiles/champ_msgs__rosidl_typesupport_c.dir/rosidl_typesupport_c/champ_msgs/msg/imu__type_support.cpp.o[0m
[2.098s] [ 50%] [32mBuilding CXX object CMakeFiles/champ_msgs__rosidl_typesupport_c.dir/rosidl_typesupport_c/champ_msgs/msg/velocities__type_support.cpp.o[0m
[2.099s] [ 51%] [32mBuilding CXX object CMakeFiles/champ_msgs__rosidl_typesupport_c.dir/rosidl_typesupport_c/champ_msgs/msg/pid__type_support.cpp.o[0m
[2.129s] [ 52%] [32mBuilding CXX object CMakeFiles/champ_msgs__rosidl_typesupport_c.dir/rosidl_typesupport_c/champ_msgs/msg/joints__type_support.cpp.o[0m
[2.129s] [ 53%] [32mBuilding CXX object CMakeFiles/champ_msgs__rosidl_typesupport_c.dir/rosidl_typesupport_c/champ_msgs/msg/point_array__type_support.cpp.o[0m
[2.132s] [ 54%] [32mBuilding CXX object CMakeFiles/champ_msgs__rosidl_typesupport_c.dir/rosidl_typesupport_c/champ_msgs/msg/point__type_support.cpp.o[0m
[2.160s] [ 55%] [32mBuilding CXX object CMakeFiles/champ_msgs__rosidl_typesupport_c.dir/rosidl_typesupport_c/champ_msgs/msg/contacts__type_support.cpp.o[0m
[2.161s] [ 56%] [32mBuilding CXX object CMakeFiles/champ_msgs__rosidl_typesupport_c.dir/rosidl_typesupport_c/champ_msgs/msg/contacts_stamped__type_support.cpp.o[0m
[2.169s] [ 57%] [32mBuilding CXX object CMakeFiles/champ_msgs__rosidl_typesupport_c.dir/rosidl_typesupport_c/champ_msgs/msg/pose__type_support.cpp.o[0m
[2.199s] [ 58%] [32m[1mLinking CXX shared library libchamp_msgs__rosidl_typesupport_c.so[0m
[2.241s] [ 59%] [32m[1mLinking CXX shared library libchamp_msgs__rosidl_typesupport_cpp.so[0m
[2.247s] [ 59%] Built target champ_msgs__rosidl_typesupport_c
[2.248s] [ 61%] [32mBuilding CXX object CMakeFiles/champ_msgs__rosidl_typesupport_fastrtps_c.dir/rosidl_typesupport_fastrtps_c/champ_msgs/msg/detail/pid__type_support_c.cpp.o[0m
[2.248s] [ 63%] [32mBuilding C object CMakeFiles/champ_msgs__rosidl_typesupport_introspection_c.dir/rosidl_typesupport_introspection_c/champ_msgs/msg/detail/velocities__type_support.c.o[0m
[2.248s] [ 63%] [32mBuilding CXX object CMakeFiles/champ_msgs__rosidl_typesupport_fastrtps_c.dir/rosidl_typesupport_fastrtps_c/champ_msgs/msg/detail/velocities__type_support_c.cpp.o[0m
[2.248s] [ 63%] [32mBuilding C object CMakeFiles/champ_msgs__rosidl_typesupport_introspection_c.dir/rosidl_typesupport_introspection_c/champ_msgs/msg/detail/imu__type_support.c.o[0m
[2.248s] [ 70%] [32mBuilding C object CMakeFiles/champ_msgs__rosidl_typesupport_introspection_c.dir/rosidl_typesupport_introspection_c/champ_msgs/msg/detail/pid__type_support.c.o[0m
[2.249s] [ 70%] [32mBuilding C object CMakeFiles/champ_msgs__rosidl_typesupport_introspection_c.dir/rosidl_typesupport_introspection_c/champ_msgs/msg/detail/joints__type_support.c.o[0m
[2.249s] [ 70%] [32mBuilding C object CMakeFiles/champ_msgs__rosidl_typesupport_introspection_c.dir/rosidl_typesupport_introspection_c/champ_msgs/msg/detail/point_array__type_support.c.o[0m
[2.249s] [ 70%] [32mBuilding CXX object CMakeFiles/champ_msgs__rosidl_typesupport_fastrtps_c.dir/rosidl_typesupport_fastrtps_c/champ_msgs/msg/detail/imu__type_support_c.cpp.o[0m
[2.249s] [ 70%] [32mBuilding C object CMakeFiles/champ_msgs__rosidl_typesupport_introspection_c.dir/rosidl_typesupport_introspection_c/champ_msgs/msg/detail/contacts__type_support.c.o[0m
[2.249s] [ 70%] [32mBuilding CXX object CMakeFiles/champ_msgs__rosidl_typesupport_fastrtps_c.dir/rosidl_typesupport_fastrtps_c/champ_msgs/msg/detail/point_array__type_support_c.cpp.o[0m
[2.250s] [ 70%] [32mBuilding C object CMakeFiles/champ_msgs__rosidl_typesupport_introspection_c.dir/rosidl_typesupport_introspection_c/champ_msgs/msg/detail/point__type_support.c.o[0m
[2.251s] [ 71%] [32mBuilding CXX object CMakeFiles/champ_msgs__rosidl_typesupport_fastrtps_c.dir/rosidl_typesupport_fastrtps_c/champ_msgs/msg/detail/point__type_support_c.cpp.o[0m
[2.256s] [ 72%] [32mBuilding C object CMakeFiles/champ_msgs__rosidl_typesupport_introspection_c.dir/rosidl_typesupport_introspection_c/champ_msgs/msg/detail/contacts_stamped__type_support.c.o[0m
[2.280s] [ 73%] [32mBuilding CXX object CMakeFiles/champ_msgs__rosidl_typesupport_fastrtps_c.dir/rosidl_typesupport_fastrtps_c/champ_msgs/msg/detail/contacts_stamped__type_support_c.cpp.o[0m
[2.280s] [ 77%] [32mBuilding CXX object CMakeFiles/champ_msgs__rosidl_typesupport_fastrtps_c.dir/rosidl_typesupport_fastrtps_c/champ_msgs/msg/detail/contacts__type_support_c.cpp.o[0m
[2.280s] [ 77%] [32mBuilding CXX object CMakeFiles/champ_msgs__rosidl_typesupport_fastrtps_c.dir/rosidl_typesupport_fastrtps_c/champ_msgs/msg/detail/joints__type_support_c.cpp.o[0m
[2.280s] [ 77%] [32mBuilding C object CMakeFiles/champ_msgs__rosidl_typesupport_introspection_c.dir/rosidl_typesupport_introspection_c/champ_msgs/msg/detail/pose__type_support.c.o[0m
[2.280s] [ 78%] [32mBuilding CXX object CMakeFiles/champ_msgs__rosidl_typesupport_fastrtps_c.dir/rosidl_typesupport_fastrtps_c/champ_msgs/msg/detail/pose__type_support_c.cpp.o[0m
[2.281s] [ 78%] Built target champ_msgs__rosidl_typesupport_cpp
[2.310s] [ 79%] [32m[1mLinking C shared library libchamp_msgs__rosidl_typesupport_introspection_c.so[0m
[2.342s] [ 79%] Built target champ_msgs__rosidl_typesupport_introspection_c
[2.426s] [ 80%] [32m[1mLinking CXX shared library libchamp_msgs__rosidl_typesupport_introspection_cpp.so[0m
[2.432s] [ 81%] [32m[1mLinking CXX shared library libchamp_msgs__rosidl_typesupport_fastrtps_cpp.so[0m
[2.482s] [ 81%] Built target champ_msgs__rosidl_typesupport_introspection_cpp
[2.485s] [ 81%] Built target champ_msgs__rosidl_typesupport_fastrtps_cpp
[2.548s] [ 82%] [32m[1mLinking CXX shared library libchamp_msgs__rosidl_typesupport_fastrtps_c.so[0m
[2.608s] [ 82%] Built target champ_msgs__rosidl_typesupport_fastrtps_c
[2.635s] [ 82%] Built target champ_msgs
[2.668s] [ 83%] [34m[1mGenerating Python code for ROS interfaces[0m
[3.194s] [ 83%] Built target champ_msgs__py
[3.212s] [ 84%] [32mBuilding C object CMakeFiles/champ_msgs__rosidl_generator_py.dir/rosidl_generator_py/champ_msgs/msg/_pose_s.c.o[0m
[3.213s] [ 86%] [32mBuilding C object CMakeFiles/champ_msgs__rosidl_generator_py.dir/rosidl_generator_py/champ_msgs/msg/_joints_s.c.o[0m
[3.213s] [ 86%] [32mBuilding C object CMakeFiles/champ_msgs__rosidl_generator_py.dir/rosidl_generator_py/champ_msgs/msg/_velocities_s.c.o[0m
[3.213s] [ 88%] [32mBuilding C object CMakeFiles/champ_msgs__rosidl_generator_py.dir/rosidl_generator_py/champ_msgs/msg/_pid_s.c.o[0m
[3.213s] [ 88%] [32mBuilding C object CMakeFiles/champ_msgs__rosidl_generator_py.dir/rosidl_generator_py/champ_msgs/msg/_imu_s.c.o[0m
[3.214s] [ 89%] [32mBuilding C object CMakeFiles/champ_msgs__rosidl_generator_py.dir/rosidl_generator_py/champ_msgs/msg/_point_array_s.c.o[0m
[3.214s] [ 90%] [32mBuilding C object CMakeFiles/champ_msgs__rosidl_generator_py.dir/rosidl_generator_py/champ_msgs/msg/_point_s.c.o[0m
[3.215s] [ 91%] [32mBuilding C object CMakeFiles/champ_msgs__rosidl_generator_py.dir/rosidl_generator_py/champ_msgs/msg/_contacts_s.c.o[0m
[3.215s] [ 92%] [32mBuilding C object CMakeFiles/champ_msgs__rosidl_generator_py.dir/rosidl_generator_py/champ_msgs/msg/_contacts_stamped_s.c.o[0m
[3.294s] [ 93%] [32m[1mLinking C shared library rosidl_generator_py/champ_msgs/libchamp_msgs__rosidl_generator_py.so[0m
[3.324s] [ 93%] Built target champ_msgs__rosidl_generator_py
[3.349s] [ 94%] [32mBuilding C object CMakeFiles/champ_msgs__rosidl_typesupport_c__pyext.dir/rosidl_generator_py/champ_msgs/_champ_msgs_s.ep.rosidl_typesupport_c.c.o[0m
[3.350s] [ 95%] [32mBuilding C object CMakeFiles/champ_msgs__rosidl_typesupport_fastrtps_c__pyext.dir/rosidl_generator_py/champ_msgs/_champ_msgs_s.ep.rosidl_typesupport_fastrtps_c.c.o[0m
[3.352s] [ 96%] [32mBuilding C object CMakeFiles/champ_msgs__rosidl_typesupport_introspection_c__pyext.dir/rosidl_generator_py/champ_msgs/_champ_msgs_s.ep.rosidl_typesupport_introspection_c.c.o[0m
[3.423s] [ 97%] [32m[1mLinking C shared library rosidl_generator_py/champ_msgs/champ_msgs_s__rosidl_typesupport_fastrtps_c.cpython-310-x86_64-linux-gnu.so[0m
[3.424s] [ 98%] [32m[1mLinking C shared library rosidl_generator_py/champ_msgs/champ_msgs_s__rosidl_typesupport_c.cpython-310-x86_64-linux-gnu.so[0m
[3.428s] [100%] [32m[1mLinking C shared library rosidl_generator_py/champ_msgs/champ_msgs_s__rosidl_typesupport_introspection_c.cpython-310-x86_64-linux-gnu.so[0m
[3.453s] [100%] Built target champ_msgs__rosidl_typesupport_c__pyext
[3.454s] [100%] Built target champ_msgs__rosidl_typesupport_fastrtps_c__pyext
[3.458s] [100%] Built target champ_msgs__rosidl_typesupport_introspection_c__pyext
[3.466s] Invoked command in '/home/cxz/go2_ws/build/champ_msgs' returned '0': CMAKE_PREFIX_PATH=${CMAKE_PREFIX_PATH}:/opt/ros/humble /usr/bin/cmake --build /home/cxz/go2_ws/build/champ_msgs -- -j32 -l32
[3.467s] Invoking command in '/home/cxz/go2_ws/build/champ_msgs': CMAKE_PREFIX_PATH=${CMAKE_PREFIX_PATH}:/opt/ros/humble /usr/bin/cmake --install /home/cxz/go2_ws/build/champ_msgs
[3.477s] -- Install configuration: ""
[3.477s] -- Installing: /home/cxz/go2_ws/install/champ_msgs/share/ament_index/resource_index/rosidl_interfaces/champ_msgs
[3.477s] -- Installing: /home/cxz/go2_ws/install/champ_msgs/include/champ_msgs/champ_msgs
[3.478s] -- Installing: /home/cxz/go2_ws/install/champ_msgs/include/champ_msgs/champ_msgs/msg
[3.478s] -- Installing: /home/cxz/go2_ws/install/champ_msgs/include/champ_msgs/champ_msgs/msg/pose.h
[3.478s] -- Installing: /home/cxz/go2_ws/install/champ_msgs/include/champ_msgs/champ_msgs/msg/imu.h
[3.478s] -- Installing: /home/cxz/go2_ws/install/champ_msgs/include/champ_msgs/champ_msgs/msg/contacts.h
[3.478s] -- Installing: /home/cxz/go2_ws/install/champ_msgs/include/champ_msgs/champ_msgs/msg/rosidl_generator_c__visibility_control.h
[3.478s] -- Installing: /home/cxz/go2_ws/install/champ_msgs/include/champ_msgs/champ_msgs/msg/point_array.h
[3.478s] -- Installing: /home/cxz/go2_ws/install/champ_msgs/include/champ_msgs/champ_msgs/msg/detail
[3.478s] -- Installing: /home/cxz/go2_ws/install/champ_msgs/include/champ_msgs/champ_msgs/msg/detail/velocities__type_support.h
[3.478s] -- Installing: /home/cxz/go2_ws/install/champ_msgs/include/champ_msgs/champ_msgs/msg/detail/joints__type_support.h
[3.479s] -- Installing: /home/cxz/go2_ws/install/champ_msgs/include/champ_msgs/champ_msgs/msg/detail/point__struct.h
[3.479s] -- Installing: /home/cxz/go2_ws/install/champ_msgs/include/champ_msgs/champ_msgs/msg/detail/pid__functions.c
[3.479s] -- Installing: /home/cxz/go2_ws/install/champ_msgs/include/champ_msgs/champ_msgs/msg/detail/joints__functions.c
[3.479s] -- Installing: /home/cxz/go2_ws/install/champ_msgs/include/champ_msgs/champ_msgs/msg/detail/joints__functions.h
[3.479s] -- Installing: /home/cxz/go2_ws/install/champ_msgs/include/champ_msgs/champ_msgs/msg/detail/pose__functions.h
[3.479s] -- Installing: /home/cxz/go2_ws/install/champ_msgs/include/champ_msgs/champ_msgs/msg/detail/pid__type_support.h
[3.479s] -- Installing: /home/cxz/go2_ws/install/champ_msgs/include/champ_msgs/champ_msgs/msg/detail/imu__type_support.h
[3.479s] -- Installing: /home/cxz/go2_ws/install/champ_msgs/include/champ_msgs/champ_msgs/msg/detail/pid__struct.h
[3.479s] -- Installing: /home/cxz/go2_ws/install/champ_msgs/include/champ_msgs/champ_msgs/msg/detail/contacts_stamped__functions.c
[3.479s] -- Installing: /home/cxz/go2_ws/install/champ_msgs/include/champ_msgs/champ_msgs/msg/detail/contacts__type_support.h
[3.479s] -- Installing: /home/cxz/go2_ws/install/champ_msgs/include/champ_msgs/champ_msgs/msg/detail/point_array__type_support.h
[3.480s] -- Installing: /home/cxz/go2_ws/install/champ_msgs/include/champ_msgs/champ_msgs/msg/detail/pose__struct.h
[3.480s] -- Installing: /home/cxz/go2_ws/install/champ_msgs/include/champ_msgs/champ_msgs/msg/detail/point_array__functions.h
[3.480s] -- Installing: /home/cxz/go2_ws/install/champ_msgs/include/champ_msgs/champ_msgs/msg/detail/pose__type_support.h
[3.480s] -- Installing: /home/cxz/go2_ws/install/champ_msgs/include/champ_msgs/champ_msgs/msg/detail/point_array__struct.h
[3.480s] -- Installing: /home/cxz/go2_ws/install/champ_msgs/include/champ_msgs/champ_msgs/msg/detail/imu__functions.h
[3.480s] -- Installing: /home/cxz/go2_ws/install/champ_msgs/include/champ_msgs/champ_msgs/msg/detail/point__functions.c
[3.480s] -- Installing: /home/cxz/go2_ws/install/champ_msgs/include/champ_msgs/champ_msgs/msg/detail/contacts_stamped__functions.h
[3.480s] -- Installing: /home/cxz/go2_ws/install/champ_msgs/include/champ_msgs/champ_msgs/msg/detail/pose__functions.c
[3.480s] -- Installing: /home/cxz/go2_ws/install/champ_msgs/include/champ_msgs/champ_msgs/msg/detail/point__type_support.h
[3.480s] -- Installing: /home/cxz/go2_ws/install/champ_msgs/include/champ_msgs/champ_msgs/msg/detail/contacts_stamped__struct.h
[3.480s] -- Installing: /home/cxz/go2_ws/install/champ_msgs/include/champ_msgs/champ_msgs/msg/detail/point_array__functions.c
[3.481s] -- Installing: /home/cxz/go2_ws/install/champ_msgs/include/champ_msgs/champ_msgs/msg/detail/imu__functions.c
[3.481s] -- Installing: /home/cxz/go2_ws/install/champ_msgs/include/champ_msgs/champ_msgs/msg/detail/point__functions.h
[3.481s] -- Installing: /home/cxz/go2_ws/install/champ_msgs/include/champ_msgs/champ_msgs/msg/detail/contacts__struct.h
[3.481s] -- Installing: /home/cxz/go2_ws/install/champ_msgs/include/champ_msgs/champ_msgs/msg/detail/imu__struct.h
[3.481s] -- Installing: /home/cxz/go2_ws/install/champ_msgs/include/champ_msgs/champ_msgs/msg/detail/contacts_stamped__type_support.h
[3.481s] -- Installing: /home/cxz/go2_ws/install/champ_msgs/include/champ_msgs/champ_msgs/msg/detail/pid__functions.h
[3.481s] -- Installing: /home/cxz/go2_ws/install/champ_msgs/include/champ_msgs/champ_msgs/msg/detail/contacts__functions.c
[3.481s] -- Installing: /home/cxz/go2_ws/install/champ_msgs/include/champ_msgs/champ_msgs/msg/detail/joints__struct.h
[3.481s] -- Installing: /home/cxz/go2_ws/install/champ_msgs/include/champ_msgs/champ_msgs/msg/detail/velocities__functions.c
[3.481s] -- Installing: /home/cxz/go2_ws/install/champ_msgs/include/champ_msgs/champ_msgs/msg/detail/velocities__struct.h
[3.481s] -- Installing: /home/cxz/go2_ws/install/champ_msgs/include/champ_msgs/champ_msgs/msg/detail/velocities__functions.h
[3.481s] -- Installing: /home/cxz/go2_ws/install/champ_msgs/include/champ_msgs/champ_msgs/msg/detail/contacts__functions.h
[3.481s] -- Installing: /home/cxz/go2_ws/install/champ_msgs/include/champ_msgs/champ_msgs/msg/pid.h
[3.482s] -- Installing: /home/cxz/go2_ws/install/champ_msgs/include/champ_msgs/champ_msgs/msg/contacts_stamped.h
[3.482s] -- Installing: /home/cxz/go2_ws/install/champ_msgs/include/champ_msgs/champ_msgs/msg/point.h
[3.482s] -- Installing: /home/cxz/go2_ws/install/champ_msgs/include/champ_msgs/champ_msgs/msg/joints.h
[3.482s] -- Installing: /home/cxz/go2_ws/install/champ_msgs/include/champ_msgs/champ_msgs/msg/velocities.h
[3.482s] -- Installing: /home/cxz/go2_ws/install/champ_msgs/share/champ_msgs/environment/library_path.sh
[3.482s] -- Installing: /home/cxz/go2_ws/install/champ_msgs/share/champ_msgs/environment/library_path.dsv
[3.482s] -- Installing: /home/cxz/go2_ws/install/champ_msgs/lib/libchamp_msgs__rosidl_generator_c.so
[3.482s] -- Set runtime path of "/home/cxz/go2_ws/install/champ_msgs/lib/libchamp_msgs__rosidl_generator_c.so" to ""
[3.483s] -- Up-to-date: /home/cxz/go2_ws/install/champ_msgs/include/champ_msgs/champ_msgs
[3.483s] -- Up-to-date: /home/cxz/go2_ws/install/champ_msgs/include/champ_msgs/champ_msgs/msg
[3.483s] -- Installing: /home/cxz/go2_ws/install/champ_msgs/include/champ_msgs/champ_msgs/msg/rosidl_typesupport_fastrtps_c__visibility_control.h
[3.483s] -- Up-to-date: /home/cxz/go2_ws/install/champ_msgs/include/champ_msgs/champ_msgs/msg/detail
[3.483s] -- Installing: /home/cxz/go2_ws/install/champ_msgs/include/champ_msgs/champ_msgs/msg/detail/point__rosidl_typesupport_fastrtps_c.h
[3.483s] -- Installing: /home/cxz/go2_ws/install/champ_msgs/include/champ_msgs/champ_msgs/msg/detail/joints__rosidl_typesupport_fastrtps_c.h
[3.483s] -- Installing: /home/cxz/go2_ws/install/champ_msgs/include/champ_msgs/champ_msgs/msg/detail/contacts__rosidl_typesupport_fastrtps_c.h
[3.483s] -- Installing: /home/cxz/go2_ws/install/champ_msgs/include/champ_msgs/champ_msgs/msg/detail/imu__rosidl_typesupport_fastrtps_c.h
[3.483s] -- Installing: /home/cxz/go2_ws/install/champ_msgs/include/champ_msgs/champ_msgs/msg/detail/point_array__rosidl_typesupport_fastrtps_c.h
[3.483s] -- Installing: /home/cxz/go2_ws/install/champ_msgs/include/champ_msgs/champ_msgs/msg/detail/contacts_stamped__rosidl_typesupport_fastrtps_c.h
[3.483s] -- Installing: /home/cxz/go2_ws/install/champ_msgs/include/champ_msgs/champ_msgs/msg/detail/velocities__rosidl_typesupport_fastrtps_c.h
[3.483s] -- Installing: /home/cxz/go2_ws/install/champ_msgs/include/champ_msgs/champ_msgs/msg/detail/pose__rosidl_typesupport_fastrtps_c.h
[3.483s] -- Installing: /home/cxz/go2_ws/install/champ_msgs/include/champ_msgs/champ_msgs/msg/detail/pid__rosidl_typesupport_fastrtps_c.h
[3.483s] -- Installing: /home/cxz/go2_ws/install/champ_msgs/lib/libchamp_msgs__rosidl_typesupport_fastrtps_c.so
[3.484s] -- Set runtime path of "/home/cxz/go2_ws/install/champ_msgs/lib/libchamp_msgs__rosidl_typesupport_fastrtps_c.so" to ""
[3.484s] -- Up-to-date: /home/cxz/go2_ws/install/champ_msgs/include/champ_msgs/champ_msgs
[3.484s] -- Up-to-date: /home/cxz/go2_ws/install/champ_msgs/include/champ_msgs/champ_msgs/msg
[3.484s] -- Installing: /home/cxz/go2_ws/install/champ_msgs/include/champ_msgs/champ_msgs/msg/rosidl_typesupport_introspection_c__visibility_control.h
[3.484s] -- Up-to-date: /home/cxz/go2_ws/install/champ_msgs/include/champ_msgs/champ_msgs/msg/detail
[3.484s] -- Installing: /home/cxz/go2_ws/install/champ_msgs/include/champ_msgs/champ_msgs/msg/detail/joints__rosidl_typesupport_introspection_c.h
[3.484s] -- Installing: /home/cxz/go2_ws/install/champ_msgs/include/champ_msgs/champ_msgs/msg/detail/pid__rosidl_typesupport_introspection_c.h
[3.484s] -- Installing: /home/cxz/go2_ws/install/champ_msgs/include/champ_msgs/champ_msgs/msg/detail/point__rosidl_typesupport_introspection_c.h
[3.484s] -- Installing: /home/cxz/go2_ws/install/champ_msgs/include/champ_msgs/champ_msgs/msg/detail/contacts_stamped__rosidl_typesupport_introspection_c.h
[3.484s] -- Installing: /home/cxz/go2_ws/install/champ_msgs/include/champ_msgs/champ_msgs/msg/detail/pose__rosidl_typesupport_introspection_c.h
[3.484s] -- Installing: /home/cxz/go2_ws/install/champ_msgs/include/champ_msgs/champ_msgs/msg/detail/imu__type_support.c
[3.484s] -- Installing: /home/cxz/go2_ws/install/champ_msgs/include/champ_msgs/champ_msgs/msg/detail/contacts__type_support.c
[3.484s] -- Installing: /home/cxz/go2_ws/install/champ_msgs/include/champ_msgs/champ_msgs/msg/detail/pose__type_support.c
[3.485s] -- Installing: /home/cxz/go2_ws/install/champ_msgs/include/champ_msgs/champ_msgs/msg/detail/contacts_stamped__type_support.c
[3.485s] -- Installing: /home/cxz/go2_ws/install/champ_msgs/include/champ_msgs/champ_msgs/msg/detail/point_array__type_support.c
[3.485s] -- Installing: /home/cxz/go2_ws/install/champ_msgs/include/champ_msgs/champ_msgs/msg/detail/joints__type_support.c
[3.485s] -- Installing: /home/cxz/go2_ws/install/champ_msgs/include/champ_msgs/champ_msgs/msg/detail/pid__type_support.c
[3.485s] -- Installing: /home/cxz/go2_ws/install/champ_msgs/include/champ_msgs/champ_msgs/msg/detail/contacts__rosidl_typesupport_introspection_c.h
[3.485s] -- Installing: /home/cxz/go2_ws/install/champ_msgs/include/champ_msgs/champ_msgs/msg/detail/point__type_support.c
[3.485s] -- Installing: /home/cxz/go2_ws/install/champ_msgs/include/champ_msgs/champ_msgs/msg/detail/velocities__type_support.c
[3.485s] -- Installing: /home/cxz/go2_ws/install/champ_msgs/include/champ_msgs/champ_msgs/msg/detail/point_array__rosidl_typesupport_introspection_c.h
[3.485s] -- Installing: /home/cxz/go2_ws/install/champ_msgs/include/champ_msgs/champ_msgs/msg/detail/imu__rosidl_typesupport_introspection_c.h
[3.485s] -- Installing: /home/cxz/go2_ws/install/champ_msgs/include/champ_msgs/champ_msgs/msg/detail/velocities__rosidl_typesupport_introspection_c.h
[3.485s] -- Installing: /home/cxz/go2_ws/install/champ_msgs/lib/libchamp_msgs__rosidl_typesupport_introspection_c.so
[3.485s] -- Set runtime path of "/home/cxz/go2_ws/install/champ_msgs/lib/libchamp_msgs__rosidl_typesupport_introspection_c.so" to ""
[3.485s] -- Installing: /home/cxz/go2_ws/install/champ_msgs/lib/libchamp_msgs__rosidl_typesupport_c.so
[3.486s] -- Set runtime path of "/home/cxz/go2_ws/install/champ_msgs/lib/libchamp_msgs__rosidl_typesupport_c.so" to ""
[3.486s] -- Up-to-date: /home/cxz/go2_ws/install/champ_msgs/include/champ_msgs/champ_msgs
[3.486s] -- Up-to-date: /home/cxz/go2_ws/install/champ_msgs/include/champ_msgs/champ_msgs/msg
[3.486s] -- Installing: /home/cxz/go2_ws/install/champ_msgs/include/champ_msgs/champ_msgs/msg/contacts_stamped.hpp
[3.486s] -- Installing: /home/cxz/go2_ws/install/champ_msgs/include/champ_msgs/champ_msgs/msg/joints.hpp
[3.486s] -- Installing: /home/cxz/go2_ws/install/champ_msgs/include/champ_msgs/champ_msgs/msg/point_array.hpp
[3.486s] -- Installing: /home/cxz/go2_ws/install/champ_msgs/include/champ_msgs/champ_msgs/msg/imu.hpp
[3.486s] -- Installing: /home/cxz/go2_ws/install/champ_msgs/include/champ_msgs/champ_msgs/msg/velocities.hpp
[3.486s] -- Up-to-date: /home/cxz/go2_ws/install/champ_msgs/include/champ_msgs/champ_msgs/msg/detail
[3.486s] -- Installing: /home/cxz/go2_ws/install/champ_msgs/include/champ_msgs/champ_msgs/msg/detail/pose__traits.hpp
[3.486s] -- Installing: /home/cxz/go2_ws/install/champ_msgs/include/champ_msgs/champ_msgs/msg/detail/contacts_stamped__struct.hpp
[3.486s] -- Installing: /home/cxz/go2_ws/install/champ_msgs/include/champ_msgs/champ_msgs/msg/detail/pid__traits.hpp
[3.487s] -- Installing: /home/cxz/go2_ws/install/champ_msgs/include/champ_msgs/champ_msgs/msg/detail/imu__type_support.hpp
[3.487s] -- Installing: /home/cxz/go2_ws/install/champ_msgs/include/champ_msgs/champ_msgs/msg/detail/pid__struct.hpp
[3.487s] -- Installing: /home/cxz/go2_ws/install/champ_msgs/include/champ_msgs/champ_msgs/msg/detail/contacts_stamped__builder.hpp
[3.487s] -- Installing: /home/cxz/go2_ws/install/champ_msgs/include/champ_msgs/champ_msgs/msg/detail/pose__type_support.hpp
[3.487s] -- Installing: /home/cxz/go2_ws/install/champ_msgs/include/champ_msgs/champ_msgs/msg/detail/velocities__builder.hpp
[3.487s] -- Installing: /home/cxz/go2_ws/install/champ_msgs/include/champ_msgs/champ_msgs/msg/detail/contacts__builder.hpp
[3.487s] -- Installing: /home/cxz/go2_ws/install/champ_msgs/include/champ_msgs/champ_msgs/msg/detail/pose__builder.hpp
[3.487s] -- Installing: /home/cxz/go2_ws/install/champ_msgs/include/champ_msgs/champ_msgs/msg/detail/contacts__traits.hpp
[3.487s] -- Installing: /home/cxz/go2_ws/install/champ_msgs/include/champ_msgs/champ_msgs/msg/detail/point__builder.hpp
[3.487s] -- Installing: /home/cxz/go2_ws/install/champ_msgs/include/champ_msgs/champ_msgs/msg/detail/velocities__type_support.hpp
[3.487s] -- Installing: /home/cxz/go2_ws/install/champ_msgs/include/champ_msgs/champ_msgs/msg/detail/imu__traits.hpp
[3.487s] -- Installing: /home/cxz/go2_ws/install/champ_msgs/include/champ_msgs/champ_msgs/msg/detail/velocities__struct.hpp
[3.487s] -- Installing: /home/cxz/go2_ws/install/champ_msgs/include/champ_msgs/champ_msgs/msg/detail/pid__builder.hpp
[3.488s] -- Installing: /home/cxz/go2_ws/install/champ_msgs/include/champ_msgs/champ_msgs/msg/detail/point__traits.hpp
[3.488s] -- Installing: /home/cxz/go2_ws/install/champ_msgs/include/champ_msgs/champ_msgs/msg/detail/joints__struct.hpp
[3.488s] -- Installing: /home/cxz/go2_ws/install/champ_msgs/include/champ_msgs/champ_msgs/msg/detail/contacts__struct.hpp
[3.488s] -- Installing: /home/cxz/go2_ws/install/champ_msgs/include/champ_msgs/champ_msgs/msg/detail/point__struct.hpp
[3.488s] -- Installing: /home/cxz/go2_ws/install/champ_msgs/include/champ_msgs/champ_msgs/msg/detail/point__type_support.hpp
[3.488s] -- Installing: /home/cxz/go2_ws/install/champ_msgs/include/champ_msgs/champ_msgs/msg/detail/velocities__traits.hpp
[3.488s] -- Installing: /home/cxz/go2_ws/install/champ_msgs/include/champ_msgs/champ_msgs/msg/detail/joints__builder.hpp
[3.488s] -- Installing: /home/cxz/go2_ws/install/champ_msgs/include/champ_msgs/champ_msgs/msg/detail/contacts_stamped__traits.hpp
[3.488s] -- Installing: /home/cxz/go2_ws/install/champ_msgs/include/champ_msgs/champ_msgs/msg/detail/point_array__struct.hpp
[3.488s] -- Installing: /home/cxz/go2_ws/install/champ_msgs/include/champ_msgs/champ_msgs/msg/detail/pose__struct.hpp
[3.488s] -- Installing: /home/cxz/go2_ws/install/champ_msgs/include/champ_msgs/champ_msgs/msg/detail/contacts__type_support.hpp
[3.489s] -- Installing: /home/cxz/go2_ws/install/champ_msgs/include/champ_msgs/champ_msgs/msg/detail/imu__struct.hpp
[3.489s] -- Installing: /home/cxz/go2_ws/install/champ_msgs/include/champ_msgs/champ_msgs/msg/detail/imu__builder.hpp
[3.489s] -- Installing: /home/cxz/go2_ws/install/champ_msgs/include/champ_msgs/champ_msgs/msg/detail/joints__traits.hpp
[3.489s] -- Installing: /home/cxz/go2_ws/install/champ_msgs/include/champ_msgs/champ_msgs/msg/detail/point_array__type_support.hpp
[3.489s] -- Installing: /home/cxz/go2_ws/install/champ_msgs/include/champ_msgs/champ_msgs/msg/detail/contacts_stamped__type_support.hpp
[3.489s] -- Installing: /home/cxz/go2_ws/install/champ_msgs/include/champ_msgs/champ_msgs/msg/detail/joints__type_support.hpp
[3.489s] -- Installing: /home/cxz/go2_ws/install/champ_msgs/include/champ_msgs/champ_msgs/msg/detail/point_array__traits.hpp
[3.489s] -- Installing: /home/cxz/go2_ws/install/champ_msgs/include/champ_msgs/champ_msgs/msg/detail/point_array__builder.hpp
[3.489s] -- Installing: /home/cxz/go2_ws/install/champ_msgs/include/champ_msgs/champ_msgs/msg/detail/pid__type_support.hpp
[3.490s] -- Installing: /home/cxz/go2_ws/install/champ_msgs/include/champ_msgs/champ_msgs/msg/point.hpp
[3.490s] -- Installing: /home/cxz/go2_ws/install/champ_msgs/include/champ_msgs/champ_msgs/msg/contacts.hpp
[3.490s] -- Installing: /home/cxz/go2_ws/install/champ_msgs/include/champ_msgs/champ_msgs/msg/pid.hpp
[3.490s] -- Installing: /home/cxz/go2_ws/install/champ_msgs/include/champ_msgs/champ_msgs/msg/pose.hpp
[3.490s] -- Installing: /home/cxz/go2_ws/install/champ_msgs/include/champ_msgs/champ_msgs/msg/rosidl_generator_cpp__visibility_control.hpp
[3.490s] -- Up-to-date: /home/cxz/go2_ws/install/champ_msgs/include/champ_msgs/champ_msgs
[3.490s] -- Up-to-date: /home/cxz/go2_ws/install/champ_msgs/include/champ_msgs/champ_msgs/msg
[3.490s] -- Installing: /home/cxz/go2_ws/install/champ_msgs/include/champ_msgs/champ_msgs/msg/rosidl_typesupport_fastrtps_cpp__visibility_control.h
[3.490s] -- Up-to-date: /home/cxz/go2_ws/install/champ_msgs/include/champ_msgs/champ_msgs/msg/detail
[3.490s] -- Installing: /home/cxz/go2_ws/install/champ_msgs/include/champ_msgs/champ_msgs/msg/detail/contacts_stamped__rosidl_typesupport_fastrtps_cpp.hpp
[3.490s] -- Installing: /home/cxz/go2_ws/install/champ_msgs/include/champ_msgs/champ_msgs/msg/detail/joints__rosidl_typesupport_fastrtps_cpp.hpp
[3.490s] -- Installing: /home/cxz/go2_ws/install/champ_msgs/include/champ_msgs/champ_msgs/msg/detail/pose__rosidl_typesupport_fastrtps_cpp.hpp
[3.490s] -- Installing: /home/cxz/go2_ws/install/champ_msgs/include/champ_msgs/champ_msgs/msg/detail/velocities__rosidl_typesupport_fastrtps_cpp.hpp
[3.491s] -- Installing: /home/cxz/go2_ws/install/champ_msgs/include/champ_msgs/champ_msgs/msg/detail/pid__rosidl_typesupport_fastrtps_cpp.hpp
[3.491s] -- Installing: /home/cxz/go2_ws/install/champ_msgs/include/champ_msgs/champ_msgs/msg/detail/point_array__rosidl_typesupport_fastrtps_cpp.hpp
[3.491s] -- Installing: /home/cxz/go2_ws/install/champ_msgs/include/champ_msgs/champ_msgs/msg/detail/dds_fastrtps
[3.491s] -- Installing: /home/cxz/go2_ws/install/champ_msgs/include/champ_msgs/champ_msgs/msg/detail/contacts__rosidl_typesupport_fastrtps_cpp.hpp
[3.491s] -- Installing: /home/cxz/go2_ws/install/champ_msgs/include/champ_msgs/champ_msgs/msg/detail/point__rosidl_typesupport_fastrtps_cpp.hpp
[3.491s] -- Installing: /home/cxz/go2_ws/install/champ_msgs/include/champ_msgs/champ_msgs/msg/detail/imu__rosidl_typesupport_fastrtps_cpp.hpp
[3.491s] -- Installing: /home/cxz/go2_ws/install/champ_msgs/lib/libchamp_msgs__rosidl_typesupport_fastrtps_cpp.so
[3.491s] -- Set runtime path of "/home/cxz/go2_ws/install/champ_msgs/lib/libchamp_msgs__rosidl_typesupport_fastrtps_cpp.so" to ""
[3.491s] -- Up-to-date: /home/cxz/go2_ws/install/champ_msgs/include/champ_msgs/champ_msgs
[3.491s] -- Up-to-date: /home/cxz/go2_ws/install/champ_msgs/include/champ_msgs/champ_msgs/msg
[3.491s] -- Up-to-date: /home/cxz/go2_ws/install/champ_msgs/include/champ_msgs/champ_msgs/msg/detail
[3.492s] -- Installing: /home/cxz/go2_ws/install/champ_msgs/include/champ_msgs/champ_msgs/msg/detail/pose__rosidl_typesupport_introspection_cpp.hpp
[3.492s] -- Installing: /home/cxz/go2_ws/install/champ_msgs/include/champ_msgs/champ_msgs/msg/detail/velocities__rosidl_typesupport_introspection_cpp.hpp
[3.492s] -- Installing: /home/cxz/go2_ws/install/champ_msgs/include/champ_msgs/champ_msgs/msg/detail/point__rosidl_typesupport_introspection_cpp.hpp
[3.492s] -- Installing: /home/cxz/go2_ws/install/champ_msgs/include/champ_msgs/champ_msgs/msg/detail/contacts__rosidl_typesupport_introspection_cpp.hpp
[3.492s] -- Installing: /home/cxz/go2_ws/install/champ_msgs/include/champ_msgs/champ_msgs/msg/detail/point_array__rosidl_typesupport_introspection_cpp.hpp
[3.492s] -- Installing: /home/cxz/go2_ws/install/champ_msgs/include/champ_msgs/champ_msgs/msg/detail/imu__rosidl_typesupport_introspection_cpp.hpp
[3.492s] -- Installing: /home/cxz/go2_ws/install/champ_msgs/include/champ_msgs/champ_msgs/msg/detail/contacts_stamped__type_support.cpp
[3.492s] -- Installing: /home/cxz/go2_ws/install/champ_msgs/include/champ_msgs/champ_msgs/msg/detail/pose__type_support.cpp
[3.492s] -- Installing: /home/cxz/go2_ws/install/champ_msgs/include/champ_msgs/champ_msgs/msg/detail/pid__rosidl_typesupport_introspection_cpp.hpp
[3.492s] -- Installing: /home/cxz/go2_ws/install/champ_msgs/include/champ_msgs/champ_msgs/msg/detail/pid__type_support.cpp
[3.492s] -- Installing: /home/cxz/go2_ws/install/champ_msgs/include/champ_msgs/champ_msgs/msg/detail/contacts__type_support.cpp
[3.492s] -- Installing: /home/cxz/go2_ws/install/champ_msgs/include/champ_msgs/champ_msgs/msg/detail/velocities__type_support.cpp
[3.492s] -- Installing: /home/cxz/go2_ws/install/champ_msgs/include/champ_msgs/champ_msgs/msg/detail/joints__type_support.cpp
[3.492s] -- Installing: /home/cxz/go2_ws/install/champ_msgs/include/champ_msgs/champ_msgs/msg/detail/imu__type_support.cpp
[3.493s] -- Installing: /home/cxz/go2_ws/install/champ_msgs/include/champ_msgs/champ_msgs/msg/detail/joints__rosidl_typesupport_introspection_cpp.hpp
[3.493s] -- Installing: /home/cxz/go2_ws/install/champ_msgs/include/champ_msgs/champ_msgs/msg/detail/point_array__type_support.cpp
[3.493s] -- Installing: /home/cxz/go2_ws/install/champ_msgs/include/champ_msgs/champ_msgs/msg/detail/contacts_stamped__rosidl_typesupport_introspection_cpp.hpp
[3.493s] -- Installing: /home/cxz/go2_ws/install/champ_msgs/include/champ_msgs/champ_msgs/msg/detail/point__type_support.cpp
[3.493s] -- Installing: /home/cxz/go2_ws/install/champ_msgs/lib/libchamp_msgs__rosidl_typesupport_introspection_cpp.so
[3.493s] -- Set runtime path of "/home/cxz/go2_ws/install/champ_msgs/lib/libchamp_msgs__rosidl_typesupport_introspection_cpp.so" to ""
[3.493s] -- Installing: /home/cxz/go2_ws/install/champ_msgs/lib/libchamp_msgs__rosidl_typesupport_cpp.so
[3.493s] -- Set runtime path of "/home/cxz/go2_ws/install/champ_msgs/lib/libchamp_msgs__rosidl_typesupport_cpp.so" to ""
[3.493s] -- Installing: /home/cxz/go2_ws/install/champ_msgs/share/champ_msgs/environment/pythonpath.sh
[3.494s] -- Installing: /home/cxz/go2_ws/install/champ_msgs/share/champ_msgs/environment/pythonpath.dsv
[3.494s] -- Installing: /home/cxz/go2_ws/install/champ_msgs/local/lib/python3.10/dist-packages/champ_msgs-0.1.0-py3.10.egg-info
[3.494s] -- Installing: /home/cxz/go2_ws/install/champ_msgs/local/lib/python3.10/dist-packages/champ_msgs-0.1.0-py3.10.egg-info/SOURCES.txt
[3.494s] -- Installing: /home/cxz/go2_ws/install/champ_msgs/local/lib/python3.10/dist-packages/champ_msgs-0.1.0-py3.10.egg-info/PKG-INFO
[3.494s] -- Installing: /home/cxz/go2_ws/install/champ_msgs/local/lib/python3.10/dist-packages/champ_msgs-0.1.0-py3.10.egg-info/dependency_links.txt
[3.494s] -- Installing: /home/cxz/go2_ws/install/champ_msgs/local/lib/python3.10/dist-packages/champ_msgs-0.1.0-py3.10.egg-info/top_level.txt
[3.494s] -- Installing: /home/cxz/go2_ws/install/champ_msgs/local/lib/python3.10/dist-packages/champ_msgs
[3.494s] -- Installing: /home/cxz/go2_ws/install/champ_msgs/local/lib/python3.10/dist-packages/champ_msgs/_champ_msgs_s.ep.rosidl_typesupport_introspection_c.c
[3.494s] -- Installing: /home/cxz/go2_ws/install/champ_msgs/local/lib/python3.10/dist-packages/champ_msgs/msg
[3.494s] -- Installing: /home/cxz/go2_ws/install/champ_msgs/local/lib/python3.10/dist-packages/champ_msgs/msg/_contacts_stamped_s.c
[3.494s] -- Installing: /home/cxz/go2_ws/install/champ_msgs/local/lib/python3.10/dist-packages/champ_msgs/msg/_contacts.py
[3.494s] -- Installing: /home/cxz/go2_ws/install/champ_msgs/local/lib/python3.10/dist-packages/champ_msgs/msg/_pose.py
[3.494s] -- Installing: /home/cxz/go2_ws/install/champ_msgs/local/lib/python3.10/dist-packages/champ_msgs/msg/_joints_s.c
[3.494s] -- Installing: /home/cxz/go2_ws/install/champ_msgs/local/lib/python3.10/dist-packages/champ_msgs/msg/_point.py
[3.494s] -- Installing: /home/cxz/go2_ws/install/champ_msgs/local/lib/python3.10/dist-packages/champ_msgs/msg/_contacts_s.c
[3.494s] -- Installing: /home/cxz/go2_ws/install/champ_msgs/local/lib/python3.10/dist-packages/champ_msgs/msg/_pose_s.c
[3.494s] -- Installing: /home/cxz/go2_ws/install/champ_msgs/local/lib/python3.10/dist-packages/champ_msgs/msg/_velocities_s.c
[3.494s] -- Installing: /home/cxz/go2_ws/install/champ_msgs/local/lib/python3.10/dist-packages/champ_msgs/msg/_point_array.py
[3.494s] -- Installing: /home/cxz/go2_ws/install/champ_msgs/local/lib/python3.10/dist-packages/champ_msgs/msg/__init__.py
[3.495s] -- Installing: /home/cxz/go2_ws/install/champ_msgs/local/lib/python3.10/dist-packages/champ_msgs/msg/_joints.py
[3.495s] -- Installing: /home/cxz/go2_ws/install/champ_msgs/local/lib/python3.10/dist-packages/champ_msgs/msg/_contacts_stamped.py
[3.495s] -- Installing: /home/cxz/go2_ws/install/champ_msgs/local/lib/python3.10/dist-packages/champ_msgs/msg/_pid.py
[3.495s] -- Installing: /home/cxz/go2_ws/install/champ_msgs/local/lib/python3.10/dist-packages/champ_msgs/msg/_imu_s.c
[3.495s] -- Installing: /home/cxz/go2_ws/install/champ_msgs/local/lib/python3.10/dist-packages/champ_msgs/msg/_velocities.py
[3.495s] -- Installing: /home/cxz/go2_ws/install/champ_msgs/local/lib/python3.10/dist-packages/champ_msgs/msg/_point_s.c
[3.495s] -- Installing: /home/cxz/go2_ws/install/champ_msgs/local/lib/python3.10/dist-packages/champ_msgs/msg/_imu.py
[3.495s] -- Installing: /home/cxz/go2_ws/install/champ_msgs/local/lib/python3.10/dist-packages/champ_msgs/msg/_point_array_s.c
[3.495s] -- Installing: /home/cxz/go2_ws/install/champ_msgs/local/lib/python3.10/dist-packages/champ_msgs/msg/_pid_s.c
[3.495s] -- Installing: /home/cxz/go2_ws/install/champ_msgs/local/lib/python3.10/dist-packages/champ_msgs/champ_msgs_s__rosidl_typesupport_c.cpython-310-x86_64-linux-gnu.so
[3.495s] -- Installing: /home/cxz/go2_ws/install/champ_msgs/local/lib/python3.10/dist-packages/champ_msgs/_champ_msgs_s.ep.rosidl_typesupport_fastrtps_c.c
[3.495s] -- Installing: /home/cxz/go2_ws/install/champ_msgs/local/lib/python3.10/dist-packages/champ_msgs/__init__.py
[3.495s] -- Installing: /home/cxz/go2_ws/install/champ_msgs/local/lib/python3.10/dist-packages/champ_msgs/libchamp_msgs__rosidl_generator_py.so
[3.495s] -- Installing: /home/cxz/go2_ws/install/champ_msgs/local/lib/python3.10/dist-packages/champ_msgs/_champ_msgs_s.ep.rosidl_typesupport_c.c
[3.495s] -- Installing: /home/cxz/go2_ws/install/champ_msgs/local/lib/python3.10/dist-packages/champ_msgs/champ_msgs_s__rosidl_typesupport_fastrtps_c.cpython-310-x86_64-linux-gnu.so
[3.495s] -- Installing: /home/cxz/go2_ws/install/champ_msgs/local/lib/python3.10/dist-packages/champ_msgs/champ_msgs_s__rosidl_typesupport_introspection_c.cpython-310-x86_64-linux-gnu.so
[3.523s] Listing '/home/cxz/go2_ws/install/champ_msgs/local/lib/python3.10/dist-packages/champ_msgs'...
[3.523s] Compiling '/home/cxz/go2_ws/install/champ_msgs/local/lib/python3.10/dist-packages/champ_msgs/__init__.py'...
[3.523s] Listing '/home/cxz/go2_ws/install/champ_msgs/local/lib/python3.10/dist-packages/champ_msgs/msg'...
[3.524s] Compiling '/home/cxz/go2_ws/install/champ_msgs/local/lib/python3.10/dist-packages/champ_msgs/msg/__init__.py'...
[3.524s] Compiling '/home/cxz/go2_ws/install/champ_msgs/local/lib/python3.10/dist-packages/champ_msgs/msg/_contacts.py'...
[3.524s] Compiling '/home/cxz/go2_ws/install/champ_msgs/local/lib/python3.10/dist-packages/champ_msgs/msg/_contacts_stamped.py'...
[3.524s] Compiling '/home/cxz/go2_ws/install/champ_msgs/local/lib/python3.10/dist-packages/champ_msgs/msg/_imu.py'...
[3.524s] Compiling '/home/cxz/go2_ws/install/champ_msgs/local/lib/python3.10/dist-packages/champ_msgs/msg/_joints.py'...
[3.524s] Compiling '/home/cxz/go2_ws/install/champ_msgs/local/lib/python3.10/dist-packages/champ_msgs/msg/_pid.py'...
[3.524s] Compiling '/home/cxz/go2_ws/install/champ_msgs/local/lib/python3.10/dist-packages/champ_msgs/msg/_point.py'...
[3.524s] Compiling '/home/cxz/go2_ws/install/champ_msgs/local/lib/python3.10/dist-packages/champ_msgs/msg/_point_array.py'...
[3.524s] Compiling '/home/cxz/go2_ws/install/champ_msgs/local/lib/python3.10/dist-packages/champ_msgs/msg/_pose.py'...
[3.524s] Compiling '/home/cxz/go2_ws/install/champ_msgs/local/lib/python3.10/dist-packages/champ_msgs/msg/_velocities.py'...
[3.526s] -- Installing: /home/cxz/go2_ws/install/champ_msgs/local/lib/python3.10/dist-packages/champ_msgs/champ_msgs_s__rosidl_typesupport_fastrtps_c.cpython-310-x86_64-linux-gnu.so
[3.526s] -- Set runtime path of "/home/cxz/go2_ws/install/champ_msgs/local/lib/python3.10/dist-packages/champ_msgs/champ_msgs_s__rosidl_typesupport_fastrtps_c.cpython-310-x86_64-linux-gnu.so" to ""
[3.527s] -- Installing: /home/cxz/go2_ws/install/champ_msgs/local/lib/python3.10/dist-packages/champ_msgs/champ_msgs_s__rosidl_typesupport_introspection_c.cpython-310-x86_64-linux-gnu.so
[3.527s] -- Set runtime path of "/home/cxz/go2_ws/install/champ_msgs/local/lib/python3.10/dist-packages/champ_msgs/champ_msgs_s__rosidl_typesupport_introspection_c.cpython-310-x86_64-linux-gnu.so" to ""
[3.527s] -- Installing: /home/cxz/go2_ws/install/champ_msgs/local/lib/python3.10/dist-packages/champ_msgs/champ_msgs_s__rosidl_typesupport_c.cpython-310-x86_64-linux-gnu.so
[3.527s] -- Set runtime path of "/home/cxz/go2_ws/install/champ_msgs/local/lib/python3.10/dist-packages/champ_msgs/champ_msgs_s__rosidl_typesupport_c.cpython-310-x86_64-linux-gnu.so" to ""
[3.527s] -- Installing: /home/cxz/go2_ws/install/champ_msgs/lib/libchamp_msgs__rosidl_generator_py.so
[3.527s] -- Set runtime path of "/home/cxz/go2_ws/install/champ_msgs/lib/libchamp_msgs__rosidl_generator_py.so" to ""
[3.527s] -- Installing: /home/cxz/go2_ws/install/champ_msgs/share/ament_index/resource_index/rust_packages/champ_msgs
[3.527s] -- Installing: /home/cxz/go2_ws/install/champ_msgs/share/champ_msgs/rust
[3.527s] -- Installing: /home/cxz/go2_ws/install/champ_msgs/share/champ_msgs/rust/build.rs
[3.527s] -- Installing: /home/cxz/go2_ws/install/champ_msgs/share/champ_msgs/rust/Cargo.toml
[3.527s] -- Installing: /home/cxz/go2_ws/install/champ_msgs/share/champ_msgs/rust/src
[3.527s] -- Installing: /home/cxz/go2_ws/install/champ_msgs/share/champ_msgs/rust/src/lib.rs
[3.528s] -- Installing: /home/cxz/go2_ws/install/champ_msgs/share/champ_msgs/rust/src/msg
[3.528s] -- Installing: /home/cxz/go2_ws/install/champ_msgs/share/champ_msgs/rust/src/msg/rmw.rs
[3.528s] -- Installing: /home/cxz/go2_ws/install/champ_msgs/share/champ_msgs/rust/src/msg.rs
[3.528s] -- Installing: /home/cxz/go2_ws/install/champ_msgs/share/champ_msgs/msg/Velocities.idl
[3.528s] -- Installing: /home/cxz/go2_ws/install/champ_msgs/share/champ_msgs/msg/PID.idl
[3.528s] -- Installing: /home/cxz/go2_ws/install/champ_msgs/share/champ_msgs/msg/Imu.idl
[3.528s] -- Installing: /home/cxz/go2_ws/install/champ_msgs/share/champ_msgs/msg/Point.idl
[3.528s] -- Installing: /home/cxz/go2_ws/install/champ_msgs/share/champ_msgs/msg/PointArray.idl
[3.528s] -- Installing: /home/cxz/go2_ws/install/champ_msgs/share/champ_msgs/msg/Joints.idl
[3.528s] -- Installing: /home/cxz/go2_ws/install/champ_msgs/share/champ_msgs/msg/Contacts.idl
[3.528s] -- Installing: /home/cxz/go2_ws/install/champ_msgs/share/champ_msgs/msg/ContactsStamped.idl
[3.528s] -- Installing: /home/cxz/go2_ws/install/champ_msgs/share/champ_msgs/msg/Pose.idl
[3.528s] -- Installing: /home/cxz/go2_ws/install/champ_msgs/share/champ_msgs/msg/Velocities.msg
[3.528s] -- Installing: /home/cxz/go2_ws/install/champ_msgs/share/champ_msgs/msg/PID.msg
[3.528s] -- Installing: /home/cxz/go2_ws/install/champ_msgs/share/champ_msgs/msg/Imu.msg
[3.528s] -- Installing: /home/cxz/go2_ws/install/champ_msgs/share/champ_msgs/msg/Point.msg
[3.528s] -- Installing: /home/cxz/go2_ws/install/champ_msgs/share/champ_msgs/msg/PointArray.msg
[3.528s] -- Installing: /home/cxz/go2_ws/install/champ_msgs/share/champ_msgs/msg/Joints.msg
[3.528s] -- Installing: /home/cxz/go2_ws/install/champ_msgs/share/champ_msgs/msg/Contacts.msg
[3.528s] -- Installing: /home/cxz/go2_ws/install/champ_msgs/share/champ_msgs/msg/ContactsStamped.msg
[3.528s] -- Installing: /home/cxz/go2_ws/install/champ_msgs/share/champ_msgs/msg/Pose.msg
[3.528s] -- Installing: /home/cxz/go2_ws/install/champ_msgs/share/ament_index/resource_index/package_run_dependencies/champ_msgs
[3.528s] -- Installing: /home/cxz/go2_ws/install/champ_msgs/share/ament_index/resource_index/parent_prefix_path/champ_msgs
[3.528s] -- Installing: /home/cxz/go2_ws/install/champ_msgs/share/champ_msgs/environment/ament_prefix_path.sh
[3.528s] -- Installing: /home/cxz/go2_ws/install/champ_msgs/share/champ_msgs/environment/ament_prefix_path.dsv
[3.529s] -- Installing: /home/cxz/go2_ws/install/champ_msgs/share/champ_msgs/environment/path.sh
[3.529s] -- Installing: /home/cxz/go2_ws/install/champ_msgs/share/champ_msgs/environment/path.dsv
[3.529s] -- Installing: /home/cxz/go2_ws/install/champ_msgs/share/champ_msgs/local_setup.bash
[3.529s] -- Installing: /home/cxz/go2_ws/install/champ_msgs/share/champ_msgs/local_setup.sh
[3.529s] -- Installing: /home/cxz/go2_ws/install/champ_msgs/share/champ_msgs/local_setup.zsh
[3.529s] -- Installing: /home/cxz/go2_ws/install/champ_msgs/share/champ_msgs/local_setup.dsv
[3.529s] -- Installing: /home/cxz/go2_ws/install/champ_msgs/share/champ_msgs/package.dsv
[3.529s] -- Installing: /home/cxz/go2_ws/install/champ_msgs/share/ament_index/resource_index/packages/champ_msgs
[3.529s] -- Installing: /home/cxz/go2_ws/install/champ_msgs/share/champ_msgs/cmake/export_champ_msgs__rosidl_generator_cExport.cmake
[3.529s] -- Installing: /home/cxz/go2_ws/install/champ_msgs/share/champ_msgs/cmake/export_champ_msgs__rosidl_generator_cExport-noconfig.cmake
[3.529s] -- Installing: /home/cxz/go2_ws/install/champ_msgs/share/champ_msgs/cmake/export_champ_msgs__rosidl_typesupport_fastrtps_cExport.cmake
[3.529s] -- Installing: /home/cxz/go2_ws/install/champ_msgs/share/champ_msgs/cmake/export_champ_msgs__rosidl_typesupport_fastrtps_cExport-noconfig.cmake
[3.529s] -- Installing: /home/cxz/go2_ws/install/champ_msgs/share/champ_msgs/cmake/champ_msgs__rosidl_typesupport_introspection_cExport.cmake
[3.529s] -- Installing: /home/cxz/go2_ws/install/champ_msgs/share/champ_msgs/cmake/champ_msgs__rosidl_typesupport_introspection_cExport-noconfig.cmake
[3.529s] -- Installing: /home/cxz/go2_ws/install/champ_msgs/share/champ_msgs/cmake/champ_msgs__rosidl_typesupport_cExport.cmake
[3.529s] -- Installing: /home/cxz/go2_ws/install/champ_msgs/share/champ_msgs/cmake/champ_msgs__rosidl_typesupport_cExport-noconfig.cmake
[3.529s] -- Installing: /home/cxz/go2_ws/install/champ_msgs/share/champ_msgs/cmake/export_champ_msgs__rosidl_generator_cppExport.cmake
[3.529s] -- Installing: /home/cxz/go2_ws/install/champ_msgs/share/champ_msgs/cmake/export_champ_msgs__rosidl_typesupport_fastrtps_cppExport.cmake
[3.529s] -- Installing: /home/cxz/go2_ws/install/champ_msgs/share/champ_msgs/cmake/export_champ_msgs__rosidl_typesupport_fastrtps_cppExport-noconfig.cmake
[3.529s] -- Installing: /home/cxz/go2_ws/install/champ_msgs/share/champ_msgs/cmake/champ_msgs__rosidl_typesupport_introspection_cppExport.cmake
[3.529s] -- Installing: /home/cxz/go2_ws/install/champ_msgs/share/champ_msgs/cmake/champ_msgs__rosidl_typesupport_introspection_cppExport-noconfig.cmake
[3.529s] -- Installing: /home/cxz/go2_ws/install/champ_msgs/share/champ_msgs/cmake/champ_msgs__rosidl_typesupport_cppExport.cmake
[3.529s] -- Installing: /home/cxz/go2_ws/install/champ_msgs/share/champ_msgs/cmake/champ_msgs__rosidl_typesupport_cppExport-noconfig.cmake
[3.530s] -- Installing: /home/cxz/go2_ws/install/champ_msgs/share/champ_msgs/cmake/export_champ_msgs__rosidl_generator_pyExport.cmake
[3.530s] -- Installing: /home/cxz/go2_ws/install/champ_msgs/share/champ_msgs/cmake/export_champ_msgs__rosidl_generator_pyExport-noconfig.cmake
[3.530s] -- Installing: /home/cxz/go2_ws/install/champ_msgs/share/champ_msgs/cmake/rosidl_cmake-extras.cmake
[3.530s] -- Installing: /home/cxz/go2_ws/install/champ_msgs/share/champ_msgs/cmake/ament_cmake_export_dependencies-extras.cmake
[3.530s] -- Installing: /home/cxz/go2_ws/install/champ_msgs/share/champ_msgs/cmake/ament_cmake_export_include_directories-extras.cmake
[3.530s] -- Installing: /home/cxz/go2_ws/install/champ_msgs/share/champ_msgs/cmake/ament_cmake_export_libraries-extras.cmake
[3.530s] -- Installing: /home/cxz/go2_ws/install/champ_msgs/share/champ_msgs/cmake/ament_cmake_export_targets-extras.cmake
[3.530s] -- Installing: /home/cxz/go2_ws/install/champ_msgs/share/champ_msgs/cmake/rosidl_cmake_export_typesupport_targets-extras.cmake
[3.530s] -- Installing: /home/cxz/go2_ws/install/champ_msgs/share/champ_msgs/cmake/rosidl_cmake_export_typesupport_libraries-extras.cmake
[3.530s] -- Installing: /home/cxz/go2_ws/install/champ_msgs/share/champ_msgs/cmake/champ_msgsConfig.cmake
[3.530s] -- Installing: /home/cxz/go2_ws/install/champ_msgs/share/champ_msgs/cmake/champ_msgsConfig-version.cmake
[3.530s] -- Installing: /home/cxz/go2_ws/install/champ_msgs/share/champ_msgs/package.xml
[3.532s] Invoked command in '/home/cxz/go2_ws/build/champ_msgs' returned '0': CMAKE_PREFIX_PATH=${CMAKE_PREFIX_PATH}:/opt/ros/humble /usr/bin/cmake --install /home/cxz/go2_ws/build/champ_msgs
