-- Install configuration: ""
-- Execute custom install script
-- Up-to-date symlink: /home/cxz/go2_ws/install/m20_description/share/m20_description/config/ros_control/ros_control.yaml
-- Up-to-date symlink: /home/cxz/go2_ws/install/m20_description/share/m20_description/launch/description.launch.py
-- Up-to-date symlink: /home/cxz/go2_ws/install/m20_description/share/m20_description/meshes/base_link.STL
-- Up-to-date symlink: /home/cxz/go2_ws/install/m20_description/share/m20_description/meshes/fl_hipx.STL
-- Up-to-date symlink: /home/cxz/go2_ws/install/m20_description/share/m20_description/meshes/fl_hipy.STL
-- Up-to-date symlink: /home/cxz/go2_ws/install/m20_description/share/m20_description/meshes/fl_knee.STL
-- Up-to-date symlink: /home/cxz/go2_ws/install/m20_description/share/m20_description/meshes/fl_wheel.STL
-- Up-to-date symlink: /home/cxz/go2_ws/install/m20_description/share/m20_description/meshes/fr_hipx.STL
-- Up-to-date symlink: /home/cxz/go2_ws/install/m20_description/share/m20_description/meshes/fr_hipy.STL
-- Up-to-date symlink: /home/cxz/go2_ws/install/m20_description/share/m20_description/meshes/fr_knee.STL
-- Up-to-date symlink: /home/cxz/go2_ws/install/m20_description/share/m20_description/meshes/fr_wheel.STL
-- Up-to-date symlink: /home/cxz/go2_ws/install/m20_description/share/m20_description/meshes/hl_hipx.STL
-- Up-to-date symlink: /home/cxz/go2_ws/install/m20_description/share/m20_description/meshes/hl_hipy.STL
-- Up-to-date symlink: /home/cxz/go2_ws/install/m20_description/share/m20_description/meshes/hl_knee.STL
-- Up-to-date symlink: /home/cxz/go2_ws/install/m20_description/share/m20_description/meshes/hl_wheel.STL
-- Up-to-date symlink: /home/cxz/go2_ws/install/m20_description/share/m20_description/meshes/hr_hipx.STL
-- Up-to-date symlink: /home/cxz/go2_ws/install/m20_description/share/m20_description/meshes/hr_hipy.STL
-- Up-to-date symlink: /home/cxz/go2_ws/install/m20_description/share/m20_description/meshes/hr_knee.STL
-- Up-to-date symlink: /home/cxz/go2_ws/install/m20_description/share/m20_description/meshes/hr_wheel.STL
-- Up-to-date symlink: /home/cxz/go2_ws/install/m20_description/share/m20_description/urdf/m20_description copy 2.urdf
-- Up-to-date symlink: /home/cxz/go2_ws/install/m20_description/share/m20_description/urdf/m20_description copy 3.urdf
-- Up-to-date symlink: /home/cxz/go2_ws/install/m20_description/share/m20_description/urdf/m20_description copy 4.urdf
-- Up-to-date symlink: /home/cxz/go2_ws/install/m20_description/share/m20_description/urdf/m20_description copy.urdf
-- Up-to-date symlink: /home/cxz/go2_ws/install/m20_description/share/m20_description/urdf/m20_description.urdf
-- Up-to-date symlink: /home/cxz/go2_ws/install/m20_description/share/m20_description/urdf/m20_description><.urdf
-- Up-to-date symlink: /home/cxz/go2_ws/install/m20_description/share/m20_description/urdf/m20_description_><.urdf
-- Up-to-date symlink: /home/cxz/go2_ws/install/m20_description/share/m20_description/urdf/m20_description_>>.urdf
-- Up-to-date symlink: /home/cxz/go2_ws/install/m20_description/share/ament_index/resource_index/package_run_dependencies/m20_description
-- Up-to-date symlink: /home/cxz/go2_ws/install/m20_description/share/ament_index/resource_index/parent_prefix_path/m20_description
-- Up-to-date symlink: /home/cxz/go2_ws/install/m20_description/share/m20_description/environment/ament_prefix_path.sh
-- Up-to-date symlink: /home/cxz/go2_ws/install/m20_description/share/m20_description/environment/ament_prefix_path.dsv
-- Up-to-date symlink: /home/cxz/go2_ws/install/m20_description/share/m20_description/environment/path.sh
-- Up-to-date symlink: /home/cxz/go2_ws/install/m20_description/share/m20_description/environment/path.dsv
-- Up-to-date symlink: /home/cxz/go2_ws/install/m20_description/share/m20_description/local_setup.bash
-- Up-to-date symlink: /home/cxz/go2_ws/install/m20_description/share/m20_description/local_setup.sh
-- Up-to-date symlink: /home/cxz/go2_ws/install/m20_description/share/m20_description/local_setup.zsh
-- Up-to-date symlink: /home/cxz/go2_ws/install/m20_description/share/m20_description/local_setup.dsv
-- Symlinking: /home/cxz/go2_ws/install/m20_description/share/m20_description/package.dsv
-- Up-to-date symlink: /home/cxz/go2_ws/install/m20_description/share/ament_index/resource_index/packages/m20_description
-- Up-to-date symlink: /home/cxz/go2_ws/install/m20_description/share/m20_description/cmake/m20_descriptionConfig.cmake
-- Up-to-date symlink: /home/cxz/go2_ws/install/m20_description/share/m20_description/cmake/m20_descriptionConfig-version.cmake
-- Up-to-date symlink: /home/cxz/go2_ws/install/m20_description/share/m20_description/package.xml
