-- Found ament_cmake: 1.3.14 (/opt/ros/humble/share/ament_cmake/cmake)
-- Override CMake install command with custom implementation using symlinks instead of copying resources
-- Configuring done
-- Generating done
-- Build files have been written to: /home/cxz/go2_ws/build/m20_config
-- Install configuration: ""
-- Execute custom install script
-- Symlinking: /home/cxz/go2_ws/install/m20_config/share/m20_config/launch/bringup.launch.py
-- Symlinking: /home/cxz/go2_ws/install/m20_config/share/m20_config/launch/gazebo.launch.py
-- Symlinking: /home/cxz/go2_ws/install/m20_config/share/m20_config/launch/gazebo_velodyne.launch.py
-- Symlinking: /home/cxz/go2_ws/install/m20_config/share/m20_config/launch/navigate.launch.py
-- Symlinking: /home/cxz/go2_ws/install/m20_config/share/m20_config/launch/slam.launch.py
-- Symlinking: /home/cxz/go2_ws/install/m20_config/share/m20_config/config/autonomy/navigation.yaml
-- Symlinking: /home/cxz/go2_ws/install/m20_config/share/m20_config/config/autonomy/slam.yaml
-- Symlinking: /home/cxz/go2_ws/install/m20_config/share/m20_config/config/gait/gait copy.yaml
-- Symlinking: /home/cxz/go2_ws/install/m20_config/share/m20_config/config/gait/gait.yaml
-- Symlinking: /home/cxz/go2_ws/install/m20_config/share/m20_config/config/joints/joints.yaml
-- Symlinking: /home/cxz/go2_ws/install/m20_config/share/m20_config/config/links/links.yaml
-- Symlinking: /home/cxz/go2_ws/install/m20_config/share/m20_config/config/ros_control/ros_control.yaml
-- Symlinking: /home/cxz/go2_ws/install/m20_config/share/m20_config/maps/map.pgm
-- Symlinking: /home/cxz/go2_ws/install/m20_config/share/m20_config/maps/map.yaml
-- Symlinking: /home/cxz/go2_ws/install/m20_config/share/m20_config/maps/playground.pgm
-- Symlinking: /home/cxz/go2_ws/install/m20_config/share/m20_config/maps/playground.yaml
-- Symlinking: /home/cxz/go2_ws/install/m20_config/share/m20_config/worlds/default.world
-- Symlinking: /home/cxz/go2_ws/install/m20_config/share/m20_config/worlds/outdoor.world
-- Symlinking: /home/cxz/go2_ws/install/m20_config/share/m20_config/worlds/playground.world
-- Symlinking: /home/cxz/go2_ws/install/m20_config/share/ament_index/resource_index/package_run_dependencies/m20_config
-- Symlinking: /home/cxz/go2_ws/install/m20_config/share/ament_index/resource_index/parent_prefix_path/m20_config
-- Symlinking: /home/cxz/go2_ws/install/m20_config/share/m20_config/environment/ament_prefix_path.sh
-- Symlinking: /home/cxz/go2_ws/install/m20_config/share/m20_config/environment/ament_prefix_path.dsv
-- Symlinking: /home/cxz/go2_ws/install/m20_config/share/m20_config/environment/path.sh
-- Symlinking: /home/cxz/go2_ws/install/m20_config/share/m20_config/environment/path.dsv
-- Symlinking: /home/cxz/go2_ws/install/m20_config/share/m20_config/local_setup.bash
-- Symlinking: /home/cxz/go2_ws/install/m20_config/share/m20_config/local_setup.sh
-- Symlinking: /home/cxz/go2_ws/install/m20_config/share/m20_config/local_setup.zsh
-- Symlinking: /home/cxz/go2_ws/install/m20_config/share/m20_config/local_setup.dsv
-- Symlinking: /home/cxz/go2_ws/install/m20_config/share/m20_config/package.dsv
-- Symlinking: /home/cxz/go2_ws/install/m20_config/share/ament_index/resource_index/packages/m20_config
-- Symlinking: /home/cxz/go2_ws/install/m20_config/share/m20_config/cmake/m20_configConfig.cmake
-- Symlinking: /home/cxz/go2_ws/install/m20_config/share/m20_config/cmake/m20_configConfig-version.cmake
-- Symlinking: /home/cxz/go2_ws/install/m20_config/share/m20_config/package.xml
