[0.008s] Invoking command in '/home/cxz/go2_ws/build/m20_config': CMAKE_PREFIX_PATH=${CMAKE_PREFIX_PATH}:/opt/ros/humble /usr/bin/cmake /home/cxz/go2_ws/src/unitree-go2-ros2/robots/configs/m20_config -DAMENT_CMAKE_SYMLINK_INSTALL=1 -DCMAKE_INSTALL_PREFIX=/home/cxz/go2_ws/install/m20_config
[0.017s] -- Found ament_cmake: 1.3.14 (/opt/ros/humble/share/ament_cmake/cmake)
[0.102s] -- Override CMake install command with custom implementation using symlinks instead of copying resources
[0.152s] -- Configuring done
[0.153s] -- Generating done
[0.154s] -- Build files have been written to: /home/cxz/go2_ws/build/m20_config
[0.157s] Invoked command in '/home/cxz/go2_ws/build/m20_config' returned '0': CMAKE_PREFIX_PATH=${CMAKE_PREFIX_PATH}:/opt/ros/humble /usr/bin/cmake /home/cxz/go2_ws/src/unitree-go2-ros2/robots/configs/m20_config -DAMENT_CMAKE_SYMLINK_INSTALL=1 -DCMAKE_INSTALL_PREFIX=/home/cxz/go2_ws/install/m20_config
[0.157s] Invoking command in '/home/cxz/go2_ws/build/m20_config': CMAKE_PREFIX_PATH=${CMAKE_PREFIX_PATH}:/opt/ros/humble /usr/bin/cmake --build /home/cxz/go2_ws/build/m20_config -- -j32 -l32
[0.188s] Invoked command in '/home/cxz/go2_ws/build/m20_config' returned '0': CMAKE_PREFIX_PATH=${CMAKE_PREFIX_PATH}:/opt/ros/humble /usr/bin/cmake --build /home/cxz/go2_ws/build/m20_config -- -j32 -l32
[0.197s] Invoking command in '/home/cxz/go2_ws/build/m20_config': CMAKE_PREFIX_PATH=${CMAKE_PREFIX_PATH}:/opt/ros/humble /usr/bin/cmake --install /home/cxz/go2_ws/build/m20_config
[0.203s] -- Install configuration: ""
[0.204s] -- Execute custom install script
[0.204s] -- Symlinking: /home/cxz/go2_ws/install/m20_config/share/m20_config/launch/bringup.launch.py
[0.215s] -- Symlinking: /home/cxz/go2_ws/install/m20_config/share/m20_config/launch/gazebo.launch.py
[0.224s] -- Symlinking: /home/cxz/go2_ws/install/m20_config/share/m20_config/launch/gazebo_velodyne.launch.py
[0.233s] -- Symlinking: /home/cxz/go2_ws/install/m20_config/share/m20_config/launch/navigate.launch.py
[0.245s] -- Symlinking: /home/cxz/go2_ws/install/m20_config/share/m20_config/launch/slam.launch.py
[0.256s] -- Symlinking: /home/cxz/go2_ws/install/m20_config/share/m20_config/config/autonomy/navigation.yaml
[0.263s] -- Symlinking: /home/cxz/go2_ws/install/m20_config/share/m20_config/config/autonomy/slam.yaml
[0.268s] -- Symlinking: /home/cxz/go2_ws/install/m20_config/share/m20_config/config/gait/gait copy.yaml
[0.273s] -- Symlinking: /home/cxz/go2_ws/install/m20_config/share/m20_config/config/gait/gait.yaml
[0.279s] -- Symlinking: /home/cxz/go2_ws/install/m20_config/share/m20_config/config/joints/joints.yaml
[0.285s] -- Symlinking: /home/cxz/go2_ws/install/m20_config/share/m20_config/config/links/links.yaml
[0.290s] -- Symlinking: /home/cxz/go2_ws/install/m20_config/share/m20_config/config/ros_control/ros_control.yaml
[0.297s] -- Symlinking: /home/cxz/go2_ws/install/m20_config/share/m20_config/maps/map.pgm
[0.303s] -- Symlinking: /home/cxz/go2_ws/install/m20_config/share/m20_config/maps/map.yaml
[0.308s] -- Symlinking: /home/cxz/go2_ws/install/m20_config/share/m20_config/maps/playground.pgm
[0.314s] -- Symlinking: /home/cxz/go2_ws/install/m20_config/share/m20_config/maps/playground.yaml
[0.319s] -- Symlinking: /home/cxz/go2_ws/install/m20_config/share/m20_config/worlds/default.world
[0.324s] -- Symlinking: /home/cxz/go2_ws/install/m20_config/share/m20_config/worlds/outdoor.world
[0.330s] -- Symlinking: /home/cxz/go2_ws/install/m20_config/share/m20_config/worlds/playground.world
[0.335s] -- Symlinking: /home/cxz/go2_ws/install/m20_config/share/ament_index/resource_index/package_run_dependencies/m20_config
[0.340s] -- Symlinking: /home/cxz/go2_ws/install/m20_config/share/ament_index/resource_index/parent_prefix_path/m20_config
[0.346s] -- Symlinking: /home/cxz/go2_ws/install/m20_config/share/m20_config/environment/ament_prefix_path.sh
[0.352s] -- Symlinking: /home/cxz/go2_ws/install/m20_config/share/m20_config/environment/ament_prefix_path.dsv
[0.358s] -- Symlinking: /home/cxz/go2_ws/install/m20_config/share/m20_config/environment/path.sh
[0.363s] -- Symlinking: /home/cxz/go2_ws/install/m20_config/share/m20_config/environment/path.dsv
[0.368s] -- Symlinking: /home/cxz/go2_ws/install/m20_config/share/m20_config/local_setup.bash
[0.374s] -- Symlinking: /home/cxz/go2_ws/install/m20_config/share/m20_config/local_setup.sh
[0.379s] -- Symlinking: /home/cxz/go2_ws/install/m20_config/share/m20_config/local_setup.zsh
[0.385s] -- Symlinking: /home/cxz/go2_ws/install/m20_config/share/m20_config/local_setup.dsv
[0.391s] -- Symlinking: /home/cxz/go2_ws/install/m20_config/share/m20_config/package.dsv
[0.398s] -- Symlinking: /home/cxz/go2_ws/install/m20_config/share/ament_index/resource_index/packages/m20_config
[0.404s] -- Symlinking: /home/cxz/go2_ws/install/m20_config/share/m20_config/cmake/m20_configConfig.cmake
[0.409s] -- Symlinking: /home/cxz/go2_ws/install/m20_config/share/m20_config/cmake/m20_configConfig-version.cmake
[0.415s] -- Symlinking: /home/cxz/go2_ws/install/m20_config/share/m20_config/package.xml
[0.422s] Invoked command in '/home/cxz/go2_ws/build/m20_config' returned '0': CMAKE_PREFIX_PATH=${CMAKE_PREFIX_PATH}:/opt/ros/humble /usr/bin/cmake --install /home/cxz/go2_ws/build/m20_config
