[0.019s] Invoking command in '/home/cxz/go2_ws/build/m20_config': CMAKE_PREFIX_PATH=${CMAKE_PREFIX_PATH}:/opt/ros/humble /usr/bin/cmake /home/cxz/go2_ws/src/unitree-go2-ros2/robots/configs/m20_config -DCMAKE_INSTALL_PREFIX=/home/cxz/go2_ws/install/m20_config
[0.054s] -- The C compiler identification is GNU 11.4.0
[0.091s] -- The CXX compiler identification is GNU 11.4.0
[0.096s] -- Detecting C compiler ABI info
[0.138s] -- Detecting C compiler ABI info - done
[0.143s] -- Check for working C compiler: /usr/bin/cc - skipped
[0.143s] -- Detecting C compile features
[0.143s] -- Detecting C compile features - done
[0.145s] -- Detecting CXX compiler ABI info
[0.203s] -- Detecting CXX compiler ABI info - done
[0.210s] -- Check for working CXX compiler: /usr/bin/c++ - skipped
[0.210s] -- Detecting CXX compile features
[0.210s] -- Detecting CXX compile features - done
[0.213s] -- Found ament_cmake: 1.3.14 (/opt/ros/humble/share/ament_cmake/cmake)
[0.323s] -- Found Python3: /usr/bin/python3 (found version "3.10.12") found components: Interpreter 
[0.442s] -- Configuring done
[0.443s] -- Generating done
[0.444s] -- Build files have been written to: /home/cxz/go2_ws/build/m20_config
[0.449s] Invoked command in '/home/cxz/go2_ws/build/m20_config' returned '0': CMAKE_PREFIX_PATH=${CMAKE_PREFIX_PATH}:/opt/ros/humble /usr/bin/cmake /home/cxz/go2_ws/src/unitree-go2-ros2/robots/configs/m20_config -DCMAKE_INSTALL_PREFIX=/home/cxz/go2_ws/install/m20_config
[0.450s] Invoking command in '/home/cxz/go2_ws/build/m20_config': CMAKE_PREFIX_PATH=${CMAKE_PREFIX_PATH}:/opt/ros/humble /usr/bin/cmake --build /home/cxz/go2_ws/build/m20_config -- -j32 -l32
[0.482s] Invoked command in '/home/cxz/go2_ws/build/m20_config' returned '0': CMAKE_PREFIX_PATH=${CMAKE_PREFIX_PATH}:/opt/ros/humble /usr/bin/cmake --build /home/cxz/go2_ws/build/m20_config -- -j32 -l32
[0.490s] Invoking command in '/home/cxz/go2_ws/build/m20_config': CMAKE_PREFIX_PATH=${CMAKE_PREFIX_PATH}:/opt/ros/humble /usr/bin/cmake --install /home/cxz/go2_ws/build/m20_config
[0.495s] -- Install configuration: ""
[0.496s] -- Installing: /home/cxz/go2_ws/install/m20_config/share/m20_config/launch
[0.496s] -- Installing: /home/cxz/go2_ws/install/m20_config/share/m20_config/launch/navigate.launch.py
[0.496s] -- Installing: /home/cxz/go2_ws/install/m20_config/share/m20_config/launch/bringup.launch.py
[0.496s] -- Installing: /home/cxz/go2_ws/install/m20_config/share/m20_config/launch/gazebo.launch.py
[0.496s] -- Installing: /home/cxz/go2_ws/install/m20_config/share/m20_config/launch/gazebo_velodyne.launch.py
[0.496s] -- Installing: /home/cxz/go2_ws/install/m20_config/share/m20_config/launch/slam.launch.py
[0.496s] -- Installing: /home/cxz/go2_ws/install/m20_config/share/m20_config/config
[0.496s] -- Installing: /home/cxz/go2_ws/install/m20_config/share/m20_config/config/joints
[0.496s] -- Installing: /home/cxz/go2_ws/install/m20_config/share/m20_config/config/joints/joints.yaml
[0.496s] -- Installing: /home/cxz/go2_ws/install/m20_config/share/m20_config/config/ros_control
[0.496s] -- Installing: /home/cxz/go2_ws/install/m20_config/share/m20_config/config/ros_control/ros_control.yaml
[0.496s] -- Installing: /home/cxz/go2_ws/install/m20_config/share/m20_config/config/gait
[0.496s] -- Installing: /home/cxz/go2_ws/install/m20_config/share/m20_config/config/gait/gait copy.yaml
[0.496s] -- Installing: /home/cxz/go2_ws/install/m20_config/share/m20_config/config/gait/gait.yaml
[0.496s] -- Installing: /home/cxz/go2_ws/install/m20_config/share/m20_config/config/links
[0.496s] -- Installing: /home/cxz/go2_ws/install/m20_config/share/m20_config/config/links/links.yaml
[0.496s] -- Installing: /home/cxz/go2_ws/install/m20_config/share/m20_config/config/autonomy
[0.496s] -- Installing: /home/cxz/go2_ws/install/m20_config/share/m20_config/config/autonomy/slam.yaml
[0.496s] -- Installing: /home/cxz/go2_ws/install/m20_config/share/m20_config/config/autonomy/navigation.yaml
[0.497s] -- Installing: /home/cxz/go2_ws/install/m20_config/share/m20_config/maps
[0.497s] -- Installing: /home/cxz/go2_ws/install/m20_config/share/m20_config/maps/playground.yaml
[0.497s] -- Installing: /home/cxz/go2_ws/install/m20_config/share/m20_config/maps/map.yaml
[0.497s] -- Installing: /home/cxz/go2_ws/install/m20_config/share/m20_config/maps/playground.pgm
[0.497s] -- Installing: /home/cxz/go2_ws/install/m20_config/share/m20_config/maps/map.pgm
[0.498s] -- Installing: /home/cxz/go2_ws/install/m20_config/share/m20_config/worlds
[0.499s] -- Installing: /home/cxz/go2_ws/install/m20_config/share/m20_config/worlds/outdoor.world
[0.499s] -- Installing: /home/cxz/go2_ws/install/m20_config/share/m20_config/worlds/default.world
[0.499s] -- Installing: /home/cxz/go2_ws/install/m20_config/share/m20_config/worlds/playground.world
[0.499s] -- Installing: /home/cxz/go2_ws/install/m20_config/share/ament_index/resource_index/package_run_dependencies/m20_config
[0.499s] -- Installing: /home/cxz/go2_ws/install/m20_config/share/ament_index/resource_index/parent_prefix_path/m20_config
[0.499s] -- Installing: /home/cxz/go2_ws/install/m20_config/share/m20_config/environment/ament_prefix_path.sh
[0.499s] -- Installing: /home/cxz/go2_ws/install/m20_config/share/m20_config/environment/ament_prefix_path.dsv
[0.499s] -- Installing: /home/cxz/go2_ws/install/m20_config/share/m20_config/environment/path.sh
[0.499s] -- Installing: /home/cxz/go2_ws/install/m20_config/share/m20_config/environment/path.dsv
[0.499s] -- Installing: /home/cxz/go2_ws/install/m20_config/share/m20_config/local_setup.bash
[0.499s] -- Installing: /home/cxz/go2_ws/install/m20_config/share/m20_config/local_setup.sh
[0.499s] -- Installing: /home/cxz/go2_ws/install/m20_config/share/m20_config/local_setup.zsh
[0.499s] -- Installing: /home/cxz/go2_ws/install/m20_config/share/m20_config/local_setup.dsv
[0.499s] -- Installing: /home/cxz/go2_ws/install/m20_config/share/m20_config/package.dsv
[0.499s] -- Installing: /home/cxz/go2_ws/install/m20_config/share/ament_index/resource_index/packages/m20_config
[0.499s] -- Installing: /home/cxz/go2_ws/install/m20_config/share/m20_config/cmake/m20_configConfig.cmake
[0.499s] -- Installing: /home/cxz/go2_ws/install/m20_config/share/m20_config/cmake/m20_configConfig-version.cmake
[0.499s] -- Installing: /home/cxz/go2_ws/install/m20_config/share/m20_config/package.xml
[0.525s] Invoked command in '/home/cxz/go2_ws/build/m20_config' returned '0': CMAKE_PREFIX_PATH=${CMAKE_PREFIX_PATH}:/opt/ros/humble /usr/bin/cmake --install /home/cxz/go2_ws/build/m20_config
