[0.023s] Invoking command in '/home/cxz/go2_ws/build/champ_navigation': CMAKE_PREFIX_PATH=${CMAKE_PREFIX_PATH}:/opt/ros/humble /usr/bin/cmake /home/cxz/go2_ws/src/unitree-go2-ros2/champ/champ_navigation -DCMAKE_INSTALL_PREFIX=/home/cxz/go2_ws/install/champ_navigation
[0.068s] -- The C compiler identification is GNU 11.4.0
[0.116s] -- The CXX compiler identification is GNU 11.4.0
[0.122s] -- Detecting C compiler ABI info
[0.168s] -- Detecting C compiler ABI info - done
[0.174s] -- Check for working C compiler: /usr/bin/cc - skipped
[0.174s] -- Detecting C compile features
[0.175s] -- Detecting C compile features - done
[0.177s] -- Detecting CXX compiler ABI info
[0.227s] -- Detecting CXX compiler ABI info - done
[0.233s] -- Check for working CXX compiler: /usr/bin/c++ - skipped
[0.234s] -- Detecting CXX compile features
[0.234s] -- Detecting CXX compile features - done
[0.236s] -- Found ament_cmake: 1.3.14 (/opt/ros/humble/share/ament_cmake/cmake)
[0.351s] -- Found Python3: /usr/bin/python3 (found version "3.10.12") found components: Interpreter 
[0.451s] -- Configuring done
[0.452s] -- Generating done
[0.453s] -- Build files have been written to: /home/cxz/go2_ws/build/champ_navigation
[0.456s] Invoked command in '/home/cxz/go2_ws/build/champ_navigation' returned '0': CMAKE_PREFIX_PATH=${CMAKE_PREFIX_PATH}:/opt/ros/humble /usr/bin/cmake /home/cxz/go2_ws/src/unitree-go2-ros2/champ/champ_navigation -DCMAKE_INSTALL_PREFIX=/home/cxz/go2_ws/install/champ_navigation
[0.457s] Invoking command in '/home/cxz/go2_ws/build/champ_navigation': CMAKE_PREFIX_PATH=${CMAKE_PREFIX_PATH}:/opt/ros/humble /usr/bin/cmake --build /home/cxz/go2_ws/build/champ_navigation -- -j32 -l32
[0.488s] Invoked command in '/home/cxz/go2_ws/build/champ_navigation' returned '0': CMAKE_PREFIX_PATH=${CMAKE_PREFIX_PATH}:/opt/ros/humble /usr/bin/cmake --build /home/cxz/go2_ws/build/champ_navigation -- -j32 -l32
[0.490s] Invoking command in '/home/cxz/go2_ws/build/champ_navigation': CMAKE_PREFIX_PATH=${CMAKE_PREFIX_PATH}:/opt/ros/humble /usr/bin/cmake --install /home/cxz/go2_ws/build/champ_navigation
[0.500s] -- Install configuration: ""
[0.500s] -- Installing: /home/cxz/go2_ws/install/champ_navigation/share/champ_navigation/launch
[0.500s] -- Installing: /home/cxz/go2_ws/install/champ_navigation/share/champ_navigation/launch/navigate.launch.py
[0.500s] -- Installing: /home/cxz/go2_ws/install/champ_navigation/share/champ_navigation/launch/slam.launch.py
[0.501s] -- Installing: /home/cxz/go2_ws/install/champ_navigation/share/champ_navigation/rviz
[0.502s] -- Installing: /home/cxz/go2_ws/install/champ_navigation/share/champ_navigation/rviz/navigation_minimal.rviz
[0.502s] -- Installing: /home/cxz/go2_ws/install/champ_navigation/share/champ_navigation/rviz/navigation.rviz
[0.502s] -- Installing: /home/cxz/go2_ws/install/champ_navigation/share/champ_navigation/rviz/slam.rviz
[0.503s] -- Installing: /home/cxz/go2_ws/install/champ_navigation/share/ament_index/resource_index/package_run_dependencies/champ_navigation
[0.503s] -- Installing: /home/cxz/go2_ws/install/champ_navigation/share/ament_index/resource_index/parent_prefix_path/champ_navigation
[0.503s] -- Installing: /home/cxz/go2_ws/install/champ_navigation/share/champ_navigation/environment/ament_prefix_path.sh
[0.503s] -- Installing: /home/cxz/go2_ws/install/champ_navigation/share/champ_navigation/environment/ament_prefix_path.dsv
[0.503s] -- Installing: /home/cxz/go2_ws/install/champ_navigation/share/champ_navigation/environment/path.sh
[0.503s] -- Installing: /home/cxz/go2_ws/install/champ_navigation/share/champ_navigation/environment/path.dsv
[0.503s] -- Installing: /home/cxz/go2_ws/install/champ_navigation/share/champ_navigation/local_setup.bash
[0.503s] -- Installing: /home/cxz/go2_ws/install/champ_navigation/share/champ_navigation/local_setup.sh
[0.503s] -- Installing: /home/cxz/go2_ws/install/champ_navigation/share/champ_navigation/local_setup.zsh
[0.503s] -- Installing: /home/cxz/go2_ws/install/champ_navigation/share/champ_navigation/local_setup.dsv
[0.503s] -- Installing: /home/cxz/go2_ws/install/champ_navigation/share/champ_navigation/package.dsv
[0.503s] -- Installing: /home/cxz/go2_ws/install/champ_navigation/share/ament_index/resource_index/packages/champ_navigation
[0.503s] -- Installing: /home/cxz/go2_ws/install/champ_navigation/share/champ_navigation/cmake/champ_navigationConfig.cmake
[0.503s] -- Installing: /home/cxz/go2_ws/install/champ_navigation/share/champ_navigation/cmake/champ_navigationConfig-version.cmake
[0.503s] -- Installing: /home/cxz/go2_ws/install/champ_navigation/share/champ_navigation/package.xml
[0.528s] Invoked command in '/home/cxz/go2_ws/build/champ_navigation' returned '0': CMAKE_PREFIX_PATH=${CMAKE_PREFIX_PATH}:/opt/ros/humble /usr/bin/cmake --install /home/cxz/go2_ws/build/champ_navigation
