[0.008s] Invoking command in '/home/cxz/go2_ws/build/champ_gazebo': CMAKE_PREFIX_PATH=/home/cxz/go2_ws/install/champ_msgs:/home/cxz/go2_ws/install/champ:/home/cxz/go2_ws/install/teleop_twist_keyboard:/home/cxz/go2_ws/install/go2_description:/home/cxz/go2_ws/install/go2_config:/home/cxz/go2_ws/install/champ_teleop:/home/cxz/go2_ws/install/champ_navigation:/home/cxz/go2_ws/install/champ_bringup:/home/cxz/go2_ws/install/champ_base:/home/cxz/go2_ws/install/champ_description:/home/cxz/go2_ws/install/champ_config:/home/cxz/go2_ws/install/champ_gazebo:/home/cxz/go2_ws/install/m20_description:/home/cxz/go2_ws/install/m20_config:/home/cxz/champ_ws/install/champ_navigation:/home/cxz/champ_ws/install/champ_gazebo:/home/cxz/champ_ws/install/champ_bringup:/home/cxz/champ_ws/install/champ_base:/home/cxz/champ_ws/install/champ_msgs:/home/cxz/champ_ws/install/champ_description:/home/cxz/champ_ws/install/champ_config:/home/cxz/champ_ws/install/champ:/opt/ros/humble LD_LIBRARY_PATH=/home/cxz/go2_ws/install/champ_msgs/lib:/home/cxz/go2_ws/install/champ_base/lib:/home/cxz/champ_ws/install/champ_base/lib:/home/cxz/champ_ws/install/champ_msgs/lib:/usr/lib/x86_64-linux-gnu/gazebo-11/plugins:/opt/ros/humble/opt/rviz_ogre_vendor/lib:/opt/ros/humble/lib/x86_64-linux-gnu:/opt/ros/humble/lib /usr/bin/cmake /home/cxz/go2_ws/src/unitree-go2-ros2/champ/champ_gazebo -DCMAKE_INSTALL_PREFIX=/home/cxz/go2_ws/install/champ_gazebo
[0.070s] -- The C compiler identification is GNU 11.4.0
[0.122s] -- The CXX compiler identification is GNU 11.4.0
[0.127s] -- Detecting C compiler ABI info
[0.185s] -- Detecting C compiler ABI info - done
[0.190s] -- Check for working C compiler: /usr/bin/cc - skipped
[0.190s] -- Detecting C compile features
[0.190s] -- Detecting C compile features - done
[0.192s] -- Detecting CXX compiler ABI info
[0.262s] -- Detecting CXX compiler ABI info - done
[0.270s] -- Check for working CXX compiler: /usr/bin/c++ - skipped
[0.270s] -- Detecting CXX compile features
[0.270s] -- Detecting CXX compile features - done
[0.272s] -- Found ament_cmake: 1.3.14 (/opt/ros/humble/share/ament_cmake/cmake)
[0.393s] -- Found Python3: /usr/bin/python3 (found version "3.10.12") found components: Interpreter 
[0.464s] -- Found rclcpp: 16.0.19 (/opt/ros/humble/share/rclcpp/cmake)
[0.501s] -- Found rosidl_generator_c: 3.1.8 (/opt/ros/humble/share/rosidl_generator_c/cmake)
[0.505s] -- Found rosidl_adapter: 3.1.8 (/opt/ros/humble/share/rosidl_adapter/cmake)
[0.511s] -- Found rosidl_generator_cpp: 3.1.8 (/opt/ros/humble/share/rosidl_generator_cpp/cmake)
[0.520s] -- Using all available rosidl_typesupport_c: rosidl_typesupport_fastrtps_c;rosidl_typesupport_introspection_c
[0.532s] -- Using all available rosidl_typesupport_cpp: rosidl_typesupport_fastrtps_cpp;rosidl_typesupport_introspection_cpp
[0.566s] -- Found rmw_implementation_cmake: 6.1.2 (/opt/ros/humble/share/rmw_implementation_cmake/cmake)
[0.568s] -- Found rmw_fastrtps_cpp: 6.2.10 (/opt/ros/humble/share/rmw_fastrtps_cpp/cmake)
[0.650s] -- Found OpenSSL: /usr/lib/x86_64-linux-gnu/libcrypto.so (found version "3.0.2")  
[0.673s] -- Found FastRTPS: /opt/ros/humble/include  
[0.702s] -- Using RMW implementation 'rmw_fastrtps_cpp' as default
[0.712s] -- Looking for pthread.h
[0.787s] -- Looking for pthread.h - found
[0.787s] -- Performing Test CMAKE_HAVE_LIBC_PTHREAD
[0.857s] -- Performing Test CMAKE_HAVE_LIBC_PTHREAD - Success
[0.859s] -- Found Threads: TRUE  
[0.896s] -- Found urdf: 2.6.1 (/opt/ros/humble/share/urdf/cmake)
[0.922s] -- Found champ: 0.1.0 (/home/cxz/go2_ws/install/champ/share/champ/cmake)
[0.922s] -- Found champ_msgs: 0.1.0 (/home/cxz/go2_ws/install/champ_msgs/share/champ_msgs/cmake)
[0.942s] -- Found gazebo_ros2_control: 0.4.10 (/opt/ros/humble/share/gazebo_ros2_control/cmake)
[1.052s] -- Found PkgConfig: /usr/bin/pkg-config (found version "0.29.2") 
[1.053s] -- Checking for module 'bullet>=2.82'
[1.063s] --   Found bullet, version 3.05
[1.148s] -- Found fcl: /usr/include (found suitable version "0.7.0", minimum required is "0.5.0") 
[1.185s] -- Found assimp: /usr/include (found version "5.2.0") 
[1.201s] -- Found DART: /usr/include (Required is at least version "6.6") found components: dart 
[1.227s] -- Found Boost: /usr/lib/x86_64-linux-gnu/cmake/Boost-1.74.0/BoostConfig.cmake (found suitable version "1.74.0", minimum required is "1.40.0") found components: thread system filesystem program_options regex iostreams date_time 
[1.237s] -- Found Protobuf: /usr/lib/x86_64-linux-gnu/libprotobuf.so (found version "3.12.4") 
[1.241s] -- Looking for ignition-math6 -- found version 6.15.1
[1.246s] -- Searching for dependencies of ignition-math6
[1.247s] -- Looking for OGRE...
[1.247s] -- OGRE_PREFIX_WATCH changed.
[1.251s] -- Checking for module 'OGRE'
[1.261s] --   Found OGRE, version 1.9.0
[1.285s] -- Found Ogre Ghadamon (1.9.0)
[1.291s] -- Found OGRE: optimized;/usr/lib/x86_64-linux-gnu/libOgreMain.so;debug;/usr/lib/x86_64-linux-gnu/libOgreMain.so
[1.297s] -- Looking for OGRE_Paging...
[1.301s] -- Found OGRE_Paging: optimized;/usr/lib/x86_64-linux-gnu/libOgrePaging.so;debug;/usr/lib/x86_64-linux-gnu/libOgrePaging.so
[1.301s] -- Looking for OGRE_Terrain...
[1.305s] -- Found OGRE_Terrain: optimized;/usr/lib/x86_64-linux-gnu/libOgreTerrain.so;debug;/usr/lib/x86_64-linux-gnu/libOgreTerrain.so
[1.305s] -- Looking for OGRE_Property...
[1.309s] -- Found OGRE_Property: optimized;/usr/lib/x86_64-linux-gnu/libOgreProperty.so;debug;/usr/lib/x86_64-linux-gnu/libOgreProperty.so
[1.309s] -- Looking for OGRE_RTShaderSystem...
[1.313s] -- Found OGRE_RTShaderSystem: optimized;/usr/lib/x86_64-linux-gnu/libOgreRTShaderSystem.so;debug;/usr/lib/x86_64-linux-gnu/libOgreRTShaderSystem.so
[1.313s] -- Looking for OGRE_Volume...
[1.316s] -- Found OGRE_Volume: optimized;/usr/lib/x86_64-linux-gnu/libOgreVolume.so;debug;/usr/lib/x86_64-linux-gnu/libOgreVolume.so
[1.316s] -- Looking for OGRE_Overlay...
[1.320s] -- Found OGRE_Overlay: optimized;/usr/lib/x86_64-linux-gnu/libOgreOverlay.so;debug;/usr/lib/x86_64-linux-gnu/libOgreOverlay.so
[1.403s] -- Looking for ignition-math6 -- found version 6.15.1
[1.405s] -- Looking for ignition-transport8 -- found version 8.2.1
[1.405s] -- Searching for dependencies of ignition-transport8
[1.417s] -- Found Protobuf: /usr/lib/x86_64-linux-gnu/libprotobuf.so (found suitable version "3.12.4", minimum required is "3") 
[1.425s] -- Config-file not installed for ZeroMQ -- checking for pkg-config
[1.429s] -- Checking for module 'libzmq >= 4'
[1.441s] --   Found libzmq , version 4.3.4
[1.468s] -- Found ZeroMQ: TRUE (Required is at least version "4") 
[1.472s] -- Checking for module 'uuid'
[1.482s] --   Found uuid, version 2.37.2
[1.507s] -- Found UUID: TRUE  
[1.510s] -- Looking for ignition-msgs5 -- found version 5.8.1
[1.510s] -- Searching for dependencies of ignition-msgs5
[1.525s] -- Looking for ignition-math6 -- found version 6.15.1
[1.528s] -- Checking for module 'tinyxml2'
[1.538s] --   Found tinyxml2, version 9.0.0
[1.564s] -- Looking for ignition-msgs5 -- found version 5.8.1
[1.567s] -- Looking for ignition-common3 -- found version 3.14.0
[1.567s] -- Searching for dependencies of ignition-common3
[1.568s] -- Looking for dlfcn.h - found
[1.569s] -- Looking for libdl - found
[1.570s] -- Found DL: TRUE  
[1.580s] -- Found tinyobjloader: /usr/lib/x86_64-linux-gnu/cmake/tinyobjloader/tinyobjloader-config.cmake (found version "2.0.0") 
[1.580s] -- Searching for <ignition-common3> component [graphics]
[1.582s] -- Looking for ignition-common3-graphics -- found version 3.14.0
[1.582s] -- Searching for dependencies of ignition-common3-graphics
[1.583s] -- Looking for ignition-math6 -- found version 6.15.1
[1.585s] -- Looking for ignition-fuel_tools4 -- found version 4.4.0
[1.585s] -- Searching for dependencies of ignition-fuel_tools4
[1.646s] -- Found CURL: /usr/lib/x86_64-linux-gnu/libcurl.so (found version "7.81.0")  
[1.653s] -- Checking for module 'jsoncpp'
[1.664s] --   Found jsoncpp, version 1.9.5
[1.689s] -- Found JSONCPP: TRUE  
[1.693s] -- Checking for module 'libzip'
[1.703s] --   Found libzip, version 1.7.3
[1.729s] -- Found ZIP: TRUE  
[1.730s] -- Looking for ignition-common3 -- found version 3.14.0
[1.730s] -- Looking for ignition-math6 -- found version 6.15.1
[1.730s] -- Looking for ignition-msgs5 -- found version 5.8.1
[1.734s] -- Gazebo version: 11.14
[1.735s] -- Checking for module 'tbb'
[1.746s] --   Found tbb, version 2021.5.0
[1.838s] -- Configuring done
[1.857s] -- Generating done
[1.861s] -- Build files have been written to: /home/cxz/go2_ws/build/champ_gazebo
[1.871s] Invoked command in '/home/cxz/go2_ws/build/champ_gazebo' returned '0': CMAKE_PREFIX_PATH=/home/cxz/go2_ws/install/champ_msgs:/home/cxz/go2_ws/install/champ:/home/cxz/go2_ws/install/teleop_twist_keyboard:/home/cxz/go2_ws/install/go2_description:/home/cxz/go2_ws/install/go2_config:/home/cxz/go2_ws/install/champ_teleop:/home/cxz/go2_ws/install/champ_navigation:/home/cxz/go2_ws/install/champ_bringup:/home/cxz/go2_ws/install/champ_base:/home/cxz/go2_ws/install/champ_description:/home/cxz/go2_ws/install/champ_config:/home/cxz/go2_ws/install/champ_gazebo:/home/cxz/go2_ws/install/m20_description:/home/cxz/go2_ws/install/m20_config:/home/cxz/champ_ws/install/champ_navigation:/home/cxz/champ_ws/install/champ_gazebo:/home/cxz/champ_ws/install/champ_bringup:/home/cxz/champ_ws/install/champ_base:/home/cxz/champ_ws/install/champ_msgs:/home/cxz/champ_ws/install/champ_description:/home/cxz/champ_ws/install/champ_config:/home/cxz/champ_ws/install/champ:/opt/ros/humble LD_LIBRARY_PATH=/home/cxz/go2_ws/install/champ_msgs/lib:/home/cxz/go2_ws/install/champ_base/lib:/home/cxz/champ_ws/install/champ_base/lib:/home/cxz/champ_ws/install/champ_msgs/lib:/usr/lib/x86_64-linux-gnu/gazebo-11/plugins:/opt/ros/humble/opt/rviz_ogre_vendor/lib:/opt/ros/humble/lib/x86_64-linux-gnu:/opt/ros/humble/lib /usr/bin/cmake /home/cxz/go2_ws/src/unitree-go2-ros2/champ/champ_gazebo -DCMAKE_INSTALL_PREFIX=/home/cxz/go2_ws/install/champ_gazebo
[1.872s] Invoking command in '/home/cxz/go2_ws/build/champ_gazebo': CMAKE_PREFIX_PATH=/home/cxz/go2_ws/install/champ_msgs:/home/cxz/go2_ws/install/champ:/home/cxz/go2_ws/install/teleop_twist_keyboard:/home/cxz/go2_ws/install/go2_description:/home/cxz/go2_ws/install/go2_config:/home/cxz/go2_ws/install/champ_teleop:/home/cxz/go2_ws/install/champ_navigation:/home/cxz/go2_ws/install/champ_bringup:/home/cxz/go2_ws/install/champ_base:/home/cxz/go2_ws/install/champ_description:/home/cxz/go2_ws/install/champ_config:/home/cxz/go2_ws/install/champ_gazebo:/home/cxz/go2_ws/install/m20_description:/home/cxz/go2_ws/install/m20_config:/home/cxz/champ_ws/install/champ_navigation:/home/cxz/champ_ws/install/champ_gazebo:/home/cxz/champ_ws/install/champ_bringup:/home/cxz/champ_ws/install/champ_base:/home/cxz/champ_ws/install/champ_msgs:/home/cxz/champ_ws/install/champ_description:/home/cxz/champ_ws/install/champ_config:/home/cxz/champ_ws/install/champ:/opt/ros/humble LD_LIBRARY_PATH=/home/cxz/go2_ws/install/champ_msgs/lib:/home/cxz/go2_ws/install/champ_base/lib:/home/cxz/champ_ws/install/champ_base/lib:/home/cxz/champ_ws/install/champ_msgs/lib:/usr/lib/x86_64-linux-gnu/gazebo-11/plugins:/opt/ros/humble/opt/rviz_ogre_vendor/lib:/opt/ros/humble/lib/x86_64-linux-gnu:/opt/ros/humble/lib /usr/bin/cmake --build /home/cxz/go2_ws/build/champ_gazebo -- -j32 -l32
[1.911s] [ 50%] [32mBuilding CXX object CMakeFiles/contact_sensor.dir/src/contact_sensor.cpp.o[0m
[11.136s] [100%] [32m[1mLinking CXX executable contact_sensor[0m
[11.904s] [100%] Built target contact_sensor
[11.913s] Invoked command in '/home/cxz/go2_ws/build/champ_gazebo' returned '0': CMAKE_PREFIX_PATH=/home/cxz/go2_ws/install/champ_msgs:/home/cxz/go2_ws/install/champ:/home/cxz/go2_ws/install/teleop_twist_keyboard:/home/cxz/go2_ws/install/go2_description:/home/cxz/go2_ws/install/go2_config:/home/cxz/go2_ws/install/champ_teleop:/home/cxz/go2_ws/install/champ_navigation:/home/cxz/go2_ws/install/champ_bringup:/home/cxz/go2_ws/install/champ_base:/home/cxz/go2_ws/install/champ_description:/home/cxz/go2_ws/install/champ_config:/home/cxz/go2_ws/install/champ_gazebo:/home/cxz/go2_ws/install/m20_description:/home/cxz/go2_ws/install/m20_config:/home/cxz/champ_ws/install/champ_navigation:/home/cxz/champ_ws/install/champ_gazebo:/home/cxz/champ_ws/install/champ_bringup:/home/cxz/champ_ws/install/champ_base:/home/cxz/champ_ws/install/champ_msgs:/home/cxz/champ_ws/install/champ_description:/home/cxz/champ_ws/install/champ_config:/home/cxz/champ_ws/install/champ:/opt/ros/humble LD_LIBRARY_PATH=/home/cxz/go2_ws/install/champ_msgs/lib:/home/cxz/go2_ws/install/champ_base/lib:/home/cxz/champ_ws/install/champ_base/lib:/home/cxz/champ_ws/install/champ_msgs/lib:/usr/lib/x86_64-linux-gnu/gazebo-11/plugins:/opt/ros/humble/opt/rviz_ogre_vendor/lib:/opt/ros/humble/lib/x86_64-linux-gnu:/opt/ros/humble/lib /usr/bin/cmake --build /home/cxz/go2_ws/build/champ_gazebo -- -j32 -l32
[11.914s] Invoking command in '/home/cxz/go2_ws/build/champ_gazebo': CMAKE_PREFIX_PATH=/home/cxz/go2_ws/install/champ_msgs:/home/cxz/go2_ws/install/champ:/home/cxz/go2_ws/install/teleop_twist_keyboard:/home/cxz/go2_ws/install/go2_description:/home/cxz/go2_ws/install/go2_config:/home/cxz/go2_ws/install/champ_teleop:/home/cxz/go2_ws/install/champ_navigation:/home/cxz/go2_ws/install/champ_bringup:/home/cxz/go2_ws/install/champ_base:/home/cxz/go2_ws/install/champ_description:/home/cxz/go2_ws/install/champ_config:/home/cxz/go2_ws/install/champ_gazebo:/home/cxz/go2_ws/install/m20_description:/home/cxz/go2_ws/install/m20_config:/home/cxz/champ_ws/install/champ_navigation:/home/cxz/champ_ws/install/champ_gazebo:/home/cxz/champ_ws/install/champ_bringup:/home/cxz/champ_ws/install/champ_base:/home/cxz/champ_ws/install/champ_msgs:/home/cxz/champ_ws/install/champ_description:/home/cxz/champ_ws/install/champ_config:/home/cxz/champ_ws/install/champ:/opt/ros/humble LD_LIBRARY_PATH=/home/cxz/go2_ws/install/champ_msgs/lib:/home/cxz/go2_ws/install/champ_base/lib:/home/cxz/champ_ws/install/champ_base/lib:/home/cxz/champ_ws/install/champ_msgs/lib:/usr/lib/x86_64-linux-gnu/gazebo-11/plugins:/opt/ros/humble/opt/rviz_ogre_vendor/lib:/opt/ros/humble/lib/x86_64-linux-gnu:/opt/ros/humble/lib /usr/bin/cmake --install /home/cxz/go2_ws/build/champ_gazebo
[11.919s] -- Install configuration: ""
[11.919s] -- Installing: /home/cxz/go2_ws/install/champ_gazebo/bin/imu_sensor.py
[11.919s] -- Installing: /home/cxz/go2_ws/install/champ_gazebo/bin/odometry_tf.py
[11.919s] -- Installing: /home/cxz/go2_ws/install/champ_gazebo/bin/odometry.py
[11.919s] -- Installing: /home/cxz/go2_ws/install/champ_gazebo/lib/champ_gazebo/contact_sensor
[11.920s] -- Set runtime path of "/home/cxz/go2_ws/install/champ_gazebo/lib/champ_gazebo/contact_sensor" to ""
[11.920s] -- Installing: /home/cxz/go2_ws/install/champ_gazebo/share/champ_gazebo/launch
[11.920s] -- Installing: /home/cxz/go2_ws/install/champ_gazebo/share/champ_gazebo/launch/gazebo.launch
[11.920s] -- Installing: /home/cxz/go2_ws/install/champ_gazebo/share/champ_gazebo/launch/spawn_robot.launch
[11.920s] -- Installing: /home/cxz/go2_ws/install/champ_gazebo/share/champ_gazebo/launch/gazebo.launch.py
[11.920s] -- Installing: /home/cxz/go2_ws/install/champ_gazebo/share/champ_gazebo/launch/spawn_world.launch
[11.920s] -- Installing: /home/cxz/go2_ws/install/champ_gazebo/share/champ_gazebo/config
[11.920s] -- Installing: /home/cxz/go2_ws/install/champ_gazebo/share/champ_gazebo/config/gazebo.yaml
[11.920s] -- Installing: /home/cxz/go2_ws/install/champ_gazebo/share/champ_gazebo/config/ros_control.yaml
[11.920s] -- Installing: /home/cxz/go2_ws/install/champ_gazebo/share/champ_gazebo/worlds
[11.920s] -- Installing: /home/cxz/go2_ws/install/champ_gazebo/share/champ_gazebo/worlds/outdoor.world
[11.920s] -- Installing: /home/cxz/go2_ws/install/champ_gazebo/share/champ_gazebo/worlds/default.world
[11.921s] -- Installing: /home/cxz/go2_ws/install/champ_gazebo/share/champ_gazebo/worlds/playground.world
[11.921s] -- Installing: /home/cxz/go2_ws/install/champ_gazebo/share/ament_index/resource_index/package_run_dependencies/champ_gazebo
[11.921s] -- Installing: /home/cxz/go2_ws/install/champ_gazebo/share/ament_index/resource_index/parent_prefix_path/champ_gazebo
[11.921s] -- Installing: /home/cxz/go2_ws/install/champ_gazebo/share/champ_gazebo/environment/ament_prefix_path.sh
[11.921s] -- Installing: /home/cxz/go2_ws/install/champ_gazebo/share/champ_gazebo/environment/ament_prefix_path.dsv
[11.921s] -- Installing: /home/cxz/go2_ws/install/champ_gazebo/share/champ_gazebo/environment/path.sh
[11.921s] -- Installing: /home/cxz/go2_ws/install/champ_gazebo/share/champ_gazebo/environment/path.dsv
[11.921s] -- Installing: /home/cxz/go2_ws/install/champ_gazebo/share/champ_gazebo/local_setup.bash
[11.921s] -- Installing: /home/cxz/go2_ws/install/champ_gazebo/share/champ_gazebo/local_setup.sh
[11.921s] -- Installing: /home/cxz/go2_ws/install/champ_gazebo/share/champ_gazebo/local_setup.zsh
[11.921s] -- Installing: /home/cxz/go2_ws/install/champ_gazebo/share/champ_gazebo/local_setup.dsv
[11.921s] -- Installing: /home/cxz/go2_ws/install/champ_gazebo/share/champ_gazebo/package.dsv
[11.921s] -- Installing: /home/cxz/go2_ws/install/champ_gazebo/share/ament_index/resource_index/packages/champ_gazebo
[11.921s] -- Installing: /home/cxz/go2_ws/install/champ_gazebo/share/champ_gazebo/cmake/ament_cmake_export_include_directories-extras.cmake
[11.921s] -- Installing: /home/cxz/go2_ws/install/champ_gazebo/share/champ_gazebo/cmake/ament_cmake_export_dependencies-extras.cmake
[11.921s] -- Installing: /home/cxz/go2_ws/install/champ_gazebo/share/champ_gazebo/cmake/champ_gazeboConfig.cmake
[11.921s] -- Installing: /home/cxz/go2_ws/install/champ_gazebo/share/champ_gazebo/cmake/champ_gazeboConfig-version.cmake
[11.921s] -- Installing: /home/cxz/go2_ws/install/champ_gazebo/share/champ_gazebo/package.xml
[11.923s] Invoked command in '/home/cxz/go2_ws/build/champ_gazebo' returned '0': CMAKE_PREFIX_PATH=/home/cxz/go2_ws/install/champ_msgs:/home/cxz/go2_ws/install/champ:/home/cxz/go2_ws/install/teleop_twist_keyboard:/home/cxz/go2_ws/install/go2_description:/home/cxz/go2_ws/install/go2_config:/home/cxz/go2_ws/install/champ_teleop:/home/cxz/go2_ws/install/champ_navigation:/home/cxz/go2_ws/install/champ_bringup:/home/cxz/go2_ws/install/champ_base:/home/cxz/go2_ws/install/champ_description:/home/cxz/go2_ws/install/champ_config:/home/cxz/go2_ws/install/champ_gazebo:/home/cxz/go2_ws/install/m20_description:/home/cxz/go2_ws/install/m20_config:/home/cxz/champ_ws/install/champ_navigation:/home/cxz/champ_ws/install/champ_gazebo:/home/cxz/champ_ws/install/champ_bringup:/home/cxz/champ_ws/install/champ_base:/home/cxz/champ_ws/install/champ_msgs:/home/cxz/champ_ws/install/champ_description:/home/cxz/champ_ws/install/champ_config:/home/cxz/champ_ws/install/champ:/opt/ros/humble LD_LIBRARY_PATH=/home/cxz/go2_ws/install/champ_msgs/lib:/home/cxz/go2_ws/install/champ_base/lib:/home/cxz/champ_ws/install/champ_base/lib:/home/cxz/champ_ws/install/champ_msgs/lib:/usr/lib/x86_64-linux-gnu/gazebo-11/plugins:/opt/ros/humble/opt/rviz_ogre_vendor/lib:/opt/ros/humble/lib/x86_64-linux-gnu:/opt/ros/humble/lib /usr/bin/cmake --install /home/cxz/go2_ws/build/champ_gazebo
