[0.008s] Invoking command in '/home/cxz/go2_ws/build/m20_config': CMAKE_PREFIX_PATH=${CMAKE_PREFIX_PATH}:/opt/ros/humble /usr/bin/cmake /home/cxz/go2_ws/src/unitree-go2-ros2/robots/configs/m20_config -DAMENT_CMAKE_SYMLINK_INSTALL=1 -DCMAKE_INSTALL_PREFIX=/home/cxz/go2_ws/install/m20_config
[0.016s] -- Found ament_cmake: 1.3.14 (/opt/ros/humble/share/ament_cmake/cmake)
[0.101s] -- Override CMake install command with custom implementation using symlinks instead of copying resources
[0.152s] -- Configuring done
[0.153s] -- Generating done
[0.154s] -- Build files have been written to: /home/cxz/go2_ws/build/m20_config
[0.155s] Invoked command in '/home/cxz/go2_ws/build/m20_config' returned '0': CMAKE_PREFIX_PATH=${CMAKE_PREFIX_PATH}:/opt/ros/humble /usr/bin/cmake /home/cxz/go2_ws/src/unitree-go2-ros2/robots/configs/m20_config -DAMENT_CMAKE_SYMLINK_INSTALL=1 -DCMAKE_INSTALL_PREFIX=/home/cxz/go2_ws/install/m20_config
[0.156s] Invoking command in '/home/cxz/go2_ws/build/m20_config': CMAKE_PREFIX_PATH=${CMAKE_PREFIX_PATH}:/opt/ros/humble /usr/bin/cmake --build /home/cxz/go2_ws/build/m20_config -- -j32 -l32
[0.189s] Invoked command in '/home/cxz/go2_ws/build/m20_config' returned '0': CMAKE_PREFIX_PATH=${CMAKE_PREFIX_PATH}:/opt/ros/humble /usr/bin/cmake --build /home/cxz/go2_ws/build/m20_config -- -j32 -l32
[0.190s] Invoking command in '/home/cxz/go2_ws/build/m20_config': CMAKE_PREFIX_PATH=${CMAKE_PREFIX_PATH}:/opt/ros/humble /usr/bin/cmake --install /home/cxz/go2_ws/build/m20_config
[0.200s] -- Install configuration: ""
[0.200s] -- Execute custom install script
[0.201s] -- Up-to-date symlink: /home/cxz/go2_ws/install/m20_config/share/m20_config/launch/bringup.launch.py
[0.201s] -- Up-to-date symlink: /home/cxz/go2_ws/install/m20_config/share/m20_config/launch/gazebo.launch.py
[0.201s] -- Up-to-date symlink: /home/cxz/go2_ws/install/m20_config/share/m20_config/launch/gazebo_velodyne.launch.py
[0.201s] -- Up-to-date symlink: /home/cxz/go2_ws/install/m20_config/share/m20_config/launch/navigate.launch.py
[0.201s] -- Up-to-date symlink: /home/cxz/go2_ws/install/m20_config/share/m20_config/launch/slam.launch.py
[0.201s] -- Up-to-date symlink: /home/cxz/go2_ws/install/m20_config/share/m20_config/config/autonomy/navigation.yaml
[0.201s] -- Up-to-date symlink: /home/cxz/go2_ws/install/m20_config/share/m20_config/config/autonomy/slam.yaml
[0.201s] -- Up-to-date symlink: /home/cxz/go2_ws/install/m20_config/share/m20_config/config/gait/gait copy.yaml
[0.201s] -- Up-to-date symlink: /home/cxz/go2_ws/install/m20_config/share/m20_config/config/gait/gait.yaml
[0.201s] -- Up-to-date symlink: /home/cxz/go2_ws/install/m20_config/share/m20_config/config/joints/joints.yaml
[0.201s] -- Up-to-date symlink: /home/cxz/go2_ws/install/m20_config/share/m20_config/config/links/links.yaml
[0.201s] -- Up-to-date symlink: /home/cxz/go2_ws/install/m20_config/share/m20_config/config/ros_control/ros_control.yaml
[0.201s] -- Up-to-date symlink: /home/cxz/go2_ws/install/m20_config/share/m20_config/maps/map.pgm
[0.201s] -- Up-to-date symlink: /home/cxz/go2_ws/install/m20_config/share/m20_config/maps/map.yaml
[0.201s] -- Up-to-date symlink: /home/cxz/go2_ws/install/m20_config/share/m20_config/maps/playground.pgm
[0.201s] -- Up-to-date symlink: /home/cxz/go2_ws/install/m20_config/share/m20_config/maps/playground.yaml
[0.201s] -- Up-to-date symlink: /home/cxz/go2_ws/install/m20_config/share/m20_config/worlds/default.world
[0.201s] -- Up-to-date symlink: /home/cxz/go2_ws/install/m20_config/share/m20_config/worlds/outdoor.world
[0.201s] -- Up-to-date symlink: /home/cxz/go2_ws/install/m20_config/share/m20_config/worlds/playground.world
[0.201s] -- Up-to-date symlink: /home/cxz/go2_ws/install/m20_config/share/ament_index/resource_index/package_run_dependencies/m20_config
[0.202s] -- Up-to-date symlink: /home/cxz/go2_ws/install/m20_config/share/ament_index/resource_index/parent_prefix_path/m20_config
[0.202s] -- Up-to-date symlink: /home/cxz/go2_ws/install/m20_config/share/m20_config/environment/ament_prefix_path.sh
[0.202s] -- Up-to-date symlink: /home/cxz/go2_ws/install/m20_config/share/m20_config/environment/ament_prefix_path.dsv
[0.202s] -- Up-to-date symlink: /home/cxz/go2_ws/install/m20_config/share/m20_config/environment/path.sh
[0.202s] -- Up-to-date symlink: /home/cxz/go2_ws/install/m20_config/share/m20_config/environment/path.dsv
[0.202s] -- Up-to-date symlink: /home/cxz/go2_ws/install/m20_config/share/m20_config/local_setup.bash
[0.202s] -- Up-to-date symlink: /home/cxz/go2_ws/install/m20_config/share/m20_config/local_setup.sh
[0.202s] -- Up-to-date symlink: /home/cxz/go2_ws/install/m20_config/share/m20_config/local_setup.zsh
[0.202s] -- Up-to-date symlink: /home/cxz/go2_ws/install/m20_config/share/m20_config/local_setup.dsv
[0.202s] -- Symlinking: /home/cxz/go2_ws/install/m20_config/share/m20_config/package.dsv
[0.222s] -- Up-to-date symlink: /home/cxz/go2_ws/install/m20_config/share/ament_index/resource_index/packages/m20_config
[0.222s] -- Up-to-date symlink: /home/cxz/go2_ws/install/m20_config/share/m20_config/cmake/m20_configConfig.cmake
[0.222s] -- Up-to-date symlink: /home/cxz/go2_ws/install/m20_config/share/m20_config/cmake/m20_configConfig-version.cmake
[0.222s] -- Up-to-date symlink: /home/cxz/go2_ws/install/m20_config/share/m20_config/package.xml
[0.222s] Invoked command in '/home/cxz/go2_ws/build/m20_config' returned '0': CMAKE_PREFIX_PATH=${CMAKE_PREFIX_PATH}:/opt/ros/humble /usr/bin/cmake --install /home/cxz/go2_ws/build/m20_config
