[0.024s] Invoking command in '/home/cxz/go2_ws/build/champ_config': CMAKE_PREFIX_PATH=${CMAKE_PREFIX_PATH}:/opt/ros/humble /usr/bin/cmake /home/cxz/go2_ws/src/unitree-go2-ros2/champ/champ_config -DCMAKE_INSTALL_PREFIX=/home/cxz/go2_ws/install/champ_config
[0.061s] -- The C compiler identification is GNU 11.4.0
[0.114s] -- The CXX compiler identification is GNU 11.4.0
[0.119s] -- Detecting C compiler ABI info
[0.166s] -- Detecting C compiler ABI info - done
[0.172s] -- Check for working C compiler: /usr/bin/cc - skipped
[0.172s] -- Detecting C compile features
[0.172s] -- Detecting C compile features - done
[0.175s] -- Detecting CXX compiler ABI info
[0.231s] -- Detecting CXX compiler ABI info - done
[0.238s] -- Check for working CXX compiler: /usr/bin/c++ - skipped
[0.238s] -- Detecting CXX compile features
[0.238s] -- Detecting CXX compile features - done
[0.241s] -- Found ament_cmake: 1.3.14 (/opt/ros/humble/share/ament_cmake/cmake)
[0.348s] -- Found Python3: /usr/bin/python3 (found version "3.10.12") found components: Interpreter 
[0.460s] -- Configuring done
[0.462s] -- Generating done
[0.462s] -- Build files have been written to: /home/cxz/go2_ws/build/champ_config
[0.466s] Invoked command in '/home/cxz/go2_ws/build/champ_config' returned '0': CMAKE_PREFIX_PATH=${CMAKE_PREFIX_PATH}:/opt/ros/humble /usr/bin/cmake /home/cxz/go2_ws/src/unitree-go2-ros2/champ/champ_config -DCMAKE_INSTALL_PREFIX=/home/cxz/go2_ws/install/champ_config
[0.467s] Invoking command in '/home/cxz/go2_ws/build/champ_config': CMAKE_PREFIX_PATH=${CMAKE_PREFIX_PATH}:/opt/ros/humble /usr/bin/cmake --build /home/cxz/go2_ws/build/champ_config -- -j32 -l32
[0.503s] Invoked command in '/home/cxz/go2_ws/build/champ_config' returned '0': CMAKE_PREFIX_PATH=${CMAKE_PREFIX_PATH}:/opt/ros/humble /usr/bin/cmake --build /home/cxz/go2_ws/build/champ_config -- -j32 -l32
[0.505s] Invoking command in '/home/cxz/go2_ws/build/champ_config': CMAKE_PREFIX_PATH=${CMAKE_PREFIX_PATH}:/opt/ros/humble /usr/bin/cmake --install /home/cxz/go2_ws/build/champ_config
[0.509s] -- Install configuration: ""
[0.509s] -- Installing: /home/cxz/go2_ws/install/champ_config/share/champ_config/launch
[0.509s] -- Installing: /home/cxz/go2_ws/install/champ_config/share/champ_config/launch/navigate.launch.py
[0.509s] -- Installing: /home/cxz/go2_ws/install/champ_config/share/champ_config/launch/bringup.launch.py
[0.509s] -- Installing: /home/cxz/go2_ws/install/champ_config/share/champ_config/launch/gazebo.launch.py
[0.509s] -- Installing: /home/cxz/go2_ws/install/champ_config/share/champ_config/launch/slam.launch.py
[0.509s] -- Installing: /home/cxz/go2_ws/install/champ_config/share/champ_config/config
[0.509s] -- Installing: /home/cxz/go2_ws/install/champ_config/share/champ_config/config/joints
[0.509s] -- Installing: /home/cxz/go2_ws/install/champ_config/share/champ_config/config/joints/joints.yaml
[0.509s] -- Installing: /home/cxz/go2_ws/install/champ_config/share/champ_config/config/gait
[0.509s] -- Installing: /home/cxz/go2_ws/install/champ_config/share/champ_config/config/gait/gait.yaml
[0.509s] -- Installing: /home/cxz/go2_ws/install/champ_config/share/champ_config/config/links
[0.509s] -- Installing: /home/cxz/go2_ws/install/champ_config/share/champ_config/config/links/links.yaml
[0.509s] -- Installing: /home/cxz/go2_ws/install/champ_config/share/champ_config/config/autonomy
[0.509s] -- Installing: /home/cxz/go2_ws/install/champ_config/share/champ_config/config/autonomy/slam.yaml
[0.509s] -- Installing: /home/cxz/go2_ws/install/champ_config/share/champ_config/config/autonomy/navigation.yaml
[0.509s] -- Installing: /home/cxz/go2_ws/install/champ_config/share/champ_config/maps
[0.509s] -- Installing: /home/cxz/go2_ws/install/champ_config/share/champ_config/maps/playground.yaml
[0.509s] -- Installing: /home/cxz/go2_ws/install/champ_config/share/champ_config/maps/map.yaml
[0.509s] -- Installing: /home/cxz/go2_ws/install/champ_config/share/champ_config/maps/playground.pgm
[0.509s] -- Installing: /home/cxz/go2_ws/install/champ_config/share/champ_config/maps/map.pgm
[0.510s] -- Installing: /home/cxz/go2_ws/install/champ_config/share/champ_config/worlds
[0.511s] -- Installing: /home/cxz/go2_ws/install/champ_config/share/champ_config/worlds/outdoor.world
[0.511s] -- Installing: /home/cxz/go2_ws/install/champ_config/share/champ_config/worlds/default.world
[0.511s] -- Installing: /home/cxz/go2_ws/install/champ_config/share/champ_config/worlds/playground.world
[0.511s] -- Installing: /home/cxz/go2_ws/install/champ_config/share/ament_index/resource_index/package_run_dependencies/champ_config
[0.511s] -- Installing: /home/cxz/go2_ws/install/champ_config/share/ament_index/resource_index/parent_prefix_path/champ_config
[0.511s] -- Installing: /home/cxz/go2_ws/install/champ_config/share/champ_config/environment/ament_prefix_path.sh
[0.511s] -- Installing: /home/cxz/go2_ws/install/champ_config/share/champ_config/environment/ament_prefix_path.dsv
[0.511s] -- Installing: /home/cxz/go2_ws/install/champ_config/share/champ_config/environment/path.sh
[0.511s] -- Installing: /home/cxz/go2_ws/install/champ_config/share/champ_config/environment/path.dsv
[0.511s] -- Installing: /home/cxz/go2_ws/install/champ_config/share/champ_config/local_setup.bash
[0.511s] -- Installing: /home/cxz/go2_ws/install/champ_config/share/champ_config/local_setup.sh
[0.511s] -- Installing: /home/cxz/go2_ws/install/champ_config/share/champ_config/local_setup.zsh
[0.511s] -- Installing: /home/cxz/go2_ws/install/champ_config/share/champ_config/local_setup.dsv
[0.511s] -- Installing: /home/cxz/go2_ws/install/champ_config/share/champ_config/package.dsv
[0.511s] -- Installing: /home/cxz/go2_ws/install/champ_config/share/ament_index/resource_index/packages/champ_config
[0.512s] -- Installing: /home/cxz/go2_ws/install/champ_config/share/champ_config/cmake/champ_configConfig.cmake
[0.512s] -- Installing: /home/cxz/go2_ws/install/champ_config/share/champ_config/cmake/champ_configConfig-version.cmake
[0.512s] -- Installing: /home/cxz/go2_ws/install/champ_config/share/champ_config/package.xml
[0.543s] Invoked command in '/home/cxz/go2_ws/build/champ_config' returned '0': CMAKE_PREFIX_PATH=${CMAKE_PREFIX_PATH}:/opt/ros/humble /usr/bin/cmake --install /home/cxz/go2_ws/build/champ_config
