-- The C compiler identification is GNU 11.4.0
-- The CXX compiler identification is GNU 11.4.0
-- Detecting C compiler ABI info
-- Detecting C compiler ABI info - done
-- Check for working C compiler: /usr/bin/cc - skipped
-- Detecting C compile features
-- Detecting C compile features - done
-- Detecting CXX compiler ABI info
-- Detecting CXX compiler ABI info - done
-- Check for working CXX compiler: /usr/bin/c++ - skipped
-- Detecting CXX compile features
-- Detecting CXX compile features - done
-- Found ament_cmake: 1.3.14 (/opt/ros/humble/share/ament_cmake/cmake)
-- Found Python3: /usr/bin/python3 (found version "3.10.12") found components: Interpreter 
-- Found ament_lint_auto: 0.12.15 (/opt/ros/humble/share/ament_lint_auto/cmake)
-- Configuring done
-- Generating done
-- Build files have been written to: /home/cxz/go2_ws/build/m20_description
-- Install configuration: ""
-- Installing: /home/cxz/go2_ws/install/m20_description/share/m20_description/config
-- Installing: /home/cxz/go2_ws/install/m20_description/share/m20_description/config/ros_control
-- Installing: /home/cxz/go2_ws/install/m20_description/share/m20_description/config/ros_control/ros_control.yaml
-- Installing: /home/cxz/go2_ws/install/m20_description/share/m20_description/launch
-- Installing: /home/cxz/go2_ws/install/m20_description/share/m20_description/launch/description.launch.py
-- Installing: /home/cxz/go2_ws/install/m20_description/share/m20_description/meshes
-- Installing: /home/cxz/go2_ws/install/m20_description/share/m20_description/meshes/fr_wheel.STL
-- Installing: /home/cxz/go2_ws/install/m20_description/share/m20_description/meshes/fl_wheel.STL
-- Installing: /home/cxz/go2_ws/install/m20_description/share/m20_description/meshes/hl_hipy.STL
-- Installing: /home/cxz/go2_ws/install/m20_description/share/m20_description/meshes/fr_hipy.STL
-- Installing: /home/cxz/go2_ws/install/m20_description/share/m20_description/meshes/hr_hipy.STL
-- Installing: /home/cxz/go2_ws/install/m20_description/share/m20_description/meshes/base_link.STL
-- Installing: /home/cxz/go2_ws/install/m20_description/share/m20_description/meshes/hl_knee.STL
-- Installing: /home/cxz/go2_ws/install/m20_description/share/m20_description/meshes/fr_knee.STL
-- Installing: /home/cxz/go2_ws/install/m20_description/share/m20_description/meshes/hl_wheel.STL
-- Installing: /home/cxz/go2_ws/install/m20_description/share/m20_description/meshes/hr_hipx.STL
-- Installing: /home/cxz/go2_ws/install/m20_description/share/m20_description/meshes/hr_knee.STL
-- Installing: /home/cxz/go2_ws/install/m20_description/share/m20_description/meshes/hr_wheel.STL
-- Installing: /home/cxz/go2_ws/install/m20_description/share/m20_description/meshes/fl_hipy.STL
-- Installing: /home/cxz/go2_ws/install/m20_description/share/m20_description/meshes/hl_hipx.STL
-- Installing: /home/cxz/go2_ws/install/m20_description/share/m20_description/meshes/fr_hipx.STL
-- Installing: /home/cxz/go2_ws/install/m20_description/share/m20_description/meshes/fl_hipx.STL
-- Installing: /home/cxz/go2_ws/install/m20_description/share/m20_description/meshes/fl_knee.STL
-- Installing: /home/cxz/go2_ws/install/m20_description/share/m20_description/urdf
-- Installing: /home/cxz/go2_ws/install/m20_description/share/m20_description/urdf/m20_description copy.urdf
-- Installing: /home/cxz/go2_ws/install/m20_description/share/m20_description/urdf/m20_description_><.urdf
-- Installing: /home/cxz/go2_ws/install/m20_description/share/m20_description/urdf/m20_description copy 4.urdf
-- Installing: /home/cxz/go2_ws/install/m20_description/share/m20_description/urdf/m20_description copy 2.urdf
-- Installing: /home/cxz/go2_ws/install/m20_description/share/m20_description/urdf/m20_description_>>.urdf
-- Installing: /home/cxz/go2_ws/install/m20_description/share/m20_description/urdf/m20_description copy 3.urdf
-- Installing: /home/cxz/go2_ws/install/m20_description/share/m20_description/urdf/m20_description><.urdf
-- Installing: /home/cxz/go2_ws/install/m20_description/share/m20_description/urdf/m20_description.urdf
-- Installing: /home/cxz/go2_ws/install/m20_description/share/ament_index/resource_index/package_run_dependencies/m20_description
-- Installing: /home/cxz/go2_ws/install/m20_description/share/ament_index/resource_index/parent_prefix_path/m20_description
-- Installing: /home/cxz/go2_ws/install/m20_description/share/m20_description/environment/ament_prefix_path.sh
-- Installing: /home/cxz/go2_ws/install/m20_description/share/m20_description/environment/ament_prefix_path.dsv
-- Installing: /home/cxz/go2_ws/install/m20_description/share/m20_description/environment/path.sh
-- Installing: /home/cxz/go2_ws/install/m20_description/share/m20_description/environment/path.dsv
-- Installing: /home/cxz/go2_ws/install/m20_description/share/m20_description/local_setup.bash
-- Installing: /home/cxz/go2_ws/install/m20_description/share/m20_description/local_setup.sh
-- Installing: /home/cxz/go2_ws/install/m20_description/share/m20_description/local_setup.zsh
-- Installing: /home/cxz/go2_ws/install/m20_description/share/m20_description/local_setup.dsv
-- Installing: /home/cxz/go2_ws/install/m20_description/share/m20_description/package.dsv
-- Installing: /home/cxz/go2_ws/install/m20_description/share/ament_index/resource_index/packages/m20_description
-- Installing: /home/cxz/go2_ws/install/m20_description/share/m20_description/cmake/m20_descriptionConfig.cmake
-- Installing: /home/cxz/go2_ws/install/m20_description/share/m20_description/cmake/m20_descriptionConfig-version.cmake
-- Installing: /home/cxz/go2_ws/install/m20_description/share/m20_description/package.xml
