[0.019s] Invoking command in '/home/cxz/go2_ws/build/m20_description': CMAKE_PREFIX_PATH=${CMAKE_PREFIX_PATH}:/opt/ros/humble /usr/bin/cmake /home/cxz/go2_ws/src/unitree-go2-ros2/robots/descriptions/m20_description -DCMAKE_INSTALL_PREFIX=/home/cxz/go2_ws/install/m20_description
[0.058s] -- The C compiler identification is GNU 11.4.0
[0.095s] -- The CXX compiler identification is GNU 11.4.0
[0.100s] -- Detecting C compiler ABI info
[0.146s] -- Detecting C compiler ABI info - done
[0.150s] -- Check for working C compiler: /usr/bin/cc - skipped
[0.151s] -- Detecting C compile features
[0.151s] -- Detecting C compile features - done
[0.153s] -- Detecting CXX compiler ABI info
[0.204s] -- Detecting CXX compiler ABI info - done
[0.211s] -- Check for working CXX compiler: /usr/bin/c++ - skipped
[0.211s] -- Detecting CXX compile features
[0.211s] -- Detecting CXX compile features - done
[0.214s] -- Found ament_cmake: 1.3.14 (/opt/ros/humble/share/ament_cmake/cmake)
[0.336s] -- Found Python3: /usr/bin/python3 (found version "3.10.12") found components: Interpreter 
[0.406s] -- Found ament_lint_auto: 0.12.15 (/opt/ros/humble/share/ament_lint_auto/cmake)
[0.449s] -- Configuring done
[0.450s] -- Generating done
[0.452s] -- Build files have been written to: /home/cxz/go2_ws/build/m20_description
[0.455s] Invoked command in '/home/cxz/go2_ws/build/m20_description' returned '0': CMAKE_PREFIX_PATH=${CMAKE_PREFIX_PATH}:/opt/ros/humble /usr/bin/cmake /home/cxz/go2_ws/src/unitree-go2-ros2/robots/descriptions/m20_description -DCMAKE_INSTALL_PREFIX=/home/cxz/go2_ws/install/m20_description
[0.456s] Invoking command in '/home/cxz/go2_ws/build/m20_description': CMAKE_PREFIX_PATH=${CMAKE_PREFIX_PATH}:/opt/ros/humble /usr/bin/cmake --build /home/cxz/go2_ws/build/m20_description -- -j32 -l32
[0.493s] Invoked command in '/home/cxz/go2_ws/build/m20_description' returned '0': CMAKE_PREFIX_PATH=${CMAKE_PREFIX_PATH}:/opt/ros/humble /usr/bin/cmake --build /home/cxz/go2_ws/build/m20_description -- -j32 -l32
[0.495s] Invoking command in '/home/cxz/go2_ws/build/m20_description': CMAKE_PREFIX_PATH=${CMAKE_PREFIX_PATH}:/opt/ros/humble /usr/bin/cmake --install /home/cxz/go2_ws/build/m20_description
[0.497s] -- Install configuration: ""
[0.497s] -- Installing: /home/cxz/go2_ws/install/m20_description/share/m20_description/config
[0.497s] -- Installing: /home/cxz/go2_ws/install/m20_description/share/m20_description/config/ros_control
[0.497s] -- Installing: /home/cxz/go2_ws/install/m20_description/share/m20_description/config/ros_control/ros_control.yaml
[0.497s] -- Installing: /home/cxz/go2_ws/install/m20_description/share/m20_description/launch
[0.498s] -- Installing: /home/cxz/go2_ws/install/m20_description/share/m20_description/launch/description.launch.py
[0.498s] -- Installing: /home/cxz/go2_ws/install/m20_description/share/m20_description/meshes
[0.498s] -- Installing: /home/cxz/go2_ws/install/m20_description/share/m20_description/meshes/fr_wheel.STL
[0.498s] -- Installing: /home/cxz/go2_ws/install/m20_description/share/m20_description/meshes/fl_wheel.STL
[0.499s] -- Installing: /home/cxz/go2_ws/install/m20_description/share/m20_description/meshes/hl_hipy.STL
[0.499s] -- Installing: /home/cxz/go2_ws/install/m20_description/share/m20_description/meshes/fr_hipy.STL
[0.499s] -- Installing: /home/cxz/go2_ws/install/m20_description/share/m20_description/meshes/hr_hipy.STL
[0.499s] -- Installing: /home/cxz/go2_ws/install/m20_description/share/m20_description/meshes/base_link.STL
[0.500s] -- Installing: /home/cxz/go2_ws/install/m20_description/share/m20_description/meshes/hl_knee.STL
[0.501s] -- Installing: /home/cxz/go2_ws/install/m20_description/share/m20_description/meshes/fr_knee.STL
[0.501s] -- Installing: /home/cxz/go2_ws/install/m20_description/share/m20_description/meshes/hl_wheel.STL
[0.502s] -- Installing: /home/cxz/go2_ws/install/m20_description/share/m20_description/meshes/hr_hipx.STL
[0.502s] -- Installing: /home/cxz/go2_ws/install/m20_description/share/m20_description/meshes/hr_knee.STL
[0.503s] -- Installing: /home/cxz/go2_ws/install/m20_description/share/m20_description/meshes/hr_wheel.STL
[0.503s] -- Installing: /home/cxz/go2_ws/install/m20_description/share/m20_description/meshes/fl_hipy.STL
[0.504s] -- Installing: /home/cxz/go2_ws/install/m20_description/share/m20_description/meshes/hl_hipx.STL
[0.505s] -- Installing: /home/cxz/go2_ws/install/m20_description/share/m20_description/meshes/fr_hipx.STL
[0.505s] -- Installing: /home/cxz/go2_ws/install/m20_description/share/m20_description/meshes/fl_hipx.STL
[0.505s] -- Installing: /home/cxz/go2_ws/install/m20_description/share/m20_description/meshes/fl_knee.STL
[0.506s] -- Installing: /home/cxz/go2_ws/install/m20_description/share/m20_description/urdf
[0.506s] -- Installing: /home/cxz/go2_ws/install/m20_description/share/m20_description/urdf/m20_description copy.urdf
[0.506s] -- Installing: /home/cxz/go2_ws/install/m20_description/share/m20_description/urdf/m20_description_><.urdf
[0.507s] -- Installing: /home/cxz/go2_ws/install/m20_description/share/m20_description/urdf/m20_description copy 4.urdf
[0.507s] -- Installing: /home/cxz/go2_ws/install/m20_description/share/m20_description/urdf/m20_description copy 2.urdf
[0.507s] -- Installing: /home/cxz/go2_ws/install/m20_description/share/m20_description/urdf/m20_description_>>.urdf
[0.507s] -- Installing: /home/cxz/go2_ws/install/m20_description/share/m20_description/urdf/m20_description copy 3.urdf
[0.507s] -- Installing: /home/cxz/go2_ws/install/m20_description/share/m20_description/urdf/m20_description><.urdf
[0.507s] -- Installing: /home/cxz/go2_ws/install/m20_description/share/m20_description/urdf/m20_description.urdf
[0.507s] -- Installing: /home/cxz/go2_ws/install/m20_description/share/ament_index/resource_index/package_run_dependencies/m20_description
[0.507s] -- Installing: /home/cxz/go2_ws/install/m20_description/share/ament_index/resource_index/parent_prefix_path/m20_description
[0.507s] -- Installing: /home/cxz/go2_ws/install/m20_description/share/m20_description/environment/ament_prefix_path.sh
[0.507s] -- Installing: /home/cxz/go2_ws/install/m20_description/share/m20_description/environment/ament_prefix_path.dsv
[0.507s] -- Installing: /home/cxz/go2_ws/install/m20_description/share/m20_description/environment/path.sh
[0.507s] -- Installing: /home/cxz/go2_ws/install/m20_description/share/m20_description/environment/path.dsv
[0.507s] -- Installing: /home/cxz/go2_ws/install/m20_description/share/m20_description/local_setup.bash
[0.507s] -- Installing: /home/cxz/go2_ws/install/m20_description/share/m20_description/local_setup.sh
[0.508s] -- Installing: /home/cxz/go2_ws/install/m20_description/share/m20_description/local_setup.zsh
[0.508s] -- Installing: /home/cxz/go2_ws/install/m20_description/share/m20_description/local_setup.dsv
[0.508s] -- Installing: /home/cxz/go2_ws/install/m20_description/share/m20_description/package.dsv
[0.508s] -- Installing: /home/cxz/go2_ws/install/m20_description/share/ament_index/resource_index/packages/m20_description
[0.508s] -- Installing: /home/cxz/go2_ws/install/m20_description/share/m20_description/cmake/m20_descriptionConfig.cmake
[0.508s] -- Installing: /home/cxz/go2_ws/install/m20_description/share/m20_description/cmake/m20_descriptionConfig-version.cmake
[0.508s] -- Installing: /home/cxz/go2_ws/install/m20_description/share/m20_description/package.xml
[0.538s] Invoked command in '/home/cxz/go2_ws/build/m20_description' returned '0': CMAKE_PREFIX_PATH=${CMAKE_PREFIX_PATH}:/opt/ros/humble /usr/bin/cmake --install /home/cxz/go2_ws/build/m20_description
