-- The C compiler identification is GNU 11.4.0
-- The CXX compiler identification is GNU 11.4.0
-- Detecting C compiler ABI info
-- Detecting C compiler ABI info - done
-- Check for working C compiler: /usr/bin/cc - skipped
-- Detecting C compile features
-- Detecting C compile features - done
-- Detecting CXX compiler ABI info
-- Detecting CXX compiler ABI info - done
-- Check for working CXX compiler: /usr/bin/c++ - skipped
-- Detecting CXX compile features
-- Detecting CXX compile features - done
-- Found ament_cmake: 1.3.14 (/opt/ros/humble/share/ament_cmake/cmake)
-- Found Python3: /usr/bin/python3 (found version "3.10.12") found components: Interpreter 
-- Found rclcpp: 16.0.19 (/opt/ros/humble/share/rclcpp/cmake)
-- Found rosidl_generator_c: 3.1.8 (/opt/ros/humble/share/rosidl_generator_c/cmake)
-- Found rosidl_adapter: 3.1.8 (/opt/ros/humble/share/rosidl_adapter/cmake)
-- Found rosidl_generator_cpp: 3.1.8 (/opt/ros/humble/share/rosidl_generator_cpp/cmake)
-- Using all available rosidl_typesupport_c: rosidl_typesupport_fastrtps_c;rosidl_typesupport_introspection_c
-- Using all available rosidl_typesupport_cpp: rosidl_typesupport_fastrtps_cpp;rosidl_typesupport_introspection_cpp
-- Found rmw_implementation_cmake: 6.1.2 (/opt/ros/humble/share/rmw_implementation_cmake/cmake)
-- Found rmw_fastrtps_cpp: 6.2.10 (/opt/ros/humble/share/rmw_fastrtps_cpp/cmake)
-- Found OpenSSL: /usr/lib/x86_64-linux-gnu/libcrypto.so (found version "3.0.2")  
-- Found FastRTPS: /opt/ros/humble/include  
-- Using RMW implementation 'rmw_fastrtps_cpp' as default
-- Looking for pthread.h
-- Looking for pthread.h - found
-- Performing Test CMAKE_HAVE_LIBC_PTHREAD
-- Performing Test CMAKE_HAVE_LIBC_PTHREAD - Success
-- Found Threads: TRUE  
-- Found rclpy: 3.3.21 (/opt/ros/humble/share/rclpy/cmake)
-- Found champ_msgs: 0.1.0 (/home/cxz/go2_ws/install/champ_msgs/share/champ_msgs/cmake)
-- Found visualization_msgs: 4.9.1 (/opt/ros/humble/share/visualization_msgs/cmake)
-- Found trajectory_msgs: 4.9.1 (/opt/ros/humble/share/trajectory_msgs/cmake)
-- Found nav_msgs: 4.9.1 (/opt/ros/humble/share/nav_msgs/cmake)
-- Found tf2_ros: 0.25.20 (/opt/ros/humble/share/tf2_ros/cmake)
-- Found urdf: 2.6.1 (/opt/ros/humble/share/urdf/cmake)
-- Found champ: 0.1.0 (/home/cxz/go2_ws/install/champ/share/champ/cmake)
-- Configuring done
-- Generating done
-- Build files have been written to: /home/cxz/go2_ws/build/champ_base
[  8%] [32mBuilding CXX object CMakeFiles/quadruped_controller.dir/src/quadruped_controller.cpp.o[0m
[ 16%] [32mBuilding CXX object CMakeFiles/message_relay.dir/src/message_relay.cpp.o[0m
[ 25%] [32mBuilding CXX object CMakeFiles/state_estimation.dir/src/state_estimation.cpp.o[0m
[ 33%] [32m[1mLinking CXX shared library libquadruped_controller.so[0m
[ 33%] Built target quadruped_controller
[ 41%] [32mBuilding CXX object CMakeFiles/quadruped_controller_node.dir/src/quadruped_controller_node.cpp.o[0m
[ 50%] [32m[1mLinking CXX shared library libmessage_relay.so[0m
[ 58%] [32m[1mLinking CXX executable quadruped_controller_node[0m
[ 58%] Built target message_relay
[ 66%] [32mBuilding CXX object CMakeFiles/message_relay_node.dir/src/message_relay_node.cpp.o[0m
[ 66%] Built target quadruped_controller_node
[ 75%] [32m[1mLinking CXX shared library libstate_estimation.so[0m
[ 75%] Built target state_estimation
[ 83%] [32mBuilding CXX object CMakeFiles/state_estimation_node.dir/src/state_estimation_node.cpp.o[0m
[ 91%] [32m[1mLinking CXX executable message_relay_node[0m
[ 91%] Built target message_relay_node
[100%] [32m[1mLinking CXX executable state_estimation_node[0m
[100%] Built target state_estimation_node
-- Install configuration: ""
-- Installing: /home/cxz/go2_ws/install/champ_base/share/champ_base/config
-- Installing: /home/cxz/go2_ws/install/champ_base/share/champ_base/config/ekf
-- Installing: /home/cxz/go2_ws/install/champ_base/share/champ_base/config/ekf/base_to_footprint.yaml
-- Installing: /home/cxz/go2_ws/install/champ_base/share/champ_base/config/ekf/footprint_to_odom.yaml
-- Installing: /home/cxz/go2_ws/install/champ_base/share/champ_base/config/velocity_smoother
-- Installing: /home/cxz/go2_ws/install/champ_base/share/champ_base/config/velocity_smoother/velocity_smoother.yaml
-- Installing: /home/cxz/go2_ws/install/champ_base/lib/libquadruped_controller.so
-- Set runtime path of "/home/cxz/go2_ws/install/champ_base/lib/libquadruped_controller.so" to ""
-- Installing: /home/cxz/go2_ws/install/champ_base/bin/quadruped_controller_node
-- Set runtime path of "/home/cxz/go2_ws/install/champ_base/bin/quadruped_controller_node" to ""
-- Installing: /home/cxz/go2_ws/install/champ_base/lib/libmessage_relay.so
-- Set runtime path of "/home/cxz/go2_ws/install/champ_base/lib/libmessage_relay.so" to ""
-- Installing: /home/cxz/go2_ws/install/champ_base/bin/message_relay_node
-- Set runtime path of "/home/cxz/go2_ws/install/champ_base/bin/message_relay_node" to ""
-- Installing: /home/cxz/go2_ws/install/champ_base/lib/libstate_estimation.so
-- Set runtime path of "/home/cxz/go2_ws/install/champ_base/lib/libstate_estimation.so" to ""
-- Installing: /home/cxz/go2_ws/install/champ_base/bin/state_estimation_node
-- Set runtime path of "/home/cxz/go2_ws/install/champ_base/bin/state_estimation_node" to ""
-- Installing: /home/cxz/go2_ws/install/champ_base/lib/champ_base/quadruped_controller_node
-- Set runtime path of "/home/cxz/go2_ws/install/champ_base/lib/champ_base/quadruped_controller_node" to ""
-- Installing: /home/cxz/go2_ws/install/champ_base/lib/champ_base/message_relay_node
-- Set runtime path of "/home/cxz/go2_ws/install/champ_base/lib/champ_base/message_relay_node" to ""
-- Installing: /home/cxz/go2_ws/install/champ_base/lib/champ_base/state_estimation_node
-- Set runtime path of "/home/cxz/go2_ws/install/champ_base/lib/champ_base/state_estimation_node" to ""
-- Installing: /home/cxz/go2_ws/install/champ_base/share/ament_index/resource_index/package_run_dependencies/champ_base
-- Installing: /home/cxz/go2_ws/install/champ_base/share/ament_index/resource_index/parent_prefix_path/champ_base
-- Installing: /home/cxz/go2_ws/install/champ_base/share/champ_base/environment/ament_prefix_path.sh
-- Installing: /home/cxz/go2_ws/install/champ_base/share/champ_base/environment/ament_prefix_path.dsv
-- Installing: /home/cxz/go2_ws/install/champ_base/share/champ_base/environment/path.sh
-- Installing: /home/cxz/go2_ws/install/champ_base/share/champ_base/environment/path.dsv
-- Installing: /home/cxz/go2_ws/install/champ_base/share/champ_base/local_setup.bash
-- Installing: /home/cxz/go2_ws/install/champ_base/share/champ_base/local_setup.sh
-- Installing: /home/cxz/go2_ws/install/champ_base/share/champ_base/local_setup.zsh
-- Installing: /home/cxz/go2_ws/install/champ_base/share/champ_base/local_setup.dsv
-- Installing: /home/cxz/go2_ws/install/champ_base/share/champ_base/package.dsv
-- Installing: /home/cxz/go2_ws/install/champ_base/share/ament_index/resource_index/packages/champ_base
-- Installing: /home/cxz/go2_ws/install/champ_base/share/champ_base/cmake/ament_cmake_export_include_directories-extras.cmake
-- Installing: /home/cxz/go2_ws/install/champ_base/share/champ_base/cmake/ament_cmake_export_dependencies-extras.cmake
-- Installing: /home/cxz/go2_ws/install/champ_base/share/champ_base/cmake/champ_baseConfig.cmake
-- Installing: /home/cxz/go2_ws/install/champ_base/share/champ_base/cmake/champ_baseConfig-version.cmake
-- Installing: /home/cxz/go2_ws/install/champ_base/share/champ_base/package.xml
