[0.016s] Invoking command in '/home/cxz/go2_ws/build/champ_base': CMAKE_PREFIX_PATH=/home/cxz/go2_ws/install/champ_msgs:/home/cxz/go2_ws/install/champ:/home/cxz/go2_ws/install/teleop_twist_keyboard:/home/cxz/go2_ws/install/go2_description:/home/cxz/go2_ws/install/go2_config:/home/cxz/go2_ws/install/champ_teleop:/home/cxz/go2_ws/install/champ_navigation:/home/cxz/go2_ws/install/champ_bringup:/home/cxz/go2_ws/install/champ_base:/home/cxz/go2_ws/install/champ_description:/home/cxz/go2_ws/install/champ_config:/home/cxz/go2_ws/install/champ_gazebo:/home/cxz/go2_ws/install/m20_description:/home/cxz/go2_ws/install/m20_config:/home/cxz/champ_ws/install/champ_navigation:/home/cxz/champ_ws/install/champ_gazebo:/home/cxz/champ_ws/install/champ_bringup:/home/cxz/champ_ws/install/champ_base:/home/cxz/champ_ws/install/champ_msgs:/home/cxz/champ_ws/install/champ_description:/home/cxz/champ_ws/install/champ_config:/home/cxz/champ_ws/install/champ:/opt/ros/humble LD_LIBRARY_PATH=/home/cxz/go2_ws/install/champ_msgs/lib:/home/cxz/go2_ws/install/champ_base/lib:/home/cxz/champ_ws/install/champ_base/lib:/home/cxz/champ_ws/install/champ_msgs/lib:/usr/lib/x86_64-linux-gnu/gazebo-11/plugins:/opt/ros/humble/opt/rviz_ogre_vendor/lib:/opt/ros/humble/lib/x86_64-linux-gnu:/opt/ros/humble/lib /usr/bin/cmake --build /home/cxz/go2_ws/build/champ_base -- -j32 -l32
[0.059s] [ 25%] Built target quadruped_controller
[0.059s] [ 33%] Built target message_relay
[0.059s] [ 50%] Built target state_estimation
[0.082s] [ 66%] Built target quadruped_controller_node
[0.084s] [ 83%] Built target message_relay_node
[0.086s] [100%] Built target state_estimation_node
[0.094s] Invoked command in '/home/cxz/go2_ws/build/champ_base' returned '0': CMAKE_PREFIX_PATH=/home/cxz/go2_ws/install/champ_msgs:/home/cxz/go2_ws/install/champ:/home/cxz/go2_ws/install/teleop_twist_keyboard:/home/cxz/go2_ws/install/go2_description:/home/cxz/go2_ws/install/go2_config:/home/cxz/go2_ws/install/champ_teleop:/home/cxz/go2_ws/install/champ_navigation:/home/cxz/go2_ws/install/champ_bringup:/home/cxz/go2_ws/install/champ_base:/home/cxz/go2_ws/install/champ_description:/home/cxz/go2_ws/install/champ_config:/home/cxz/go2_ws/install/champ_gazebo:/home/cxz/go2_ws/install/m20_description:/home/cxz/go2_ws/install/m20_config:/home/cxz/champ_ws/install/champ_navigation:/home/cxz/champ_ws/install/champ_gazebo:/home/cxz/champ_ws/install/champ_bringup:/home/cxz/champ_ws/install/champ_base:/home/cxz/champ_ws/install/champ_msgs:/home/cxz/champ_ws/install/champ_description:/home/cxz/champ_ws/install/champ_config:/home/cxz/champ_ws/install/champ:/opt/ros/humble LD_LIBRARY_PATH=/home/cxz/go2_ws/install/champ_msgs/lib:/home/cxz/go2_ws/install/champ_base/lib:/home/cxz/champ_ws/install/champ_base/lib:/home/cxz/champ_ws/install/champ_msgs/lib:/usr/lib/x86_64-linux-gnu/gazebo-11/plugins:/opt/ros/humble/opt/rviz_ogre_vendor/lib:/opt/ros/humble/lib/x86_64-linux-gnu:/opt/ros/humble/lib /usr/bin/cmake --build /home/cxz/go2_ws/build/champ_base -- -j32 -l32
[0.096s] Invoking command in '/home/cxz/go2_ws/build/champ_base': CMAKE_PREFIX_PATH=/home/cxz/go2_ws/install/champ_msgs:/home/cxz/go2_ws/install/champ:/home/cxz/go2_ws/install/teleop_twist_keyboard:/home/cxz/go2_ws/install/go2_description:/home/cxz/go2_ws/install/go2_config:/home/cxz/go2_ws/install/champ_teleop:/home/cxz/go2_ws/install/champ_navigation:/home/cxz/go2_ws/install/champ_bringup:/home/cxz/go2_ws/install/champ_base:/home/cxz/go2_ws/install/champ_description:/home/cxz/go2_ws/install/champ_config:/home/cxz/go2_ws/install/champ_gazebo:/home/cxz/go2_ws/install/m20_description:/home/cxz/go2_ws/install/m20_config:/home/cxz/champ_ws/install/champ_navigation:/home/cxz/champ_ws/install/champ_gazebo:/home/cxz/champ_ws/install/champ_bringup:/home/cxz/champ_ws/install/champ_base:/home/cxz/champ_ws/install/champ_msgs:/home/cxz/champ_ws/install/champ_description:/home/cxz/champ_ws/install/champ_config:/home/cxz/champ_ws/install/champ:/opt/ros/humble LD_LIBRARY_PATH=/home/cxz/go2_ws/install/champ_msgs/lib:/home/cxz/go2_ws/install/champ_base/lib:/home/cxz/champ_ws/install/champ_base/lib:/home/cxz/champ_ws/install/champ_msgs/lib:/usr/lib/x86_64-linux-gnu/gazebo-11/plugins:/opt/ros/humble/opt/rviz_ogre_vendor/lib:/opt/ros/humble/lib/x86_64-linux-gnu:/opt/ros/humble/lib /usr/bin/cmake --install /home/cxz/go2_ws/build/champ_base
[0.105s] -- Install configuration: ""
[0.105s] -- Up-to-date: /home/cxz/go2_ws/install/champ_base/share/champ_base/config
[0.105s] -- Up-to-date: /home/cxz/go2_ws/install/champ_base/share/champ_base/config/ekf
[0.105s] -- Up-to-date: /home/cxz/go2_ws/install/champ_base/share/champ_base/config/ekf/base_to_footprint.yaml
[0.105s] -- Up-to-date: /home/cxz/go2_ws/install/champ_base/share/champ_base/config/ekf/footprint_to_odom.yaml
[0.105s] -- Up-to-date: /home/cxz/go2_ws/install/champ_base/share/champ_base/config/velocity_smoother
[0.105s] -- Up-to-date: /home/cxz/go2_ws/install/champ_base/share/champ_base/config/velocity_smoother/velocity_smoother.yaml
[0.105s] -- Up-to-date: /home/cxz/go2_ws/install/champ_base/lib/libquadruped_controller.so
[0.106s] -- Up-to-date: /home/cxz/go2_ws/install/champ_base/bin/quadruped_controller_node
[0.106s] -- Up-to-date: /home/cxz/go2_ws/install/champ_base/lib/libmessage_relay.so
[0.106s] -- Up-to-date: /home/cxz/go2_ws/install/champ_base/bin/message_relay_node
[0.106s] -- Up-to-date: /home/cxz/go2_ws/install/champ_base/lib/libstate_estimation.so
[0.106s] -- Up-to-date: /home/cxz/go2_ws/install/champ_base/bin/state_estimation_node
[0.106s] -- Up-to-date: /home/cxz/go2_ws/install/champ_base/lib/champ_base/quadruped_controller_node
[0.106s] -- Up-to-date: /home/cxz/go2_ws/install/champ_base/lib/champ_base/message_relay_node
[0.107s] -- Up-to-date: /home/cxz/go2_ws/install/champ_base/lib/champ_base/state_estimation_node
[0.107s] -- Up-to-date: /home/cxz/go2_ws/install/champ_base/share/ament_index/resource_index/package_run_dependencies/champ_base
[0.107s] -- Up-to-date: /home/cxz/go2_ws/install/champ_base/share/ament_index/resource_index/parent_prefix_path/champ_base
[0.107s] -- Up-to-date: /home/cxz/go2_ws/install/champ_base/share/champ_base/environment/ament_prefix_path.sh
[0.107s] -- Up-to-date: /home/cxz/go2_ws/install/champ_base/share/champ_base/environment/ament_prefix_path.dsv
[0.107s] -- Up-to-date: /home/cxz/go2_ws/install/champ_base/share/champ_base/environment/path.sh
[0.107s] -- Up-to-date: /home/cxz/go2_ws/install/champ_base/share/champ_base/environment/path.dsv
[0.107s] -- Up-to-date: /home/cxz/go2_ws/install/champ_base/share/champ_base/local_setup.bash
[0.107s] -- Up-to-date: /home/cxz/go2_ws/install/champ_base/share/champ_base/local_setup.sh
[0.107s] -- Up-to-date: /home/cxz/go2_ws/install/champ_base/share/champ_base/local_setup.zsh
[0.107s] -- Up-to-date: /home/cxz/go2_ws/install/champ_base/share/champ_base/local_setup.dsv
[0.108s] -- Installing: /home/cxz/go2_ws/install/champ_base/share/champ_base/package.dsv
[0.108s] -- Up-to-date: /home/cxz/go2_ws/install/champ_base/share/ament_index/resource_index/packages/champ_base
[0.108s] -- Up-to-date: /home/cxz/go2_ws/install/champ_base/share/champ_base/cmake/ament_cmake_export_include_directories-extras.cmake
[0.108s] -- Up-to-date: /home/cxz/go2_ws/install/champ_base/share/champ_base/cmake/ament_cmake_export_dependencies-extras.cmake
[0.108s] -- Up-to-date: /home/cxz/go2_ws/install/champ_base/share/champ_base/cmake/champ_baseConfig.cmake
[0.108s] -- Up-to-date: /home/cxz/go2_ws/install/champ_base/share/champ_base/cmake/champ_baseConfig-version.cmake
[0.108s] -- Up-to-date: /home/cxz/go2_ws/install/champ_base/share/champ_base/package.xml
[0.118s] Invoked command in '/home/cxz/go2_ws/build/champ_base' returned '0': CMAKE_PREFIX_PATH=/home/cxz/go2_ws/install/champ_msgs:/home/cxz/go2_ws/install/champ:/home/cxz/go2_ws/install/teleop_twist_keyboard:/home/cxz/go2_ws/install/go2_description:/home/cxz/go2_ws/install/go2_config:/home/cxz/go2_ws/install/champ_teleop:/home/cxz/go2_ws/install/champ_navigation:/home/cxz/go2_ws/install/champ_bringup:/home/cxz/go2_ws/install/champ_base:/home/cxz/go2_ws/install/champ_description:/home/cxz/go2_ws/install/champ_config:/home/cxz/go2_ws/install/champ_gazebo:/home/cxz/go2_ws/install/m20_description:/home/cxz/go2_ws/install/m20_config:/home/cxz/champ_ws/install/champ_navigation:/home/cxz/champ_ws/install/champ_gazebo:/home/cxz/champ_ws/install/champ_bringup:/home/cxz/champ_ws/install/champ_base:/home/cxz/champ_ws/install/champ_msgs:/home/cxz/champ_ws/install/champ_description:/home/cxz/champ_ws/install/champ_config:/home/cxz/champ_ws/install/champ:/opt/ros/humble LD_LIBRARY_PATH=/home/cxz/go2_ws/install/champ_msgs/lib:/home/cxz/go2_ws/install/champ_base/lib:/home/cxz/champ_ws/install/champ_base/lib:/home/cxz/champ_ws/install/champ_msgs/lib:/usr/lib/x86_64-linux-gnu/gazebo-11/plugins:/opt/ros/humble/opt/rviz_ogre_vendor/lib:/opt/ros/humble/lib/x86_64-linux-gnu:/opt/ros/humble/lib /usr/bin/cmake --install /home/cxz/go2_ws/build/champ_base
