-- The C compiler identification is GNU 11.4.0
-- The CXX compiler identification is GNU 11.4.0
-- Detecting C compiler ABI info
-- Detecting C compiler ABI info - done
-- Check for working C compiler: /usr/bin/cc - skipped
-- Detecting C compile features
-- Detecting C compile features - done
-- Detecting CXX compiler ABI info
-- Detecting CXX compiler ABI info - done
-- Check for working CXX compiler: /usr/bin/c++ - skipped
-- Detecting CXX compile features
-- Detecting CXX compile features - done
-- Found ament_cmake: 1.3.14 (/opt/ros/humble/share/ament_cmake/cmake)
-- Found Python3: /usr/bin/python3 (found version "3.10.12") found components: Interpreter 
-- Configuring done
-- Generating done
-- Build files have been written to: /home/cxz/go2_ws/build/teleop_twist_keyboard
Built target ament_cmake_python_copy_teleop_twist_keyboard
running egg_info
creating teleop_twist_keyboard.egg-info
writing teleop_twist_keyboard.egg-info/PKG-INFO
writing dependency_links to teleop_twist_keyboard.egg-info/dependency_links.txt
writing top-level names to teleop_twist_keyboard.egg-info/top_level.txt
writing manifest file 'teleop_twist_keyboard.egg-info/SOURCES.txt'
reading manifest file 'teleop_twist_keyboard.egg-info/SOURCES.txt'
writing manifest file 'teleop_twist_keyboard.egg-info/SOURCES.txt'
Built target ament_cmake_python_build_teleop_twist_keyboard_egg
-- Install configuration: ""
-- Installing: /home/cxz/go2_ws/install/teleop_twist_keyboard/share/teleop_twist_keyboard/environment/pythonpath.sh
-- Installing: /home/cxz/go2_ws/install/teleop_twist_keyboard/share/teleop_twist_keyboard/environment/pythonpath.dsv
-- Installing: /home/cxz/go2_ws/install/teleop_twist_keyboard/local/lib/python3.10/dist-packages/teleop_twist_keyboard-2.4.1-py3.10.egg-info
-- Installing: /home/cxz/go2_ws/install/teleop_twist_keyboard/local/lib/python3.10/dist-packages/teleop_twist_keyboard-2.4.1-py3.10.egg-info/SOURCES.txt
-- Installing: /home/cxz/go2_ws/install/teleop_twist_keyboard/local/lib/python3.10/dist-packages/teleop_twist_keyboard-2.4.1-py3.10.egg-info/PKG-INFO
-- Installing: /home/cxz/go2_ws/install/teleop_twist_keyboard/local/lib/python3.10/dist-packages/teleop_twist_keyboard-2.4.1-py3.10.egg-info/dependency_links.txt
-- Installing: /home/cxz/go2_ws/install/teleop_twist_keyboard/local/lib/python3.10/dist-packages/teleop_twist_keyboard-2.4.1-py3.10.egg-info/top_level.txt
-- Installing: /home/cxz/go2_ws/install/teleop_twist_keyboard/local/lib/python3.10/dist-packages/teleop_twist_keyboard
-- Installing: /home/cxz/go2_ws/install/teleop_twist_keyboard/local/lib/python3.10/dist-packages/teleop_twist_keyboard/teleop_twist_keyboard
-- Installing: /home/cxz/go2_ws/install/teleop_twist_keyboard/local/lib/python3.10/dist-packages/teleop_twist_keyboard/teleop_twist_keyboard.py
-- Installing: /home/cxz/go2_ws/install/teleop_twist_keyboard/local/lib/python3.10/dist-packages/teleop_twist_keyboard/__init__.py
Listing '/home/cxz/go2_ws/install/teleop_twist_keyboard/local/lib/python3.10/dist-packages/teleop_twist_keyboard'...
Compiling '/home/cxz/go2_ws/install/teleop_twist_keyboard/local/lib/python3.10/dist-packages/teleop_twist_keyboard/__init__.py'...
Compiling '/home/cxz/go2_ws/install/teleop_twist_keyboard/local/lib/python3.10/dist-packages/teleop_twist_keyboard/teleop_twist_keyboard.py'...
-- Installing: /home/cxz/go2_ws/install/teleop_twist_keyboard/lib/teleop_twist_keyboard/teleop_twist_keyboard
-- Installing: /home/cxz/go2_ws/install/teleop_twist_keyboard/share/ament_index/resource_index/package_run_dependencies/teleop_twist_keyboard
-- Installing: /home/cxz/go2_ws/install/teleop_twist_keyboard/share/ament_index/resource_index/parent_prefix_path/teleop_twist_keyboard
-- Installing: /home/cxz/go2_ws/install/teleop_twist_keyboard/share/teleop_twist_keyboard/environment/ament_prefix_path.sh
-- Installing: /home/cxz/go2_ws/install/teleop_twist_keyboard/share/teleop_twist_keyboard/environment/ament_prefix_path.dsv
-- Installing: /home/cxz/go2_ws/install/teleop_twist_keyboard/share/teleop_twist_keyboard/environment/path.sh
-- Installing: /home/cxz/go2_ws/install/teleop_twist_keyboard/share/teleop_twist_keyboard/environment/path.dsv
-- Installing: /home/cxz/go2_ws/install/teleop_twist_keyboard/share/teleop_twist_keyboard/local_setup.bash
-- Installing: /home/cxz/go2_ws/install/teleop_twist_keyboard/share/teleop_twist_keyboard/local_setup.sh
-- Installing: /home/cxz/go2_ws/install/teleop_twist_keyboard/share/teleop_twist_keyboard/local_setup.zsh
-- Installing: /home/cxz/go2_ws/install/teleop_twist_keyboard/share/teleop_twist_keyboard/local_setup.dsv
-- Installing: /home/cxz/go2_ws/install/teleop_twist_keyboard/share/teleop_twist_keyboard/package.dsv
-- Installing: /home/cxz/go2_ws/install/teleop_twist_keyboard/share/ament_index/resource_index/packages/teleop_twist_keyboard
-- Installing: /home/cxz/go2_ws/install/teleop_twist_keyboard/share/teleop_twist_keyboard/cmake/teleop_twist_keyboardConfig.cmake
-- Installing: /home/cxz/go2_ws/install/teleop_twist_keyboard/share/teleop_twist_keyboard/cmake/teleop_twist_keyboardConfig-version.cmake
-- Installing: /home/cxz/go2_ws/install/teleop_twist_keyboard/share/teleop_twist_keyboard/package.xml
