[0.017s] Invoking command in '/home/cxz/go2_ws/build/teleop_twist_keyboard': CMAKE_PREFIX_PATH=${CMAKE_PREFIX_PATH}:/opt/ros/humble /usr/bin/cmake /home/cxz/go2_ws/src/teleop_twist_keyboard -DCMAKE_INSTALL_PREFIX=/home/cxz/go2_ws/install/teleop_twist_keyboard
[0.060s] -- The C compiler identification is GNU 11.4.0
[0.103s] -- The CXX compiler identification is GNU 11.4.0
[0.107s] -- Detecting C compiler ABI info
[0.156s] -- Detecting C compiler ABI info - done
[0.163s] -- Check for working C compiler: /usr/bin/cc - skipped
[0.163s] -- Detecting C compile features
[0.163s] -- Detecting C compile features - done
[0.166s] -- Detecting CXX compiler ABI info
[0.223s] -- Detecting CXX compiler ABI info - done
[0.230s] -- Check for working CXX compiler: /usr/bin/c++ - skipped
[0.230s] -- Detecting CXX compile features
[0.230s] -- Detecting CXX compile features - done
[0.233s] -- Found ament_cmake: 1.3.14 (/opt/ros/humble/share/ament_cmake/cmake)
[0.349s] -- Found Python3: /usr/bin/python3 (found version "3.10.12") found components: Interpreter 
[0.523s] -- Configuring done
[0.525s] -- Generating done
[0.527s] -- Build files have been written to: /home/cxz/go2_ws/build/teleop_twist_keyboard
[0.544s] Invoked command in '/home/cxz/go2_ws/build/teleop_twist_keyboard' returned '0': CMAKE_PREFIX_PATH=${CMAKE_PREFIX_PATH}:/opt/ros/humble /usr/bin/cmake /home/cxz/go2_ws/src/teleop_twist_keyboard -DCMAKE_INSTALL_PREFIX=/home/cxz/go2_ws/install/teleop_twist_keyboard
[0.545s] Invoking command in '/home/cxz/go2_ws/build/teleop_twist_keyboard': CMAKE_PREFIX_PATH=${CMAKE_PREFIX_PATH}:/opt/ros/humble /usr/bin/cmake --build /home/cxz/go2_ws/build/teleop_twist_keyboard -- -j32 -l32
[0.584s] Built target ament_cmake_python_copy_teleop_twist_keyboard
[0.720s] running egg_info
[0.720s] creating teleop_twist_keyboard.egg-info
[0.720s] writing teleop_twist_keyboard.egg-info/PKG-INFO
[0.721s] writing dependency_links to teleop_twist_keyboard.egg-info/dependency_links.txt
[0.721s] writing top-level names to teleop_twist_keyboard.egg-info/top_level.txt
[0.721s] writing manifest file 'teleop_twist_keyboard.egg-info/SOURCES.txt'
[0.722s] reading manifest file 'teleop_twist_keyboard.egg-info/SOURCES.txt'
[0.722s] writing manifest file 'teleop_twist_keyboard.egg-info/SOURCES.txt'
[0.739s] Built target ament_cmake_python_build_teleop_twist_keyboard_egg
[0.746s] Invoked command in '/home/cxz/go2_ws/build/teleop_twist_keyboard' returned '0': CMAKE_PREFIX_PATH=${CMAKE_PREFIX_PATH}:/opt/ros/humble /usr/bin/cmake --build /home/cxz/go2_ws/build/teleop_twist_keyboard -- -j32 -l32
[0.747s] Invoking command in '/home/cxz/go2_ws/build/teleop_twist_keyboard': CMAKE_PREFIX_PATH=${CMAKE_PREFIX_PATH}:/opt/ros/humble /usr/bin/cmake --install /home/cxz/go2_ws/build/teleop_twist_keyboard
[0.752s] -- Install configuration: ""
[0.752s] -- Installing: /home/cxz/go2_ws/install/teleop_twist_keyboard/share/teleop_twist_keyboard/environment/pythonpath.sh
[0.752s] -- Installing: /home/cxz/go2_ws/install/teleop_twist_keyboard/share/teleop_twist_keyboard/environment/pythonpath.dsv
[0.752s] -- Installing: /home/cxz/go2_ws/install/teleop_twist_keyboard/local/lib/python3.10/dist-packages/teleop_twist_keyboard-2.4.1-py3.10.egg-info
[0.752s] -- Installing: /home/cxz/go2_ws/install/teleop_twist_keyboard/local/lib/python3.10/dist-packages/teleop_twist_keyboard-2.4.1-py3.10.egg-info/SOURCES.txt
[0.752s] -- Installing: /home/cxz/go2_ws/install/teleop_twist_keyboard/local/lib/python3.10/dist-packages/teleop_twist_keyboard-2.4.1-py3.10.egg-info/PKG-INFO
[0.752s] -- Installing: /home/cxz/go2_ws/install/teleop_twist_keyboard/local/lib/python3.10/dist-packages/teleop_twist_keyboard-2.4.1-py3.10.egg-info/dependency_links.txt
[0.752s] -- Installing: /home/cxz/go2_ws/install/teleop_twist_keyboard/local/lib/python3.10/dist-packages/teleop_twist_keyboard-2.4.1-py3.10.egg-info/top_level.txt
[0.752s] -- Installing: /home/cxz/go2_ws/install/teleop_twist_keyboard/local/lib/python3.10/dist-packages/teleop_twist_keyboard
[0.752s] -- Installing: /home/cxz/go2_ws/install/teleop_twist_keyboard/local/lib/python3.10/dist-packages/teleop_twist_keyboard/teleop_twist_keyboard
[0.752s] -- Installing: /home/cxz/go2_ws/install/teleop_twist_keyboard/local/lib/python3.10/dist-packages/teleop_twist_keyboard/teleop_twist_keyboard.py
[0.752s] -- Installing: /home/cxz/go2_ws/install/teleop_twist_keyboard/local/lib/python3.10/dist-packages/teleop_twist_keyboard/__init__.py
[0.776s] Listing '/home/cxz/go2_ws/install/teleop_twist_keyboard/local/lib/python3.10/dist-packages/teleop_twist_keyboard'...
[0.776s] Compiling '/home/cxz/go2_ws/install/teleop_twist_keyboard/local/lib/python3.10/dist-packages/teleop_twist_keyboard/__init__.py'...
[0.776s] Compiling '/home/cxz/go2_ws/install/teleop_twist_keyboard/local/lib/python3.10/dist-packages/teleop_twist_keyboard/teleop_twist_keyboard.py'...
[0.779s] -- Installing: /home/cxz/go2_ws/install/teleop_twist_keyboard/lib/teleop_twist_keyboard/teleop_twist_keyboard
[0.779s] -- Installing: /home/cxz/go2_ws/install/teleop_twist_keyboard/share/ament_index/resource_index/package_run_dependencies/teleop_twist_keyboard
[0.780s] -- Installing: /home/cxz/go2_ws/install/teleop_twist_keyboard/share/ament_index/resource_index/parent_prefix_path/teleop_twist_keyboard
[0.780s] -- Installing: /home/cxz/go2_ws/install/teleop_twist_keyboard/share/teleop_twist_keyboard/environment/ament_prefix_path.sh
[0.780s] -- Installing: /home/cxz/go2_ws/install/teleop_twist_keyboard/share/teleop_twist_keyboard/environment/ament_prefix_path.dsv
[0.780s] -- Installing: /home/cxz/go2_ws/install/teleop_twist_keyboard/share/teleop_twist_keyboard/environment/path.sh
[0.780s] -- Installing: /home/cxz/go2_ws/install/teleop_twist_keyboard/share/teleop_twist_keyboard/environment/path.dsv
[0.780s] -- Installing: /home/cxz/go2_ws/install/teleop_twist_keyboard/share/teleop_twist_keyboard/local_setup.bash
[0.780s] -- Installing: /home/cxz/go2_ws/install/teleop_twist_keyboard/share/teleop_twist_keyboard/local_setup.sh
[0.780s] -- Installing: /home/cxz/go2_ws/install/teleop_twist_keyboard/share/teleop_twist_keyboard/local_setup.zsh
[0.780s] -- Installing: /home/cxz/go2_ws/install/teleop_twist_keyboard/share/teleop_twist_keyboard/local_setup.dsv
[0.780s] -- Installing: /home/cxz/go2_ws/install/teleop_twist_keyboard/share/teleop_twist_keyboard/package.dsv
[0.780s] -- Installing: /home/cxz/go2_ws/install/teleop_twist_keyboard/share/ament_index/resource_index/packages/teleop_twist_keyboard
[0.780s] -- Installing: /home/cxz/go2_ws/install/teleop_twist_keyboard/share/teleop_twist_keyboard/cmake/teleop_twist_keyboardConfig.cmake
[0.780s] -- Installing: /home/cxz/go2_ws/install/teleop_twist_keyboard/share/teleop_twist_keyboard/cmake/teleop_twist_keyboardConfig-version.cmake
[0.780s] -- Installing: /home/cxz/go2_ws/install/teleop_twist_keyboard/share/teleop_twist_keyboard/package.xml
[0.782s] Invoked command in '/home/cxz/go2_ws/build/teleop_twist_keyboard' returned '0': CMAKE_PREFIX_PATH=${CMAKE_PREFIX_PATH}:/opt/ros/humble /usr/bin/cmake --install /home/cxz/go2_ws/build/teleop_twist_keyboard
