[0.022s] Invoking command in '/home/cxz/go2_ws/build/teleop_twist_keyboard': CMAKE_PREFIX_PATH=${CMAKE_PREFIX_PATH}:/opt/ros/humble /usr/bin/cmake --build /home/cxz/go2_ws/build/teleop_twist_keyboard -- -j32 -l32
[0.073s] Built target ament_cmake_python_copy_teleop_twist_keyboard
[0.213s] running egg_info
[0.214s] writing teleop_twist_keyboard.egg-info/PKG-INFO
[0.214s] writing dependency_links to teleop_twist_keyboard.egg-info/dependency_links.txt
[0.214s] writing top-level names to teleop_twist_keyboard.egg-info/top_level.txt
[0.215s] reading manifest file 'teleop_twist_keyboard.egg-info/SOURCES.txt'
[0.215s] writing manifest file 'teleop_twist_keyboard.egg-info/SOURCES.txt'
[0.232s] Built target ament_cmake_python_build_teleop_twist_keyboard_egg
[0.240s] Invoked command in '/home/cxz/go2_ws/build/teleop_twist_keyboard' returned '0': CMAKE_PREFIX_PATH=${CMAKE_PREFIX_PATH}:/opt/ros/humble /usr/bin/cmake --build /home/cxz/go2_ws/build/teleop_twist_keyboard -- -j32 -l32
[0.240s] Invoking command in '/home/cxz/go2_ws/build/teleop_twist_keyboard': CMAKE_PREFIX_PATH=${CMAKE_PREFIX_PATH}:/opt/ros/humble /usr/bin/cmake --install /home/cxz/go2_ws/build/teleop_twist_keyboard
[0.246s] -- Install configuration: ""
[0.246s] -- Up-to-date: /home/cxz/go2_ws/install/teleop_twist_keyboard/share/teleop_twist_keyboard/environment/pythonpath.sh
[0.246s] -- Up-to-date: /home/cxz/go2_ws/install/teleop_twist_keyboard/share/teleop_twist_keyboard/environment/pythonpath.dsv
[0.246s] -- Up-to-date: /home/cxz/go2_ws/install/teleop_twist_keyboard/local/lib/python3.10/dist-packages/teleop_twist_keyboard-2.4.1-py3.10.egg-info
[0.246s] -- Installing: /home/cxz/go2_ws/install/teleop_twist_keyboard/local/lib/python3.10/dist-packages/teleop_twist_keyboard-2.4.1-py3.10.egg-info/SOURCES.txt
[0.246s] -- Installing: /home/cxz/go2_ws/install/teleop_twist_keyboard/local/lib/python3.10/dist-packages/teleop_twist_keyboard-2.4.1-py3.10.egg-info/PKG-INFO
[0.246s] -- Installing: /home/cxz/go2_ws/install/teleop_twist_keyboard/local/lib/python3.10/dist-packages/teleop_twist_keyboard-2.4.1-py3.10.egg-info/dependency_links.txt
[0.246s] -- Installing: /home/cxz/go2_ws/install/teleop_twist_keyboard/local/lib/python3.10/dist-packages/teleop_twist_keyboard-2.4.1-py3.10.egg-info/top_level.txt
[0.246s] -- Up-to-date: /home/cxz/go2_ws/install/teleop_twist_keyboard/local/lib/python3.10/dist-packages/teleop_twist_keyboard
[0.246s] -- Up-to-date: /home/cxz/go2_ws/install/teleop_twist_keyboard/local/lib/python3.10/dist-packages/teleop_twist_keyboard/teleop_twist_keyboard
[0.246s] -- Up-to-date: /home/cxz/go2_ws/install/teleop_twist_keyboard/local/lib/python3.10/dist-packages/teleop_twist_keyboard/teleop_twist_keyboard.py
[0.246s] -- Up-to-date: /home/cxz/go2_ws/install/teleop_twist_keyboard/local/lib/python3.10/dist-packages/teleop_twist_keyboard/__init__.py
[0.268s] Listing '/home/cxz/go2_ws/install/teleop_twist_keyboard/local/lib/python3.10/dist-packages/teleop_twist_keyboard'...
[0.270s] -- Up-to-date: /home/cxz/go2_ws/install/teleop_twist_keyboard/lib/teleop_twist_keyboard/teleop_twist_keyboard
[0.270s] -- Up-to-date: /home/cxz/go2_ws/install/teleop_twist_keyboard/share/ament_index/resource_index/package_run_dependencies/teleop_twist_keyboard
[0.270s] -- Up-to-date: /home/cxz/go2_ws/install/teleop_twist_keyboard/share/ament_index/resource_index/parent_prefix_path/teleop_twist_keyboard
[0.270s] -- Up-to-date: /home/cxz/go2_ws/install/teleop_twist_keyboard/share/teleop_twist_keyboard/environment/ament_prefix_path.sh
[0.271s] -- Up-to-date: /home/cxz/go2_ws/install/teleop_twist_keyboard/share/teleop_twist_keyboard/environment/ament_prefix_path.dsv
[0.271s] -- Up-to-date: /home/cxz/go2_ws/install/teleop_twist_keyboard/share/teleop_twist_keyboard/environment/path.sh
[0.271s] -- Up-to-date: /home/cxz/go2_ws/install/teleop_twist_keyboard/share/teleop_twist_keyboard/environment/path.dsv
[0.271s] -- Up-to-date: /home/cxz/go2_ws/install/teleop_twist_keyboard/share/teleop_twist_keyboard/local_setup.bash
[0.271s] -- Up-to-date: /home/cxz/go2_ws/install/teleop_twist_keyboard/share/teleop_twist_keyboard/local_setup.sh
[0.271s] -- Up-to-date: /home/cxz/go2_ws/install/teleop_twist_keyboard/share/teleop_twist_keyboard/local_setup.zsh
[0.271s] -- Up-to-date: /home/cxz/go2_ws/install/teleop_twist_keyboard/share/teleop_twist_keyboard/local_setup.dsv
[0.271s] -- Installing: /home/cxz/go2_ws/install/teleop_twist_keyboard/share/teleop_twist_keyboard/package.dsv
[0.271s] -- Up-to-date: /home/cxz/go2_ws/install/teleop_twist_keyboard/share/ament_index/resource_index/packages/teleop_twist_keyboard
[0.271s] -- Up-to-date: /home/cxz/go2_ws/install/teleop_twist_keyboard/share/teleop_twist_keyboard/cmake/teleop_twist_keyboardConfig.cmake
[0.271s] -- Up-to-date: /home/cxz/go2_ws/install/teleop_twist_keyboard/share/teleop_twist_keyboard/cmake/teleop_twist_keyboardConfig-version.cmake
[0.271s] -- Up-to-date: /home/cxz/go2_ws/install/teleop_twist_keyboard/share/teleop_twist_keyboard/package.xml
[0.283s] Invoked command in '/home/cxz/go2_ws/build/teleop_twist_keyboard' returned '0': CMAKE_PREFIX_PATH=${CMAKE_PREFIX_PATH}:/opt/ros/humble /usr/bin/cmake --install /home/cxz/go2_ws/build/teleop_twist_keyboard
