[0.027s] Invoking command in '/home/cxz/go2_ws/build/champ_navigation': CMAKE_PREFIX_PATH=${CMAKE_PREFIX_PATH}:/opt/ros/humble /usr/bin/cmake --build /home/cxz/go2_ws/build/champ_navigation -- -j32 -l32
[0.065s] Invoked command in '/home/cxz/go2_ws/build/champ_navigation' returned '0': CMAKE_PREFIX_PATH=${CMAKE_PREFIX_PATH}:/opt/ros/humble /usr/bin/cmake --build /home/cxz/go2_ws/build/champ_navigation -- -j32 -l32
[0.066s] Invoking command in '/home/cxz/go2_ws/build/champ_navigation': CMAKE_PREFIX_PATH=${CMAKE_PREFIX_PATH}:/opt/ros/humble /usr/bin/cmake --install /home/cxz/go2_ws/build/champ_navigation
[0.077s] -- Install configuration: ""
[0.077s] -- Up-to-date: /home/cxz/go2_ws/install/champ_navigation/share/champ_navigation/launch
[0.077s] -- Up-to-date: /home/cxz/go2_ws/install/champ_navigation/share/champ_navigation/launch/navigate.launch.py
[0.077s] -- Up-to-date: /home/cxz/go2_ws/install/champ_navigation/share/champ_navigation/launch/slam.launch.py
[0.077s] -- Up-to-date: /home/cxz/go2_ws/install/champ_navigation/share/champ_navigation/rviz
[0.077s] -- Up-to-date: /home/cxz/go2_ws/install/champ_navigation/share/champ_navigation/rviz/navigation_minimal.rviz
[0.077s] -- Up-to-date: /home/cxz/go2_ws/install/champ_navigation/share/champ_navigation/rviz/navigation.rviz
[0.077s] -- Up-to-date: /home/cxz/go2_ws/install/champ_navigation/share/champ_navigation/rviz/slam.rviz
[0.077s] -- Up-to-date: /home/cxz/go2_ws/install/champ_navigation/share/ament_index/resource_index/package_run_dependencies/champ_navigation
[0.078s] -- Up-to-date: /home/cxz/go2_ws/install/champ_navigation/share/ament_index/resource_index/parent_prefix_path/champ_navigation
[0.078s] -- Up-to-date: /home/cxz/go2_ws/install/champ_navigation/share/champ_navigation/environment/ament_prefix_path.sh
[0.078s] -- Up-to-date: /home/cxz/go2_ws/install/champ_navigation/share/champ_navigation/environment/ament_prefix_path.dsv
[0.078s] -- Up-to-date: /home/cxz/go2_ws/install/champ_navigation/share/champ_navigation/environment/path.sh
[0.078s] -- Up-to-date: /home/cxz/go2_ws/install/champ_navigation/share/champ_navigation/environment/path.dsv
[0.078s] -- Up-to-date: /home/cxz/go2_ws/install/champ_navigation/share/champ_navigation/local_setup.bash
[0.078s] -- Up-to-date: /home/cxz/go2_ws/install/champ_navigation/share/champ_navigation/local_setup.sh
[0.078s] -- Up-to-date: /home/cxz/go2_ws/install/champ_navigation/share/champ_navigation/local_setup.zsh
[0.078s] -- Up-to-date: /home/cxz/go2_ws/install/champ_navigation/share/champ_navigation/local_setup.dsv
[0.078s] -- Installing: /home/cxz/go2_ws/install/champ_navigation/share/champ_navigation/package.dsv
[0.078s] -- Up-to-date: /home/cxz/go2_ws/install/champ_navigation/share/ament_index/resource_index/packages/champ_navigation
[0.079s] -- Up-to-date: /home/cxz/go2_ws/install/champ_navigation/share/champ_navigation/cmake/champ_navigationConfig.cmake
[0.079s] -- Up-to-date: /home/cxz/go2_ws/install/champ_navigation/share/champ_navigation/cmake/champ_navigationConfig-version.cmake
[0.079s] -- Up-to-date: /home/cxz/go2_ws/install/champ_navigation/share/champ_navigation/package.xml
[0.134s] Invoked command in '/home/cxz/go2_ws/build/champ_navigation' returned '0': CMAKE_PREFIX_PATH=${CMAKE_PREFIX_PATH}:/opt/ros/humble /usr/bin/cmake --install /home/cxz/go2_ws/build/champ_navigation
