[0.011s] Invoking command in '/home/cxz/go2_ws/build/champ_bringup': CMAKE_PREFIX_PATH=/home/cxz/go2_ws/install/champ_base:/home/cxz/go2_ws/install/champ_msgs:/home/cxz/go2_ws/install/champ_description:/home/cxz/go2_ws/install/champ:/home/cxz/go2_ws/install/teleop_twist_keyboard:/home/cxz/go2_ws/install/go2_description:/home/cxz/go2_ws/install/go2_config:/home/cxz/go2_ws/install/champ_teleop:/home/cxz/go2_ws/install/champ_navigation:/home/cxz/go2_ws/install/champ_bringup:/home/cxz/go2_ws/install/champ_config:/home/cxz/go2_ws/install/champ_gazebo:/home/cxz/go2_ws/install/m20_description:/home/cxz/go2_ws/install/m20_config:/home/cxz/champ_ws/install/champ_navigation:/home/cxz/champ_ws/install/champ_gazebo:/home/cxz/champ_ws/install/champ_bringup:/home/cxz/champ_ws/install/champ_base:/home/cxz/champ_ws/install/champ_msgs:/home/cxz/champ_ws/install/champ_description:/home/cxz/champ_ws/install/champ_config:/home/cxz/champ_ws/install/champ:/opt/ros/humble PATH=/home/cxz/go2_ws/install/champ_base/bin:/home/cxz/go2_ws/install/champ_gazebo/bin:/home/cxz/.nvm/versions/node/v20.20.2/bin:/home/cxz/champ_ws/install/champ_gazebo/bin:/home/cxz/champ_ws/install/champ_base/bin:/opt/ros/humble/bin:/home/cxz/miniconda3/condabin:/usr/local/sbin:/usr/local/bin:/usr/sbin:/usr/bin:/sbin:/bin:/usr/games:/usr/local/games:/snap/bin:/snap/bin /usr/bin/cmake /home/cxz/go2_ws/src/unitree-go2-ros2/champ/champ_bringup -DCMAKE_INSTALL_PREFIX=/home/cxz/go2_ws/install/champ_bringup
[0.083s] -- The C compiler identification is GNU 11.4.0
[0.159s] -- The CXX compiler identification is GNU 11.4.0
[0.163s] -- Detecting C compiler ABI info
[0.254s] -- Detecting C compiler ABI info - done
[0.263s] -- Check for working C compiler: /usr/bin/cc - skipped
[0.263s] -- Detecting C compile features
[0.264s] -- Detecting C compile features - done
[0.267s] -- Detecting CXX compiler ABI info
[0.383s] -- Detecting CXX compiler ABI info - done
[0.393s] -- Check for working CXX compiler: /usr/bin/c++ - skipped
[0.394s] -- Detecting CXX compile features
[0.395s] -- Detecting CXX compile features - done
[0.399s] -- Found ament_cmake: 1.3.14 (/opt/ros/humble/share/ament_cmake/cmake)
[0.536s] -- Found Python3: /usr/bin/python3 (found version "3.10.12") found components: Interpreter 
[0.724s] -- Configuring done
[0.726s] -- Generating done
[0.727s] -- Build files have been written to: /home/cxz/go2_ws/build/champ_bringup
[0.730s] Invoked command in '/home/cxz/go2_ws/build/champ_bringup' returned '0': CMAKE_PREFIX_PATH=/home/cxz/go2_ws/install/champ_base:/home/cxz/go2_ws/install/champ_msgs:/home/cxz/go2_ws/install/champ_description:/home/cxz/go2_ws/install/champ:/home/cxz/go2_ws/install/teleop_twist_keyboard:/home/cxz/go2_ws/install/go2_description:/home/cxz/go2_ws/install/go2_config:/home/cxz/go2_ws/install/champ_teleop:/home/cxz/go2_ws/install/champ_navigation:/home/cxz/go2_ws/install/champ_bringup:/home/cxz/go2_ws/install/champ_config:/home/cxz/go2_ws/install/champ_gazebo:/home/cxz/go2_ws/install/m20_description:/home/cxz/go2_ws/install/m20_config:/home/cxz/champ_ws/install/champ_navigation:/home/cxz/champ_ws/install/champ_gazebo:/home/cxz/champ_ws/install/champ_bringup:/home/cxz/champ_ws/install/champ_base:/home/cxz/champ_ws/install/champ_msgs:/home/cxz/champ_ws/install/champ_description:/home/cxz/champ_ws/install/champ_config:/home/cxz/champ_ws/install/champ:/opt/ros/humble PATH=/home/cxz/go2_ws/install/champ_base/bin:/home/cxz/go2_ws/install/champ_gazebo/bin:/home/cxz/.nvm/versions/node/v20.20.2/bin:/home/cxz/champ_ws/install/champ_gazebo/bin:/home/cxz/champ_ws/install/champ_base/bin:/opt/ros/humble/bin:/home/cxz/miniconda3/condabin:/usr/local/sbin:/usr/local/bin:/usr/sbin:/usr/bin:/sbin:/bin:/usr/games:/usr/local/games:/snap/bin:/snap/bin /usr/bin/cmake /home/cxz/go2_ws/src/unitree-go2-ros2/champ/champ_bringup -DCMAKE_INSTALL_PREFIX=/home/cxz/go2_ws/install/champ_bringup
[0.730s] Invoking command in '/home/cxz/go2_ws/build/champ_bringup': CMAKE_PREFIX_PATH=/home/cxz/go2_ws/install/champ_base:/home/cxz/go2_ws/install/champ_msgs:/home/cxz/go2_ws/install/champ_description:/home/cxz/go2_ws/install/champ:/home/cxz/go2_ws/install/teleop_twist_keyboard:/home/cxz/go2_ws/install/go2_description:/home/cxz/go2_ws/install/go2_config:/home/cxz/go2_ws/install/champ_teleop:/home/cxz/go2_ws/install/champ_navigation:/home/cxz/go2_ws/install/champ_bringup:/home/cxz/go2_ws/install/champ_config:/home/cxz/go2_ws/install/champ_gazebo:/home/cxz/go2_ws/install/m20_description:/home/cxz/go2_ws/install/m20_config:/home/cxz/champ_ws/install/champ_navigation:/home/cxz/champ_ws/install/champ_gazebo:/home/cxz/champ_ws/install/champ_bringup:/home/cxz/champ_ws/install/champ_base:/home/cxz/champ_ws/install/champ_msgs:/home/cxz/champ_ws/install/champ_description:/home/cxz/champ_ws/install/champ_config:/home/cxz/champ_ws/install/champ:/opt/ros/humble PATH=/home/cxz/go2_ws/install/champ_base/bin:/home/cxz/go2_ws/install/champ_gazebo/bin:/home/cxz/.nvm/versions/node/v20.20.2/bin:/home/cxz/champ_ws/install/champ_gazebo/bin:/home/cxz/champ_ws/install/champ_base/bin:/opt/ros/humble/bin:/home/cxz/miniconda3/condabin:/usr/local/sbin:/usr/local/bin:/usr/sbin:/usr/bin:/sbin:/bin:/usr/games:/usr/local/games:/snap/bin:/snap/bin /usr/bin/cmake --build /home/cxz/go2_ws/build/champ_bringup -- -j32 -l32
[0.787s] Built target ament_cmake_python_copy_champ_bringup
[0.949s] running egg_info
[0.949s] creating champ_bringup.egg-info
[0.949s] writing champ_bringup.egg-info/PKG-INFO
[0.949s] writing dependency_links to champ_bringup.egg-info/dependency_links.txt
[0.949s] writing top-level names to champ_bringup.egg-info/top_level.txt
[0.949s] writing manifest file 'champ_bringup.egg-info/SOURCES.txt'
[0.951s] reading manifest file 'champ_bringup.egg-info/SOURCES.txt'
[0.951s] writing manifest file 'champ_bringup.egg-info/SOURCES.txt'
[0.967s] Built target ament_cmake_python_build_champ_bringup_egg
[0.975s] Invoked command in '/home/cxz/go2_ws/build/champ_bringup' returned '0': CMAKE_PREFIX_PATH=/home/cxz/go2_ws/install/champ_base:/home/cxz/go2_ws/install/champ_msgs:/home/cxz/go2_ws/install/champ_description:/home/cxz/go2_ws/install/champ:/home/cxz/go2_ws/install/teleop_twist_keyboard:/home/cxz/go2_ws/install/go2_description:/home/cxz/go2_ws/install/go2_config:/home/cxz/go2_ws/install/champ_teleop:/home/cxz/go2_ws/install/champ_navigation:/home/cxz/go2_ws/install/champ_bringup:/home/cxz/go2_ws/install/champ_config:/home/cxz/go2_ws/install/champ_gazebo:/home/cxz/go2_ws/install/m20_description:/home/cxz/go2_ws/install/m20_config:/home/cxz/champ_ws/install/champ_navigation:/home/cxz/champ_ws/install/champ_gazebo:/home/cxz/champ_ws/install/champ_bringup:/home/cxz/champ_ws/install/champ_base:/home/cxz/champ_ws/install/champ_msgs:/home/cxz/champ_ws/install/champ_description:/home/cxz/champ_ws/install/champ_config:/home/cxz/champ_ws/install/champ:/opt/ros/humble PATH=/home/cxz/go2_ws/install/champ_base/bin:/home/cxz/go2_ws/install/champ_gazebo/bin:/home/cxz/.nvm/versions/node/v20.20.2/bin:/home/cxz/champ_ws/install/champ_gazebo/bin:/home/cxz/champ_ws/install/champ_base/bin:/opt/ros/humble/bin:/home/cxz/miniconda3/condabin:/usr/local/sbin:/usr/local/bin:/usr/sbin:/usr/bin:/sbin:/bin:/usr/games:/usr/local/games:/snap/bin:/snap/bin /usr/bin/cmake --build /home/cxz/go2_ws/build/champ_bringup -- -j32 -l32
[0.976s] Invoking command in '/home/cxz/go2_ws/build/champ_bringup': CMAKE_PREFIX_PATH=/home/cxz/go2_ws/install/champ_base:/home/cxz/go2_ws/install/champ_msgs:/home/cxz/go2_ws/install/champ_description:/home/cxz/go2_ws/install/champ:/home/cxz/go2_ws/install/teleop_twist_keyboard:/home/cxz/go2_ws/install/go2_description:/home/cxz/go2_ws/install/go2_config:/home/cxz/go2_ws/install/champ_teleop:/home/cxz/go2_ws/install/champ_navigation:/home/cxz/go2_ws/install/champ_bringup:/home/cxz/go2_ws/install/champ_config:/home/cxz/go2_ws/install/champ_gazebo:/home/cxz/go2_ws/install/m20_description:/home/cxz/go2_ws/install/m20_config:/home/cxz/champ_ws/install/champ_navigation:/home/cxz/champ_ws/install/champ_gazebo:/home/cxz/champ_ws/install/champ_bringup:/home/cxz/champ_ws/install/champ_base:/home/cxz/champ_ws/install/champ_msgs:/home/cxz/champ_ws/install/champ_description:/home/cxz/champ_ws/install/champ_config:/home/cxz/champ_ws/install/champ:/opt/ros/humble PATH=/home/cxz/go2_ws/install/champ_base/bin:/home/cxz/go2_ws/install/champ_gazebo/bin:/home/cxz/.nvm/versions/node/v20.20.2/bin:/home/cxz/champ_ws/install/champ_gazebo/bin:/home/cxz/champ_ws/install/champ_base/bin:/opt/ros/humble/bin:/home/cxz/miniconda3/condabin:/usr/local/sbin:/usr/local/bin:/usr/sbin:/usr/bin:/sbin:/bin:/usr/games:/usr/local/games:/snap/bin:/snap/bin /usr/bin/cmake --install /home/cxz/go2_ws/build/champ_bringup
[0.983s] -- Install configuration: ""
[0.983s] -- Installing: /home/cxz/go2_ws/install/champ_bringup/share/champ_bringup/launch
[0.983s] -- Installing: /home/cxz/go2_ws/install/champ_bringup/share/champ_bringup/launch/bringup.launch.py
[0.983s] -- Installing: /home/cxz/go2_ws/install/champ_bringup/share/champ_bringup/launch/joints_gui.launch
[0.983s] -- Installing: /home/cxz/go2_ws/install/champ_bringup/share/champ_bringup/launch/joints_gui.launch.py
[0.983s] -- Installing: /home/cxz/go2_ws/install/champ_bringup/share/champ_bringup/launch/bringup.launch
[0.984s] -- Installing: /home/cxz/go2_ws/install/champ_bringup/share/champ_bringup/launch/include
[0.984s] -- Installing: /home/cxz/go2_ws/install/champ_bringup/share/champ_bringup/launch/include/velocity_smoother.launch
[0.984s] -- Installing: /home/cxz/go2_ws/install/champ_bringup/share/champ_bringup/launch/include/laser
[0.984s] -- Installing: /home/cxz/go2_ws/install/champ_bringup/share/champ_bringup/launch/include/laser/kinect.launch
[0.984s] -- Installing: /home/cxz/go2_ws/install/champ_bringup/share/champ_bringup/launch/include/laser/ydlidar.launch
[0.984s] -- Installing: /home/cxz/go2_ws/install/champ_bringup/share/champ_bringup/launch/include/laser/realsense.launch
[0.984s] -- Installing: /home/cxz/go2_ws/install/champ_bringup/share/champ_bringup/launch/include/laser/sweep.launch
[0.984s] -- Installing: /home/cxz/go2_ws/install/champ_bringup/share/champ_bringup/launch/include/laser/lms1xx.launch
[0.985s] -- Installing: /home/cxz/go2_ws/install/champ_bringup/share/champ_bringup/launch/include/laser/xv11.launch
[0.985s] -- Installing: /home/cxz/go2_ws/install/champ_bringup/share/champ_bringup/launch/include/laser/d435.launch
[0.985s] -- Installing: /home/cxz/go2_ws/install/champ_bringup/share/champ_bringup/launch/include/laser/rplidar.launch
[0.985s] -- Installing: /home/cxz/go2_ws/install/champ_bringup/share/champ_bringup/launch/include/laser/sim.launch
[0.985s] -- Installing: /home/cxz/go2_ws/install/champ_bringup/share/champ_bringup/launch/include/laser/hokuyo.launch
[0.985s] -- Installing: /home/cxz/go2_ws/install/champ_bringup/share/champ_bringup/environment/pythonpath.sh
[0.985s] -- Installing: /home/cxz/go2_ws/install/champ_bringup/share/champ_bringup/environment/pythonpath.dsv
[0.985s] -- Installing: /home/cxz/go2_ws/install/champ_bringup/local/lib/python3.10/dist-packages/champ_bringup-0.1.0-py3.10.egg-info
[0.985s] -- Installing: /home/cxz/go2_ws/install/champ_bringup/local/lib/python3.10/dist-packages/champ_bringup-0.1.0-py3.10.egg-info/SOURCES.txt
[0.986s] -- Installing: /home/cxz/go2_ws/install/champ_bringup/local/lib/python3.10/dist-packages/champ_bringup-0.1.0-py3.10.egg-info/PKG-INFO
[0.986s] -- Installing: /home/cxz/go2_ws/install/champ_bringup/local/lib/python3.10/dist-packages/champ_bringup-0.1.0-py3.10.egg-info/dependency_links.txt
[0.986s] -- Installing: /home/cxz/go2_ws/install/champ_bringup/local/lib/python3.10/dist-packages/champ_bringup-0.1.0-py3.10.egg-info/top_level.txt
[0.986s] -- Installing: /home/cxz/go2_ws/install/champ_bringup/local/lib/python3.10/dist-packages/champ_bringup
[0.986s] -- Installing: /home/cxz/go2_ws/install/champ_bringup/local/lib/python3.10/dist-packages/champ_bringup/__init__.py
[0.986s] -- Installing: /home/cxz/go2_ws/install/champ_bringup/local/lib/python3.10/dist-packages/champ_bringup/joint_calibrator_relay.py
[1.017s] Listing '/home/cxz/go2_ws/install/champ_bringup/local/lib/python3.10/dist-packages/champ_bringup'...
[1.017s] Compiling '/home/cxz/go2_ws/install/champ_bringup/local/lib/python3.10/dist-packages/champ_bringup/__init__.py'...
[1.017s] Compiling '/home/cxz/go2_ws/install/champ_bringup/local/lib/python3.10/dist-packages/champ_bringup/joint_calibrator_relay.py'...
[1.020s] -- Installing: /home/cxz/go2_ws/install/champ_bringup/lib/champ_bringup/joint_calibrator_relay.py
[1.020s] -- Installing: /home/cxz/go2_ws/install/champ_bringup/share/ament_index/resource_index/package_run_dependencies/champ_bringup
[1.020s] -- Installing: /home/cxz/go2_ws/install/champ_bringup/share/ament_index/resource_index/parent_prefix_path/champ_bringup
[1.020s] -- Installing: /home/cxz/go2_ws/install/champ_bringup/share/champ_bringup/environment/ament_prefix_path.sh
[1.020s] -- Installing: /home/cxz/go2_ws/install/champ_bringup/share/champ_bringup/environment/ament_prefix_path.dsv
[1.020s] -- Installing: /home/cxz/go2_ws/install/champ_bringup/share/champ_bringup/environment/path.sh
[1.020s] -- Installing: /home/cxz/go2_ws/install/champ_bringup/share/champ_bringup/environment/path.dsv
[1.020s] -- Installing: /home/cxz/go2_ws/install/champ_bringup/share/champ_bringup/local_setup.bash
[1.020s] -- Installing: /home/cxz/go2_ws/install/champ_bringup/share/champ_bringup/local_setup.sh
[1.020s] -- Installing: /home/cxz/go2_ws/install/champ_bringup/share/champ_bringup/local_setup.zsh
[1.020s] -- Installing: /home/cxz/go2_ws/install/champ_bringup/share/champ_bringup/local_setup.dsv
[1.020s] -- Installing: /home/cxz/go2_ws/install/champ_bringup/share/champ_bringup/package.dsv
[1.020s] -- Installing: /home/cxz/go2_ws/install/champ_bringup/share/ament_index/resource_index/packages/champ_bringup
[1.020s] -- Installing: /home/cxz/go2_ws/install/champ_bringup/share/champ_bringup/cmake/champ_bringupConfig.cmake
[1.021s] -- Installing: /home/cxz/go2_ws/install/champ_bringup/share/champ_bringup/cmake/champ_bringupConfig-version.cmake
[1.021s] -- Installing: /home/cxz/go2_ws/install/champ_bringup/share/champ_bringup/package.xml
[1.022s] Invoked command in '/home/cxz/go2_ws/build/champ_bringup' returned '0': CMAKE_PREFIX_PATH=/home/cxz/go2_ws/install/champ_base:/home/cxz/go2_ws/install/champ_msgs:/home/cxz/go2_ws/install/champ_description:/home/cxz/go2_ws/install/champ:/home/cxz/go2_ws/install/teleop_twist_keyboard:/home/cxz/go2_ws/install/go2_description:/home/cxz/go2_ws/install/go2_config:/home/cxz/go2_ws/install/champ_teleop:/home/cxz/go2_ws/install/champ_navigation:/home/cxz/go2_ws/install/champ_bringup:/home/cxz/go2_ws/install/champ_config:/home/cxz/go2_ws/install/champ_gazebo:/home/cxz/go2_ws/install/m20_description:/home/cxz/go2_ws/install/m20_config:/home/cxz/champ_ws/install/champ_navigation:/home/cxz/champ_ws/install/champ_gazebo:/home/cxz/champ_ws/install/champ_bringup:/home/cxz/champ_ws/install/champ_base:/home/cxz/champ_ws/install/champ_msgs:/home/cxz/champ_ws/install/champ_description:/home/cxz/champ_ws/install/champ_config:/home/cxz/champ_ws/install/champ:/opt/ros/humble PATH=/home/cxz/go2_ws/install/champ_base/bin:/home/cxz/go2_ws/install/champ_gazebo/bin:/home/cxz/.nvm/versions/node/v20.20.2/bin:/home/cxz/champ_ws/install/champ_gazebo/bin:/home/cxz/champ_ws/install/champ_base/bin:/opt/ros/humble/bin:/home/cxz/miniconda3/condabin:/usr/local/sbin:/usr/local/bin:/usr/sbin:/usr/bin:/sbin:/bin:/usr/games:/usr/local/games:/snap/bin:/snap/bin /usr/bin/cmake --install /home/cxz/go2_ws/build/champ_bringup
