[0.035s] Invoking command in '/home/cxz/go2_ws/build/champ_description': CMAKE_PREFIX_PATH=${CMAKE_PREFIX_PATH}:/opt/ros/humble /usr/bin/cmake --build /home/cxz/go2_ws/build/champ_description -- -j32 -l32
[0.066s] Invoked command in '/home/cxz/go2_ws/build/champ_description' returned '0': CMAKE_PREFIX_PATH=${CMAKE_PREFIX_PATH}:/opt/ros/humble /usr/bin/cmake --build /home/cxz/go2_ws/build/champ_description -- -j32 -l32
[0.072s] Invoking command in '/home/cxz/go2_ws/build/champ_description': CMAKE_PREFIX_PATH=${CMAKE_PREFIX_PATH}:/opt/ros/humble /usr/bin/cmake --install /home/cxz/go2_ws/build/champ_description
[0.079s] -- Install configuration: ""
[0.079s] -- Up-to-date: /home/cxz/go2_ws/install/champ_description/share/champ_description/launch
[0.079s] -- Up-to-date: /home/cxz/go2_ws/install/champ_description/share/champ_description/launch/description.launch.py
[0.080s] -- Up-to-date: /home/cxz/go2_ws/install/champ_description/share/champ_description/launch/description.launch
[0.080s] -- Up-to-date: /home/cxz/go2_ws/install/champ_description/share/champ_description/launch/view_urdf.launch
[0.080s] -- Up-to-date: /home/cxz/go2_ws/install/champ_description/share/champ_description/rviz
[0.080s] -- Up-to-date: /home/cxz/go2_ws/install/champ_description/share/champ_description/rviz/urdf_viewer.rviz
[0.081s] -- Up-to-date: /home/cxz/go2_ws/install/champ_description/share/champ_description/meshes
[0.082s] -- Up-to-date: /home/cxz/go2_ws/install/champ_description/share/champ_description/meshes/arm
[0.082s] -- Up-to-date: /home/cxz/go2_ws/install/champ_description/share/champ_description/meshes/arm/wrist1.stl
[0.083s] -- Up-to-date: /home/cxz/go2_ws/install/champ_description/share/champ_description/meshes/arm/base.stl
[0.083s] -- Up-to-date: /home/cxz/go2_ws/install/champ_description/share/champ_description/meshes/arm/lower_arm.stl
[0.083s] -- Up-to-date: /home/cxz/go2_ws/install/champ_description/share/champ_description/meshes/arm/upper_arm.stl
[0.084s] -- Up-to-date: /home/cxz/go2_ws/install/champ_description/share/champ_description/meshes/arm/wrist2.stl
[0.084s] -- Up-to-date: /home/cxz/go2_ws/install/champ_description/share/champ_description/meshes/base_simple.stl
[0.085s] -- Up-to-date: /home/cxz/go2_ws/install/champ_description/share/champ_description/meshes/base.stl
[0.086s] -- Up-to-date: /home/cxz/go2_ws/install/champ_description/share/champ_description/meshes/upper_leg.stl
[0.086s] -- Up-to-date: /home/cxz/go2_ws/install/champ_description/share/champ_description/meshes/hip.stl
[0.086s] -- Up-to-date: /home/cxz/go2_ws/install/champ_description/share/champ_description/meshes/hokuyo_utm_30lx.dae
[0.086s] -- Up-to-date: /home/cxz/go2_ws/install/champ_description/share/champ_description/meshes/asus_camera_simple.dae
[0.086s] -- Up-to-date: /home/cxz/go2_ws/install/champ_description/share/champ_description/meshes/upper_leg_simple.stl
[0.086s] -- Up-to-date: /home/cxz/go2_ws/install/champ_description/share/champ_description/meshes/lower_leg.stl
[0.086s] -- Up-to-date: /home/cxz/go2_ws/install/champ_description/share/champ_description/meshes/lower_leg_simple.stl
[0.086s] -- Up-to-date: /home/cxz/go2_ws/install/champ_description/share/champ_description/urdf
[0.087s] -- Up-to-date: /home/cxz/go2_ws/install/champ_description/share/champ_description/urdf/champ_velodyne.urdf
[0.087s] -- Up-to-date: /home/cxz/go2_ws/install/champ_description/share/champ_description/urdf/leg.urdf.xacro
[0.087s] -- Up-to-date: /home/cxz/go2_ws/install/champ_description/share/champ_description/urdf/champ_arm.urdf
[0.087s] -- Up-to-date: /home/cxz/go2_ws/install/champ_description/share/champ_description/urdf/accessories.urdf.xacro
[0.087s] -- Up-to-date: /home/cxz/go2_ws/install/champ_description/share/champ_description/urdf/properties.urdf.xacro
[0.087s] -- Up-to-date: /home/cxz/go2_ws/install/champ_description/share/champ_description/urdf/champ.urdf
[0.087s] -- Up-to-date: /home/cxz/go2_ws/install/champ_description/share/champ_description/urdf/champ.urdf.xacro
[0.087s] -- Up-to-date: /home/cxz/go2_ws/install/champ_description/share/champ_description/urdf/asus_camera.urdf.xacro
[0.088s] -- Up-to-date: /home/cxz/go2_ws/install/champ_description/share/champ_description/urdf/gen_urdf
[0.088s] -- Up-to-date: /home/cxz/go2_ws/install/champ_description/share/champ_description/urdf/hokuyo_utm30lx.urdf.xacro
[0.088s] -- Up-to-date: /home/cxz/go2_ws/install/champ_description/share/ament_index/resource_index/package_run_dependencies/champ_description
[0.088s] -- Up-to-date: /home/cxz/go2_ws/install/champ_description/share/ament_index/resource_index/parent_prefix_path/champ_description
[0.088s] -- Up-to-date: /home/cxz/go2_ws/install/champ_description/share/champ_description/environment/ament_prefix_path.sh
[0.089s] -- Up-to-date: /home/cxz/go2_ws/install/champ_description/share/champ_description/environment/ament_prefix_path.dsv
[0.089s] -- Up-to-date: /home/cxz/go2_ws/install/champ_description/share/champ_description/environment/path.sh
[0.089s] -- Up-to-date: /home/cxz/go2_ws/install/champ_description/share/champ_description/environment/path.dsv
[0.090s] -- Up-to-date: /home/cxz/go2_ws/install/champ_description/share/champ_description/local_setup.bash
[0.090s] -- Up-to-date: /home/cxz/go2_ws/install/champ_description/share/champ_description/local_setup.sh
[0.090s] -- Up-to-date: /home/cxz/go2_ws/install/champ_description/share/champ_description/local_setup.zsh
[0.091s] -- Up-to-date: /home/cxz/go2_ws/install/champ_description/share/champ_description/local_setup.dsv
[0.091s] -- Up-to-date: /home/cxz/go2_ws/install/champ_description/share/champ_description/package.dsv
[0.092s] -- Up-to-date: /home/cxz/go2_ws/install/champ_description/share/ament_index/resource_index/packages/champ_description
[0.092s] -- Up-to-date: /home/cxz/go2_ws/install/champ_description/share/champ_description/cmake/champ_descriptionConfig.cmake
[0.092s] -- Up-to-date: /home/cxz/go2_ws/install/champ_description/share/champ_description/cmake/champ_descriptionConfig-version.cmake
[0.092s] -- Up-to-date: /home/cxz/go2_ws/install/champ_description/share/champ_description/package.xml
[0.129s] Invoked command in '/home/cxz/go2_ws/build/champ_description' returned '0': CMAKE_PREFIX_PATH=${CMAKE_PREFIX_PATH}:/opt/ros/humble /usr/bin/cmake --install /home/cxz/go2_ws/build/champ_description
