[0.026s] Invoking command in '/home/cxz/go2_ws/build/champ_teleop': CMAKE_PREFIX_PATH=${CMAKE_PREFIX_PATH}:/opt/ros/humble /usr/bin/cmake --build /home/cxz/go2_ws/build/champ_teleop -- -j32 -l32
[0.060s] Invoked command in '/home/cxz/go2_ws/build/champ_teleop' returned '0': CMAKE_PREFIX_PATH=${CMAKE_PREFIX_PATH}:/opt/ros/humble /usr/bin/cmake --build /home/cxz/go2_ws/build/champ_teleop -- -j32 -l32
[0.062s] Invoking command in '/home/cxz/go2_ws/build/champ_teleop': CMAKE_PREFIX_PATH=${CMAKE_PREFIX_PATH}:/opt/ros/humble /usr/bin/cmake --install /home/cxz/go2_ws/build/champ_teleop
[0.092s] -- Install configuration: ""
[0.092s] -- Up-to-date: /home/cxz/go2_ws/install/champ_teleop/share/champ_teleop/launch
[0.092s] -- Up-to-date: /home/cxz/go2_ws/install/champ_teleop/share/champ_teleop/launch/teleop.launch.py
[0.092s] -- Up-to-date: /home/cxz/go2_ws/install/champ_teleop/lib/champ_teleop/champ_teleop.py
[0.092s] -- Up-to-date: /home/cxz/go2_ws/install/champ_teleop/share/ament_index/resource_index/package_run_dependencies/champ_teleop
[0.092s] -- Up-to-date: /home/cxz/go2_ws/install/champ_teleop/share/ament_index/resource_index/parent_prefix_path/champ_teleop
[0.092s] -- Up-to-date: /home/cxz/go2_ws/install/champ_teleop/share/champ_teleop/environment/ament_prefix_path.sh
[0.092s] -- Up-to-date: /home/cxz/go2_ws/install/champ_teleop/share/champ_teleop/environment/ament_prefix_path.dsv
[0.092s] -- Up-to-date: /home/cxz/go2_ws/install/champ_teleop/share/champ_teleop/environment/path.sh
[0.092s] -- Up-to-date: /home/cxz/go2_ws/install/champ_teleop/share/champ_teleop/environment/path.dsv
[0.092s] -- Up-to-date: /home/cxz/go2_ws/install/champ_teleop/share/champ_teleop/local_setup.bash
[0.092s] -- Up-to-date: /home/cxz/go2_ws/install/champ_teleop/share/champ_teleop/local_setup.sh
[0.092s] -- Up-to-date: /home/cxz/go2_ws/install/champ_teleop/share/champ_teleop/local_setup.zsh
[0.093s] -- Up-to-date: /home/cxz/go2_ws/install/champ_teleop/share/champ_teleop/local_setup.dsv
[0.093s] -- Installing: /home/cxz/go2_ws/install/champ_teleop/share/champ_teleop/package.dsv
[0.093s] -- Up-to-date: /home/cxz/go2_ws/install/champ_teleop/share/ament_index/resource_index/packages/champ_teleop
[0.093s] -- Up-to-date: /home/cxz/go2_ws/install/champ_teleop/share/champ_teleop/cmake/champ_teleopConfig.cmake
[0.093s] -- Up-to-date: /home/cxz/go2_ws/install/champ_teleop/share/champ_teleop/cmake/champ_teleopConfig-version.cmake
[0.093s] -- Up-to-date: /home/cxz/go2_ws/install/champ_teleop/share/champ_teleop/package.xml
[0.132s] Invoked command in '/home/cxz/go2_ws/build/champ_teleop' returned '0': CMAKE_PREFIX_PATH=${CMAKE_PREFIX_PATH}:/opt/ros/humble /usr/bin/cmake --install /home/cxz/go2_ws/build/champ_teleop
