[0.011s] Invoking command in '/home/cxz/go2_ws/build/champ_bringup': CMAKE_PREFIX_PATH=/home/cxz/go2_ws/install/champ_base:/home/cxz/go2_ws/install/champ_msgs:/home/cxz/go2_ws/install/champ_description:/home/cxz/go2_ws/install/champ:/home/cxz/go2_ws/install/teleop_twist_keyboard:/home/cxz/go2_ws/install/go2_description:/home/cxz/go2_ws/install/go2_config:/home/cxz/go2_ws/install/champ_teleop:/home/cxz/go2_ws/install/champ_navigation:/home/cxz/go2_ws/install/champ_bringup:/home/cxz/go2_ws/install/champ_config:/home/cxz/go2_ws/install/champ_gazebo:/home/cxz/go2_ws/install/m20_description:/home/cxz/go2_ws/install/m20_config:/home/cxz/champ_ws/install/champ_navigation:/home/cxz/champ_ws/install/champ_gazebo:/home/cxz/champ_ws/install/champ_bringup:/home/cxz/champ_ws/install/champ_base:/home/cxz/champ_ws/install/champ_msgs:/home/cxz/champ_ws/install/champ_description:/home/cxz/champ_ws/install/champ_config:/home/cxz/champ_ws/install/champ:/opt/ros/humble PATH=/home/cxz/go2_ws/install/champ_base/bin:/home/cxz/go2_ws/install/champ_gazebo/bin:/home/cxz/.nvm/versions/node/v20.20.2/bin:/home/cxz/champ_ws/install/champ_gazebo/bin:/home/cxz/champ_ws/install/champ_base/bin:/opt/ros/humble/bin:/home/cxz/miniconda3/condabin:/usr/local/sbin:/usr/local/bin:/usr/sbin:/usr/bin:/sbin:/bin:/usr/games:/usr/local/games:/snap/bin:/snap/bin /usr/bin/cmake --build /home/cxz/go2_ws/build/champ_bringup -- -j32 -l32
[0.050s] Built target ament_cmake_python_copy_champ_bringup
[0.201s] running egg_info
[0.201s] writing champ_bringup.egg-info/PKG-INFO
[0.201s] writing dependency_links to champ_bringup.egg-info/dependency_links.txt
[0.201s] writing top-level names to champ_bringup.egg-info/top_level.txt
[0.202s] reading manifest file 'champ_bringup.egg-info/SOURCES.txt'
[0.203s] writing manifest file 'champ_bringup.egg-info/SOURCES.txt'
[0.219s] Built target ament_cmake_python_build_champ_bringup_egg
[0.228s] Invoked command in '/home/cxz/go2_ws/build/champ_bringup' returned '0': CMAKE_PREFIX_PATH=/home/cxz/go2_ws/install/champ_base:/home/cxz/go2_ws/install/champ_msgs:/home/cxz/go2_ws/install/champ_description:/home/cxz/go2_ws/install/champ:/home/cxz/go2_ws/install/teleop_twist_keyboard:/home/cxz/go2_ws/install/go2_description:/home/cxz/go2_ws/install/go2_config:/home/cxz/go2_ws/install/champ_teleop:/home/cxz/go2_ws/install/champ_navigation:/home/cxz/go2_ws/install/champ_bringup:/home/cxz/go2_ws/install/champ_config:/home/cxz/go2_ws/install/champ_gazebo:/home/cxz/go2_ws/install/m20_description:/home/cxz/go2_ws/install/m20_config:/home/cxz/champ_ws/install/champ_navigation:/home/cxz/champ_ws/install/champ_gazebo:/home/cxz/champ_ws/install/champ_bringup:/home/cxz/champ_ws/install/champ_base:/home/cxz/champ_ws/install/champ_msgs:/home/cxz/champ_ws/install/champ_description:/home/cxz/champ_ws/install/champ_config:/home/cxz/champ_ws/install/champ:/opt/ros/humble PATH=/home/cxz/go2_ws/install/champ_base/bin:/home/cxz/go2_ws/install/champ_gazebo/bin:/home/cxz/.nvm/versions/node/v20.20.2/bin:/home/cxz/champ_ws/install/champ_gazebo/bin:/home/cxz/champ_ws/install/champ_base/bin:/opt/ros/humble/bin:/home/cxz/miniconda3/condabin:/usr/local/sbin:/usr/local/bin:/usr/sbin:/usr/bin:/sbin:/bin:/usr/games:/usr/local/games:/snap/bin:/snap/bin /usr/bin/cmake --build /home/cxz/go2_ws/build/champ_bringup -- -j32 -l32
[0.229s] Invoking command in '/home/cxz/go2_ws/build/champ_bringup': CMAKE_PREFIX_PATH=/home/cxz/go2_ws/install/champ_base:/home/cxz/go2_ws/install/champ_msgs:/home/cxz/go2_ws/install/champ_description:/home/cxz/go2_ws/install/champ:/home/cxz/go2_ws/install/teleop_twist_keyboard:/home/cxz/go2_ws/install/go2_description:/home/cxz/go2_ws/install/go2_config:/home/cxz/go2_ws/install/champ_teleop:/home/cxz/go2_ws/install/champ_navigation:/home/cxz/go2_ws/install/champ_bringup:/home/cxz/go2_ws/install/champ_config:/home/cxz/go2_ws/install/champ_gazebo:/home/cxz/go2_ws/install/m20_description:/home/cxz/go2_ws/install/m20_config:/home/cxz/champ_ws/install/champ_navigation:/home/cxz/champ_ws/install/champ_gazebo:/home/cxz/champ_ws/install/champ_bringup:/home/cxz/champ_ws/install/champ_base:/home/cxz/champ_ws/install/champ_msgs:/home/cxz/champ_ws/install/champ_description:/home/cxz/champ_ws/install/champ_config:/home/cxz/champ_ws/install/champ:/opt/ros/humble PATH=/home/cxz/go2_ws/install/champ_base/bin:/home/cxz/go2_ws/install/champ_gazebo/bin:/home/cxz/.nvm/versions/node/v20.20.2/bin:/home/cxz/champ_ws/install/champ_gazebo/bin:/home/cxz/champ_ws/install/champ_base/bin:/opt/ros/humble/bin:/home/cxz/miniconda3/condabin:/usr/local/sbin:/usr/local/bin:/usr/sbin:/usr/bin:/sbin:/bin:/usr/games:/usr/local/games:/snap/bin:/snap/bin /usr/bin/cmake --install /home/cxz/go2_ws/build/champ_bringup
[0.236s] -- Install configuration: ""
[0.236s] -- Up-to-date: /home/cxz/go2_ws/install/champ_bringup/share/champ_bringup/launch
[0.237s] -- Up-to-date: /home/cxz/go2_ws/install/champ_bringup/share/champ_bringup/launch/bringup.launch.py
[0.237s] -- Up-to-date: /home/cxz/go2_ws/install/champ_bringup/share/champ_bringup/launch/joints_gui.launch
[0.237s] -- Up-to-date: /home/cxz/go2_ws/install/champ_bringup/share/champ_bringup/launch/joints_gui.launch.py
[0.237s] -- Up-to-date: /home/cxz/go2_ws/install/champ_bringup/share/champ_bringup/launch/bringup.launch
[0.237s] -- Up-to-date: /home/cxz/go2_ws/install/champ_bringup/share/champ_bringup/launch/include
[0.237s] -- Up-to-date: /home/cxz/go2_ws/install/champ_bringup/share/champ_bringup/launch/include/velocity_smoother.launch
[0.237s] -- Up-to-date: /home/cxz/go2_ws/install/champ_bringup/share/champ_bringup/launch/include/laser
[0.237s] -- Up-to-date: /home/cxz/go2_ws/install/champ_bringup/share/champ_bringup/launch/include/laser/kinect.launch
[0.238s] -- Up-to-date: /home/cxz/go2_ws/install/champ_bringup/share/champ_bringup/launch/include/laser/ydlidar.launch
[0.238s] -- Up-to-date: /home/cxz/go2_ws/install/champ_bringup/share/champ_bringup/launch/include/laser/realsense.launch
[0.238s] -- Up-to-date: /home/cxz/go2_ws/install/champ_bringup/share/champ_bringup/launch/include/laser/sweep.launch
[0.238s] -- Up-to-date: /home/cxz/go2_ws/install/champ_bringup/share/champ_bringup/launch/include/laser/lms1xx.launch
[0.238s] -- Up-to-date: /home/cxz/go2_ws/install/champ_bringup/share/champ_bringup/launch/include/laser/xv11.launch
[0.238s] -- Up-to-date: /home/cxz/go2_ws/install/champ_bringup/share/champ_bringup/launch/include/laser/d435.launch
[0.238s] -- Up-to-date: /home/cxz/go2_ws/install/champ_bringup/share/champ_bringup/launch/include/laser/rplidar.launch
[0.238s] -- Up-to-date: /home/cxz/go2_ws/install/champ_bringup/share/champ_bringup/launch/include/laser/sim.launch
[0.239s] -- Up-to-date: /home/cxz/go2_ws/install/champ_bringup/share/champ_bringup/launch/include/laser/hokuyo.launch
[0.239s] -- Up-to-date: /home/cxz/go2_ws/install/champ_bringup/share/champ_bringup/environment/pythonpath.sh
[0.239s] -- Up-to-date: /home/cxz/go2_ws/install/champ_bringup/share/champ_bringup/environment/pythonpath.dsv
[0.239s] -- Up-to-date: /home/cxz/go2_ws/install/champ_bringup/local/lib/python3.10/dist-packages/champ_bringup-0.1.0-py3.10.egg-info
[0.239s] -- Installing: /home/cxz/go2_ws/install/champ_bringup/local/lib/python3.10/dist-packages/champ_bringup-0.1.0-py3.10.egg-info/SOURCES.txt
[0.239s] -- Installing: /home/cxz/go2_ws/install/champ_bringup/local/lib/python3.10/dist-packages/champ_bringup-0.1.0-py3.10.egg-info/PKG-INFO
[0.239s] -- Installing: /home/cxz/go2_ws/install/champ_bringup/local/lib/python3.10/dist-packages/champ_bringup-0.1.0-py3.10.egg-info/dependency_links.txt
[0.240s] -- Installing: /home/cxz/go2_ws/install/champ_bringup/local/lib/python3.10/dist-packages/champ_bringup-0.1.0-py3.10.egg-info/top_level.txt
[0.240s] -- Up-to-date: /home/cxz/go2_ws/install/champ_bringup/local/lib/python3.10/dist-packages/champ_bringup
[0.240s] -- Up-to-date: /home/cxz/go2_ws/install/champ_bringup/local/lib/python3.10/dist-packages/champ_bringup/__init__.py
[0.240s] -- Up-to-date: /home/cxz/go2_ws/install/champ_bringup/local/lib/python3.10/dist-packages/champ_bringup/joint_calibrator_relay.py
[0.269s] Listing '/home/cxz/go2_ws/install/champ_bringup/local/lib/python3.10/dist-packages/champ_bringup'...
[0.271s] -- Up-to-date: /home/cxz/go2_ws/install/champ_bringup/lib/champ_bringup/joint_calibrator_relay.py
[0.272s] -- Up-to-date: /home/cxz/go2_ws/install/champ_bringup/share/ament_index/resource_index/package_run_dependencies/champ_bringup
[0.272s] -- Up-to-date: /home/cxz/go2_ws/install/champ_bringup/share/ament_index/resource_index/parent_prefix_path/champ_bringup
[0.272s] -- Up-to-date: /home/cxz/go2_ws/install/champ_bringup/share/champ_bringup/environment/ament_prefix_path.sh
[0.272s] -- Up-to-date: /home/cxz/go2_ws/install/champ_bringup/share/champ_bringup/environment/ament_prefix_path.dsv
[0.272s] -- Up-to-date: /home/cxz/go2_ws/install/champ_bringup/share/champ_bringup/environment/path.sh
[0.272s] -- Up-to-date: /home/cxz/go2_ws/install/champ_bringup/share/champ_bringup/environment/path.dsv
[0.272s] -- Up-to-date: /home/cxz/go2_ws/install/champ_bringup/share/champ_bringup/local_setup.bash
[0.272s] -- Up-to-date: /home/cxz/go2_ws/install/champ_bringup/share/champ_bringup/local_setup.sh
[0.272s] -- Up-to-date: /home/cxz/go2_ws/install/champ_bringup/share/champ_bringup/local_setup.zsh
[0.272s] -- Up-to-date: /home/cxz/go2_ws/install/champ_bringup/share/champ_bringup/local_setup.dsv
[0.272s] -- Installing: /home/cxz/go2_ws/install/champ_bringup/share/champ_bringup/package.dsv
[0.272s] -- Up-to-date: /home/cxz/go2_ws/install/champ_bringup/share/ament_index/resource_index/packages/champ_bringup
[0.272s] -- Up-to-date: /home/cxz/go2_ws/install/champ_bringup/share/champ_bringup/cmake/champ_bringupConfig.cmake
[0.272s] -- Up-to-date: /home/cxz/go2_ws/install/champ_bringup/share/champ_bringup/cmake/champ_bringupConfig-version.cmake
[0.273s] -- Up-to-date: /home/cxz/go2_ws/install/champ_bringup/share/champ_bringup/package.xml
[0.273s] Invoked command in '/home/cxz/go2_ws/build/champ_bringup' returned '0': CMAKE_PREFIX_PATH=/home/cxz/go2_ws/install/champ_base:/home/cxz/go2_ws/install/champ_msgs:/home/cxz/go2_ws/install/champ_description:/home/cxz/go2_ws/install/champ:/home/cxz/go2_ws/install/teleop_twist_keyboard:/home/cxz/go2_ws/install/go2_description:/home/cxz/go2_ws/install/go2_config:/home/cxz/go2_ws/install/champ_teleop:/home/cxz/go2_ws/install/champ_navigation:/home/cxz/go2_ws/install/champ_bringup:/home/cxz/go2_ws/install/champ_config:/home/cxz/go2_ws/install/champ_gazebo:/home/cxz/go2_ws/install/m20_description:/home/cxz/go2_ws/install/m20_config:/home/cxz/champ_ws/install/champ_navigation:/home/cxz/champ_ws/install/champ_gazebo:/home/cxz/champ_ws/install/champ_bringup:/home/cxz/champ_ws/install/champ_base:/home/cxz/champ_ws/install/champ_msgs:/home/cxz/champ_ws/install/champ_description:/home/cxz/champ_ws/install/champ_config:/home/cxz/champ_ws/install/champ:/opt/ros/humble PATH=/home/cxz/go2_ws/install/champ_base/bin:/home/cxz/go2_ws/install/champ_gazebo/bin:/home/cxz/.nvm/versions/node/v20.20.2/bin:/home/cxz/champ_ws/install/champ_gazebo/bin:/home/cxz/champ_ws/install/champ_base/bin:/opt/ros/humble/bin:/home/cxz/miniconda3/condabin:/usr/local/sbin:/usr/local/bin:/usr/sbin:/usr/bin:/sbin:/bin:/usr/games:/usr/local/games:/snap/bin:/snap/bin /usr/bin/cmake --install /home/cxz/go2_ws/build/champ_bringup
