-- Install configuration: ""
-- Up-to-date: /home/cxz/go2_ws/install/champ_navigation/share/champ_navigation/launch
-- Up-to-date: /home/cxz/go2_ws/install/champ_navigation/share/champ_navigation/launch/navigate.launch.py
-- Up-to-date: /home/cxz/go2_ws/install/champ_navigation/share/champ_navigation/launch/slam.launch.py
-- Up-to-date: /home/cxz/go2_ws/install/champ_navigation/share/champ_navigation/rviz
-- Up-to-date: /home/cxz/go2_ws/install/champ_navigation/share/champ_navigation/rviz/navigation_minimal.rviz
-- Up-to-date: /home/cxz/go2_ws/install/champ_navigation/share/champ_navigation/rviz/navigation.rviz
-- Up-to-date: /home/cxz/go2_ws/install/champ_navigation/share/champ_navigation/rviz/slam.rviz
-- Up-to-date: /home/cxz/go2_ws/install/champ_navigation/share/ament_index/resource_index/package_run_dependencies/champ_navigation
-- Up-to-date: /home/cxz/go2_ws/install/champ_navigation/share/ament_index/resource_index/parent_prefix_path/champ_navigation
-- Up-to-date: /home/cxz/go2_ws/install/champ_navigation/share/champ_navigation/environment/ament_prefix_path.sh
-- Up-to-date: /home/cxz/go2_ws/install/champ_navigation/share/champ_navigation/environment/ament_prefix_path.dsv
-- Up-to-date: /home/cxz/go2_ws/install/champ_navigation/share/champ_navigation/environment/path.sh
-- Up-to-date: /home/cxz/go2_ws/install/champ_navigation/share/champ_navigation/environment/path.dsv
-- Up-to-date: /home/cxz/go2_ws/install/champ_navigation/share/champ_navigation/local_setup.bash
-- Up-to-date: /home/cxz/go2_ws/install/champ_navigation/share/champ_navigation/local_setup.sh
-- Up-to-date: /home/cxz/go2_ws/install/champ_navigation/share/champ_navigation/local_setup.zsh
-- Up-to-date: /home/cxz/go2_ws/install/champ_navigation/share/champ_navigation/local_setup.dsv
-- Installing: /home/cxz/go2_ws/install/champ_navigation/share/champ_navigation/package.dsv
-- Up-to-date: /home/cxz/go2_ws/install/champ_navigation/share/ament_index/resource_index/packages/champ_navigation
-- Up-to-date: /home/cxz/go2_ws/install/champ_navigation/share/champ_navigation/cmake/champ_navigationConfig.cmake
-- Up-to-date: /home/cxz/go2_ws/install/champ_navigation/share/champ_navigation/cmake/champ_navigationConfig-version.cmake
-- Up-to-date: /home/cxz/go2_ws/install/champ_navigation/share/champ_navigation/package.xml
