[0.013s] Invoking command in '/home/cxz/go2_ws/build/champ_gazebo': CMAKE_PREFIX_PATH=/home/cxz/go2_ws/install/champ_msgs:/home/cxz/go2_ws/install/champ:/home/cxz/go2_ws/install/teleop_twist_keyboard:/home/cxz/go2_ws/install/go2_description:/home/cxz/go2_ws/install/go2_config:/home/cxz/go2_ws/install/champ_teleop:/home/cxz/go2_ws/install/champ_navigation:/home/cxz/go2_ws/install/champ_bringup:/home/cxz/go2_ws/install/champ_base:/home/cxz/go2_ws/install/champ_description:/home/cxz/go2_ws/install/champ_config:/home/cxz/go2_ws/install/champ_gazebo:/home/cxz/go2_ws/install/m20_description:/home/cxz/go2_ws/install/m20_config:/home/cxz/champ_ws/install/champ_navigation:/home/cxz/champ_ws/install/champ_gazebo:/home/cxz/champ_ws/install/champ_bringup:/home/cxz/champ_ws/install/champ_base:/home/cxz/champ_ws/install/champ_msgs:/home/cxz/champ_ws/install/champ_description:/home/cxz/champ_ws/install/champ_config:/home/cxz/champ_ws/install/champ:/opt/ros/humble LD_LIBRARY_PATH=/home/cxz/go2_ws/install/champ_msgs/lib:/home/cxz/go2_ws/install/champ_base/lib:/home/cxz/champ_ws/install/champ_base/lib:/home/cxz/champ_ws/install/champ_msgs/lib:/usr/lib/x86_64-linux-gnu/gazebo-11/plugins:/opt/ros/humble/opt/rviz_ogre_vendor/lib:/opt/ros/humble/lib/x86_64-linux-gnu:/opt/ros/humble/lib /usr/bin/cmake --build /home/cxz/go2_ws/build/champ_gazebo -- -j32 -l32
[0.073s] [100%] Built target contact_sensor
[0.081s] Invoked command in '/home/cxz/go2_ws/build/champ_gazebo' returned '0': CMAKE_PREFIX_PATH=/home/cxz/go2_ws/install/champ_msgs:/home/cxz/go2_ws/install/champ:/home/cxz/go2_ws/install/teleop_twist_keyboard:/home/cxz/go2_ws/install/go2_description:/home/cxz/go2_ws/install/go2_config:/home/cxz/go2_ws/install/champ_teleop:/home/cxz/go2_ws/install/champ_navigation:/home/cxz/go2_ws/install/champ_bringup:/home/cxz/go2_ws/install/champ_base:/home/cxz/go2_ws/install/champ_description:/home/cxz/go2_ws/install/champ_config:/home/cxz/go2_ws/install/champ_gazebo:/home/cxz/go2_ws/install/m20_description:/home/cxz/go2_ws/install/m20_config:/home/cxz/champ_ws/install/champ_navigation:/home/cxz/champ_ws/install/champ_gazebo:/home/cxz/champ_ws/install/champ_bringup:/home/cxz/champ_ws/install/champ_base:/home/cxz/champ_ws/install/champ_msgs:/home/cxz/champ_ws/install/champ_description:/home/cxz/champ_ws/install/champ_config:/home/cxz/champ_ws/install/champ:/opt/ros/humble LD_LIBRARY_PATH=/home/cxz/go2_ws/install/champ_msgs/lib:/home/cxz/go2_ws/install/champ_base/lib:/home/cxz/champ_ws/install/champ_base/lib:/home/cxz/champ_ws/install/champ_msgs/lib:/usr/lib/x86_64-linux-gnu/gazebo-11/plugins:/opt/ros/humble/opt/rviz_ogre_vendor/lib:/opt/ros/humble/lib/x86_64-linux-gnu:/opt/ros/humble/lib /usr/bin/cmake --build /home/cxz/go2_ws/build/champ_gazebo -- -j32 -l32
[0.082s] Invoking command in '/home/cxz/go2_ws/build/champ_gazebo': CMAKE_PREFIX_PATH=/home/cxz/go2_ws/install/champ_msgs:/home/cxz/go2_ws/install/champ:/home/cxz/go2_ws/install/teleop_twist_keyboard:/home/cxz/go2_ws/install/go2_description:/home/cxz/go2_ws/install/go2_config:/home/cxz/go2_ws/install/champ_teleop:/home/cxz/go2_ws/install/champ_navigation:/home/cxz/go2_ws/install/champ_bringup:/home/cxz/go2_ws/install/champ_base:/home/cxz/go2_ws/install/champ_description:/home/cxz/go2_ws/install/champ_config:/home/cxz/go2_ws/install/champ_gazebo:/home/cxz/go2_ws/install/m20_description:/home/cxz/go2_ws/install/m20_config:/home/cxz/champ_ws/install/champ_navigation:/home/cxz/champ_ws/install/champ_gazebo:/home/cxz/champ_ws/install/champ_bringup:/home/cxz/champ_ws/install/champ_base:/home/cxz/champ_ws/install/champ_msgs:/home/cxz/champ_ws/install/champ_description:/home/cxz/champ_ws/install/champ_config:/home/cxz/champ_ws/install/champ:/opt/ros/humble LD_LIBRARY_PATH=/home/cxz/go2_ws/install/champ_msgs/lib:/home/cxz/go2_ws/install/champ_base/lib:/home/cxz/champ_ws/install/champ_base/lib:/home/cxz/champ_ws/install/champ_msgs/lib:/usr/lib/x86_64-linux-gnu/gazebo-11/plugins:/opt/ros/humble/opt/rviz_ogre_vendor/lib:/opt/ros/humble/lib/x86_64-linux-gnu:/opt/ros/humble/lib /usr/bin/cmake --install /home/cxz/go2_ws/build/champ_gazebo
[0.086s] -- Install configuration: ""
[0.086s] -- Up-to-date: /home/cxz/go2_ws/install/champ_gazebo/bin/imu_sensor.py
[0.086s] -- Up-to-date: /home/cxz/go2_ws/install/champ_gazebo/bin/odometry_tf.py
[0.086s] -- Up-to-date: /home/cxz/go2_ws/install/champ_gazebo/bin/odometry.py
[0.087s] -- Up-to-date: /home/cxz/go2_ws/install/champ_gazebo/lib/champ_gazebo/contact_sensor
[0.087s] -- Up-to-date: /home/cxz/go2_ws/install/champ_gazebo/share/champ_gazebo/launch
[0.087s] -- Up-to-date: /home/cxz/go2_ws/install/champ_gazebo/share/champ_gazebo/launch/gazebo.launch
[0.087s] -- Up-to-date: /home/cxz/go2_ws/install/champ_gazebo/share/champ_gazebo/launch/spawn_robot.launch
[0.087s] -- Up-to-date: /home/cxz/go2_ws/install/champ_gazebo/share/champ_gazebo/launch/gazebo.launch.py
[0.087s] -- Up-to-date: /home/cxz/go2_ws/install/champ_gazebo/share/champ_gazebo/launch/spawn_world.launch
[0.087s] -- Up-to-date: /home/cxz/go2_ws/install/champ_gazebo/share/champ_gazebo/config
[0.087s] -- Up-to-date: /home/cxz/go2_ws/install/champ_gazebo/share/champ_gazebo/config/gazebo.yaml
[0.087s] -- Up-to-date: /home/cxz/go2_ws/install/champ_gazebo/share/champ_gazebo/config/ros_control.yaml
[0.087s] -- Up-to-date: /home/cxz/go2_ws/install/champ_gazebo/share/champ_gazebo/worlds
[0.087s] -- Up-to-date: /home/cxz/go2_ws/install/champ_gazebo/share/champ_gazebo/worlds/outdoor.world
[0.087s] -- Up-to-date: /home/cxz/go2_ws/install/champ_gazebo/share/champ_gazebo/worlds/default.world
[0.087s] -- Up-to-date: /home/cxz/go2_ws/install/champ_gazebo/share/champ_gazebo/worlds/playground.world
[0.087s] -- Up-to-date: /home/cxz/go2_ws/install/champ_gazebo/share/ament_index/resource_index/package_run_dependencies/champ_gazebo
[0.087s] -- Up-to-date: /home/cxz/go2_ws/install/champ_gazebo/share/ament_index/resource_index/parent_prefix_path/champ_gazebo
[0.087s] -- Up-to-date: /home/cxz/go2_ws/install/champ_gazebo/share/champ_gazebo/environment/ament_prefix_path.sh
[0.087s] -- Up-to-date: /home/cxz/go2_ws/install/champ_gazebo/share/champ_gazebo/environment/ament_prefix_path.dsv
[0.087s] -- Up-to-date: /home/cxz/go2_ws/install/champ_gazebo/share/champ_gazebo/environment/path.sh
[0.087s] -- Up-to-date: /home/cxz/go2_ws/install/champ_gazebo/share/champ_gazebo/environment/path.dsv
[0.087s] -- Up-to-date: /home/cxz/go2_ws/install/champ_gazebo/share/champ_gazebo/local_setup.bash
[0.087s] -- Up-to-date: /home/cxz/go2_ws/install/champ_gazebo/share/champ_gazebo/local_setup.sh
[0.087s] -- Up-to-date: /home/cxz/go2_ws/install/champ_gazebo/share/champ_gazebo/local_setup.zsh
[0.087s] -- Up-to-date: /home/cxz/go2_ws/install/champ_gazebo/share/champ_gazebo/local_setup.dsv
[0.087s] -- Installing: /home/cxz/go2_ws/install/champ_gazebo/share/champ_gazebo/package.dsv
[0.087s] -- Up-to-date: /home/cxz/go2_ws/install/champ_gazebo/share/ament_index/resource_index/packages/champ_gazebo
[0.088s] -- Up-to-date: /home/cxz/go2_ws/install/champ_gazebo/share/champ_gazebo/cmake/ament_cmake_export_include_directories-extras.cmake
[0.088s] -- Up-to-date: /home/cxz/go2_ws/install/champ_gazebo/share/champ_gazebo/cmake/ament_cmake_export_dependencies-extras.cmake
[0.088s] -- Up-to-date: /home/cxz/go2_ws/install/champ_gazebo/share/champ_gazebo/cmake/champ_gazeboConfig.cmake
[0.088s] -- Up-to-date: /home/cxz/go2_ws/install/champ_gazebo/share/champ_gazebo/cmake/champ_gazeboConfig-version.cmake
[0.088s] -- Up-to-date: /home/cxz/go2_ws/install/champ_gazebo/share/champ_gazebo/package.xml
[0.089s] Invoked command in '/home/cxz/go2_ws/build/champ_gazebo' returned '0': CMAKE_PREFIX_PATH=/home/cxz/go2_ws/install/champ_msgs:/home/cxz/go2_ws/install/champ:/home/cxz/go2_ws/install/teleop_twist_keyboard:/home/cxz/go2_ws/install/go2_description:/home/cxz/go2_ws/install/go2_config:/home/cxz/go2_ws/install/champ_teleop:/home/cxz/go2_ws/install/champ_navigation:/home/cxz/go2_ws/install/champ_bringup:/home/cxz/go2_ws/install/champ_base:/home/cxz/go2_ws/install/champ_description:/home/cxz/go2_ws/install/champ_config:/home/cxz/go2_ws/install/champ_gazebo:/home/cxz/go2_ws/install/m20_description:/home/cxz/go2_ws/install/m20_config:/home/cxz/champ_ws/install/champ_navigation:/home/cxz/champ_ws/install/champ_gazebo:/home/cxz/champ_ws/install/champ_bringup:/home/cxz/champ_ws/install/champ_base:/home/cxz/champ_ws/install/champ_msgs:/home/cxz/champ_ws/install/champ_description:/home/cxz/champ_ws/install/champ_config:/home/cxz/champ_ws/install/champ:/opt/ros/humble LD_LIBRARY_PATH=/home/cxz/go2_ws/install/champ_msgs/lib:/home/cxz/go2_ws/install/champ_base/lib:/home/cxz/champ_ws/install/champ_base/lib:/home/cxz/champ_ws/install/champ_msgs/lib:/usr/lib/x86_64-linux-gnu/gazebo-11/plugins:/opt/ros/humble/opt/rviz_ogre_vendor/lib:/opt/ros/humble/lib/x86_64-linux-gnu:/opt/ros/humble/lib /usr/bin/cmake --install /home/cxz/go2_ws/build/champ_gazebo
