[0.015s] Invoking command in '/home/cxz/go2_ws/build/champ_base': CMAKE_PREFIX_PATH=/home/cxz/go2_ws/install/champ_msgs:/home/cxz/go2_ws/install/champ:/home/cxz/go2_ws/install/teleop_twist_keyboard:/home/cxz/go2_ws/install/go2_description:/home/cxz/go2_ws/install/go2_config:/home/cxz/go2_ws/install/champ_teleop:/home/cxz/go2_ws/install/champ_navigation:/home/cxz/go2_ws/install/champ_bringup:/home/cxz/go2_ws/install/champ_base:/home/cxz/go2_ws/install/champ_description:/home/cxz/go2_ws/install/champ_config:/home/cxz/go2_ws/install/champ_gazebo:/home/cxz/go2_ws/install/m20_description:/home/cxz/go2_ws/install/m20_config:/home/cxz/champ_ws/install/champ_navigation:/home/cxz/champ_ws/install/champ_gazebo:/home/cxz/champ_ws/install/champ_bringup:/home/cxz/champ_ws/install/champ_base:/home/cxz/champ_ws/install/champ_msgs:/home/cxz/champ_ws/install/champ_description:/home/cxz/champ_ws/install/champ_config:/home/cxz/champ_ws/install/champ:/opt/ros/humble LD_LIBRARY_PATH=/home/cxz/go2_ws/install/champ_msgs/lib:/home/cxz/go2_ws/install/champ_base/lib:/home/cxz/champ_ws/install/champ_base/lib:/home/cxz/champ_ws/install/champ_msgs/lib:/usr/lib/x86_64-linux-gnu/gazebo-11/plugins:/opt/ros/humble/opt/rviz_ogre_vendor/lib:/opt/ros/humble/lib/x86_64-linux-gnu:/opt/ros/humble/lib /usr/bin/cmake --build /home/cxz/go2_ws/build/champ_base -- -j32 -l32
[0.043s] [35m[1mConsolidate compiler generated dependencies of target quadruped_controller[0m
[0.044s] [35m[1mConsolidate compiler generated dependencies of target message_relay[0m
[0.044s] [35m[1mConsolidate compiler generated dependencies of target state_estimation[0m
[0.056s] [ 16%] Built target state_estimation
[0.057s] [ 33%] Built target quadruped_controller
[0.057s] [ 50%] Built target message_relay
[0.064s] [35m[1mConsolidate compiler generated dependencies of target state_estimation_node[0m
[0.065s] [35m[1mConsolidate compiler generated dependencies of target quadruped_controller_node[0m
[0.065s] [35m[1mConsolidate compiler generated dependencies of target message_relay_node[0m
[0.075s] [ 66%] Built target state_estimation_node
[0.077s] [ 83%] Built target message_relay_node
[0.078s] [100%] Built target quadruped_controller_node
[0.085s] Invoked command in '/home/cxz/go2_ws/build/champ_base' returned '0': CMAKE_PREFIX_PATH=/home/cxz/go2_ws/install/champ_msgs:/home/cxz/go2_ws/install/champ:/home/cxz/go2_ws/install/teleop_twist_keyboard:/home/cxz/go2_ws/install/go2_description:/home/cxz/go2_ws/install/go2_config:/home/cxz/go2_ws/install/champ_teleop:/home/cxz/go2_ws/install/champ_navigation:/home/cxz/go2_ws/install/champ_bringup:/home/cxz/go2_ws/install/champ_base:/home/cxz/go2_ws/install/champ_description:/home/cxz/go2_ws/install/champ_config:/home/cxz/go2_ws/install/champ_gazebo:/home/cxz/go2_ws/install/m20_description:/home/cxz/go2_ws/install/m20_config:/home/cxz/champ_ws/install/champ_navigation:/home/cxz/champ_ws/install/champ_gazebo:/home/cxz/champ_ws/install/champ_bringup:/home/cxz/champ_ws/install/champ_base:/home/cxz/champ_ws/install/champ_msgs:/home/cxz/champ_ws/install/champ_description:/home/cxz/champ_ws/install/champ_config:/home/cxz/champ_ws/install/champ:/opt/ros/humble LD_LIBRARY_PATH=/home/cxz/go2_ws/install/champ_msgs/lib:/home/cxz/go2_ws/install/champ_base/lib:/home/cxz/champ_ws/install/champ_base/lib:/home/cxz/champ_ws/install/champ_msgs/lib:/usr/lib/x86_64-linux-gnu/gazebo-11/plugins:/opt/ros/humble/opt/rviz_ogre_vendor/lib:/opt/ros/humble/lib/x86_64-linux-gnu:/opt/ros/humble/lib /usr/bin/cmake --build /home/cxz/go2_ws/build/champ_base -- -j32 -l32
[0.086s] Invoking command in '/home/cxz/go2_ws/build/champ_base': CMAKE_PREFIX_PATH=/home/cxz/go2_ws/install/champ_msgs:/home/cxz/go2_ws/install/champ:/home/cxz/go2_ws/install/teleop_twist_keyboard:/home/cxz/go2_ws/install/go2_description:/home/cxz/go2_ws/install/go2_config:/home/cxz/go2_ws/install/champ_teleop:/home/cxz/go2_ws/install/champ_navigation:/home/cxz/go2_ws/install/champ_bringup:/home/cxz/go2_ws/install/champ_base:/home/cxz/go2_ws/install/champ_description:/home/cxz/go2_ws/install/champ_config:/home/cxz/go2_ws/install/champ_gazebo:/home/cxz/go2_ws/install/m20_description:/home/cxz/go2_ws/install/m20_config:/home/cxz/champ_ws/install/champ_navigation:/home/cxz/champ_ws/install/champ_gazebo:/home/cxz/champ_ws/install/champ_bringup:/home/cxz/champ_ws/install/champ_base:/home/cxz/champ_ws/install/champ_msgs:/home/cxz/champ_ws/install/champ_description:/home/cxz/champ_ws/install/champ_config:/home/cxz/champ_ws/install/champ:/opt/ros/humble LD_LIBRARY_PATH=/home/cxz/go2_ws/install/champ_msgs/lib:/home/cxz/go2_ws/install/champ_base/lib:/home/cxz/champ_ws/install/champ_base/lib:/home/cxz/champ_ws/install/champ_msgs/lib:/usr/lib/x86_64-linux-gnu/gazebo-11/plugins:/opt/ros/humble/opt/rviz_ogre_vendor/lib:/opt/ros/humble/lib/x86_64-linux-gnu:/opt/ros/humble/lib /usr/bin/cmake --install /home/cxz/go2_ws/build/champ_base
[0.091s] -- Install configuration: ""
[0.091s] -- Up-to-date: /home/cxz/go2_ws/install/champ_base/share/champ_base/config
[0.091s] -- Up-to-date: /home/cxz/go2_ws/install/champ_base/share/champ_base/config/ekf
[0.091s] -- Up-to-date: /home/cxz/go2_ws/install/champ_base/share/champ_base/config/ekf/base_to_footprint.yaml
[0.091s] -- Up-to-date: /home/cxz/go2_ws/install/champ_base/share/champ_base/config/ekf/footprint_to_odom.yaml
[0.091s] -- Up-to-date: /home/cxz/go2_ws/install/champ_base/share/champ_base/config/velocity_smoother
[0.091s] -- Up-to-date: /home/cxz/go2_ws/install/champ_base/share/champ_base/config/velocity_smoother/velocity_smoother.yaml
[0.091s] -- Up-to-date: /home/cxz/go2_ws/install/champ_base/lib/libquadruped_controller.so
[0.091s] -- Up-to-date: /home/cxz/go2_ws/install/champ_base/bin/quadruped_controller_node
[0.091s] -- Up-to-date: /home/cxz/go2_ws/install/champ_base/lib/libmessage_relay.so
[0.092s] -- Up-to-date: /home/cxz/go2_ws/install/champ_base/bin/message_relay_node
[0.092s] -- Up-to-date: /home/cxz/go2_ws/install/champ_base/lib/libstate_estimation.so
[0.092s] -- Up-to-date: /home/cxz/go2_ws/install/champ_base/bin/state_estimation_node
[0.092s] -- Up-to-date: /home/cxz/go2_ws/install/champ_base/lib/champ_base/quadruped_controller_node
[0.092s] -- Up-to-date: /home/cxz/go2_ws/install/champ_base/lib/champ_base/message_relay_node
[0.092s] -- Up-to-date: /home/cxz/go2_ws/install/champ_base/lib/champ_base/state_estimation_node
[0.092s] -- Up-to-date: /home/cxz/go2_ws/install/champ_base/share/ament_index/resource_index/package_run_dependencies/champ_base
[0.092s] -- Up-to-date: /home/cxz/go2_ws/install/champ_base/share/ament_index/resource_index/parent_prefix_path/champ_base
[0.093s] -- Up-to-date: /home/cxz/go2_ws/install/champ_base/share/champ_base/environment/ament_prefix_path.sh
[0.093s] -- Up-to-date: /home/cxz/go2_ws/install/champ_base/share/champ_base/environment/ament_prefix_path.dsv
[0.093s] -- Up-to-date: /home/cxz/go2_ws/install/champ_base/share/champ_base/environment/path.sh
[0.093s] -- Up-to-date: /home/cxz/go2_ws/install/champ_base/share/champ_base/environment/path.dsv
[0.093s] -- Up-to-date: /home/cxz/go2_ws/install/champ_base/share/champ_base/local_setup.bash
[0.093s] -- Up-to-date: /home/cxz/go2_ws/install/champ_base/share/champ_base/local_setup.sh
[0.093s] -- Up-to-date: /home/cxz/go2_ws/install/champ_base/share/champ_base/local_setup.zsh
[0.093s] -- Up-to-date: /home/cxz/go2_ws/install/champ_base/share/champ_base/local_setup.dsv
[0.093s] -- Installing: /home/cxz/go2_ws/install/champ_base/share/champ_base/package.dsv
[0.093s] -- Up-to-date: /home/cxz/go2_ws/install/champ_base/share/ament_index/resource_index/packages/champ_base
[0.093s] -- Up-to-date: /home/cxz/go2_ws/install/champ_base/share/champ_base/cmake/ament_cmake_export_include_directories-extras.cmake
[0.093s] -- Up-to-date: /home/cxz/go2_ws/install/champ_base/share/champ_base/cmake/ament_cmake_export_dependencies-extras.cmake
[0.093s] -- Up-to-date: /home/cxz/go2_ws/install/champ_base/share/champ_base/cmake/champ_baseConfig.cmake
[0.093s] -- Up-to-date: /home/cxz/go2_ws/install/champ_base/share/champ_base/cmake/champ_baseConfig-version.cmake
[0.093s] -- Up-to-date: /home/cxz/go2_ws/install/champ_base/share/champ_base/package.xml
[0.095s] Invoked command in '/home/cxz/go2_ws/build/champ_base' returned '0': CMAKE_PREFIX_PATH=/home/cxz/go2_ws/install/champ_msgs:/home/cxz/go2_ws/install/champ:/home/cxz/go2_ws/install/teleop_twist_keyboard:/home/cxz/go2_ws/install/go2_description:/home/cxz/go2_ws/install/go2_config:/home/cxz/go2_ws/install/champ_teleop:/home/cxz/go2_ws/install/champ_navigation:/home/cxz/go2_ws/install/champ_bringup:/home/cxz/go2_ws/install/champ_base:/home/cxz/go2_ws/install/champ_description:/home/cxz/go2_ws/install/champ_config:/home/cxz/go2_ws/install/champ_gazebo:/home/cxz/go2_ws/install/m20_description:/home/cxz/go2_ws/install/m20_config:/home/cxz/champ_ws/install/champ_navigation:/home/cxz/champ_ws/install/champ_gazebo:/home/cxz/champ_ws/install/champ_bringup:/home/cxz/champ_ws/install/champ_base:/home/cxz/champ_ws/install/champ_msgs:/home/cxz/champ_ws/install/champ_description:/home/cxz/champ_ws/install/champ_config:/home/cxz/champ_ws/install/champ:/opt/ros/humble LD_LIBRARY_PATH=/home/cxz/go2_ws/install/champ_msgs/lib:/home/cxz/go2_ws/install/champ_base/lib:/home/cxz/champ_ws/install/champ_base/lib:/home/cxz/champ_ws/install/champ_msgs/lib:/usr/lib/x86_64-linux-gnu/gazebo-11/plugins:/opt/ros/humble/opt/rviz_ogre_vendor/lib:/opt/ros/humble/lib/x86_64-linux-gnu:/opt/ros/humble/lib /usr/bin/cmake --install /home/cxz/go2_ws/build/champ_base
